Component: ARM Compiler 5.06 update 5 (build 528) Tool: armlink [4d35e2]

==============================================================================

Section Cross References

    startup_stm32f103xb.o(STACK) refers (Special) to heapauxi.o(.text) for __use_two_region_memory
    startup_stm32f103xb.o(HEAP) refers (Special) to heapauxi.o(.text) for __use_two_region_memory
    startup_stm32f103xb.o(RESET) refers (Special) to heapauxi.o(.text) for __use_two_region_memory
    startup_stm32f103xb.o(RESET) refers to startup_stm32f103xb.o(STACK) for __initial_sp
    startup_stm32f103xb.o(RESET) refers to startup_stm32f103xb.o(.text) for Reset_Handler
    startup_stm32f103xb.o(RESET) refers to stm32f1xx_it.o(i.NMI_Handler) for NMI_Handler
    startup_stm32f103xb.o(RESET) refers to stm32f1xx_it.o(i.HardFault_Handler) for HardFault_Handler
    startup_stm32f103xb.o(RESET) refers to stm32f1xx_it.o(i.MemManage_Handler) for MemManage_Handler
    startup_stm32f103xb.o(RESET) refers to stm32f1xx_it.o(i.BusFault_Handler) for BusFault_Handler
    startup_stm32f103xb.o(RESET) refers to stm32f1xx_it.o(i.UsageFault_Handler) for UsageFault_Handler
    startup_stm32f103xb.o(RESET) refers to stm32f1xx_it.o(i.SVC_Handler) for SVC_Handler
    startup_stm32f103xb.o(RESET) refers to stm32f1xx_it.o(i.DebugMon_Handler) for DebugMon_Handler
    startup_stm32f103xb.o(RESET) refers to stm32f1xx_it.o(i.PendSV_Handler) for PendSV_Handler
    startup_stm32f103xb.o(RESET) refers to stm32f1xx_it.o(i.SysTick_Handler) for SysTick_Handler
    startup_stm32f103xb.o(RESET) refers to stm32f1xx_it.o(i.TIM2_IRQHandler) for TIM2_IRQHandler
    startup_stm32f103xb.o(.text) refers (Special) to heapauxi.o(.text) for __use_two_region_memory
    startup_stm32f103xb.o(.text) refers to system_stm32f1xx.o(i.SystemInit) for SystemInit
    startup_stm32f103xb.o(.text) refers to __main.o(!!!main) for __main
    startup_stm32f103xb.o(.text) refers to startup_stm32f103xb.o(HEAP) for Heap_Mem
    startup_stm32f103xb.o(.text) refers to startup_stm32f103xb.o(STACK) for Stack_Mem
    oled.o(i.I2C_ReceiveAck) refers to stm32f1xx_hal_gpio.o(i.HAL_GPIO_WritePin) for HAL_GPIO_WritePin
    oled.o(i.I2C_ReceiveAck) refers to stm32f1xx_hal_gpio.o(i.HAL_GPIO_ReadPin) for HAL_GPIO_ReadPin
    oled.o(i.I2C_SendByte) refers to stm32f1xx_hal_gpio.o(i.HAL_GPIO_WritePin) for HAL_GPIO_WritePin
    oled.o(i.I2C_Start) refers to stm32f1xx_hal_gpio.o(i.HAL_GPIO_WritePin) for HAL_GPIO_WritePin
    oled.o(i.I2C_Stop) refers to stm32f1xx_hal_gpio.o(i.HAL_GPIO_WritePin) for HAL_GPIO_WritePin
    oled.o(i.OLED_Clear) refers to oled.o(.bss) for .bss
    oled.o(i.OLED_ClearArea) refers to oled.o(.bss) for .bss
    oled.o(i.OLED_DrawArc) refers to oled.o(i.OLED_IsInAngle) for OLED_IsInAngle
    oled.o(i.OLED_DrawArc) refers to oled.o(i.OLED_DrawPoint) for OLED_DrawPoint
    oled.o(i.OLED_DrawCircle) refers to oled.o(i.OLED_DrawPoint) for OLED_DrawPoint
    oled.o(i.OLED_DrawEllipse) refers to dflt_clz.o(x$fpl$dflt) for __aeabi_i2d
    oled.o(i.OLED_DrawEllipse) refers to daddsub_clz.o(x$fpl$dadd) for __aeabi_dadd
    oled.o(i.OLED_DrawEllipse) refers to dmul.o(x$fpl$dmul) for __aeabi_dmul
    oled.o(i.OLED_DrawEllipse) refers to d2f.o(x$fpl$d2f) for __aeabi_d2f
    oled.o(i.OLED_DrawEllipse) refers to oled.o(i.OLED_DrawPoint) for OLED_DrawPoint
    oled.o(i.OLED_DrawEllipse) refers to fflt_clz.o(x$fpl$fflt) for __aeabi_i2f
    oled.o(i.OLED_DrawEllipse) refers to faddsub_clz.o(x$fpl$fadd) for __aeabi_fadd
    oled.o(i.OLED_DrawEllipse) refers to daddsub_clz.o(x$fpl$dsub) for __aeabi_dsub
    oled.o(i.OLED_DrawEllipse) refers to dleqf.o(x$fpl$dleqf) for __aeabi_cdcmple
    oled.o(i.OLED_DrawLine) refers to oled.o(i.OLED_DrawPoint) for OLED_DrawPoint
    oled.o(i.OLED_DrawPoint) refers to oled.o(.bss) for .bss
    oled.o(i.OLED_DrawRectangle) refers to oled.o(i.OLED_DrawPoint) for OLED_DrawPoint
    oled.o(i.OLED_DrawTriangle) refers to oled.o(i.OLED_DrawLine) for OLED_DrawLine
    oled.o(i.OLED_DrawTriangle) refers to oled.o(i.OLED_pnpoly) for OLED_pnpoly
    oled.o(i.OLED_DrawTriangle) refers to oled.o(i.OLED_DrawPoint) for OLED_DrawPoint
    oled.o(i.OLED_GPIO_Init) refers to stm32f1xx_hal_gpio.o(i.HAL_GPIO_Init) for HAL_GPIO_Init
    oled.o(i.OLED_GPIO_Init) refers to stm32f1xx_hal_gpio.o(i.HAL_GPIO_WritePin) for HAL_GPIO_WritePin
    oled.o(i.OLED_GetPoint) refers to oled.o(.bss) for .bss
    oled.o(i.OLED_Init) refers to oled.o(i.OLED_GPIO_Init) for OLED_GPIO_Init
    oled.o(i.OLED_Init) refers to oled.o(i.OLED_WriteCommand) for OLED_WriteCommand
    oled.o(i.OLED_Init) refers to oled.o(i.OLED_Clear) for OLED_Clear
    oled.o(i.OLED_Init) refers to oled.o(i.OLED_Update) for OLED_Update
    oled.o(i.OLED_IsInAngle) refers to dflt_clz.o(x$fpl$dflt) for __aeabi_i2d
    oled.o(i.OLED_IsInAngle) refers to atan2.o(i.atan2) for atan2
    oled.o(i.OLED_IsInAngle) refers to ddiv.o(x$fpl$ddiv) for __aeabi_ddiv
    oled.o(i.OLED_IsInAngle) refers to dmul.o(x$fpl$dmul) for __aeabi_dmul
[...]
    __set_errno                              0x08000499   Thumb Code    12  _rserrno.o(.text)
    _printf_pre_padding                      0x080004a5   Thumb Code    44  _printf_pad.o(.text)
    _printf_post_padding                     0x080004d1   Thumb Code    34  _printf_pad.o(.text)
    _printf_truncate_signed                  0x080004f3   Thumb Code    18  _printf_truncate.o(.text)
    _printf_truncate_unsigned                0x08000505   Thumb Code    18  _printf_truncate.o(.text)
    _printf_str                              0x08000517   Thumb Code    82  _printf_str.o(.text)
    _printf_int_dec                          0x08000569   Thumb Code   104  _printf_dec.o(.text)
    _printf_charcount                        0x080005e1   Thumb Code    40  _printf_charcount.o(.text)
    _printf_char_common                      0x08000613   Thumb Code    32  _printf_char_common.o(.text)
    _sputc                                   0x08000639   Thumb Code    10  _sputc.o(.text)
    _snputc                                  0x08000643   Thumb Code    16  _snputc.o(.text)
    _printf_wctomb                           0x08000655   Thumb Code   182  _printf_wctomb.o(.text)
    _printf_longlong_dec                     0x08000711   Thumb Code   108  _printf_longlong_dec.o(.text)
    _printf_longlong_oct                     0x0800078d   Thumb Code    66  _printf_oct_int_ll.o(.text)
    _printf_int_oct                          0x080007cf   Thumb Code    24  _printf_oct_int_ll.o(.text)
    _printf_ll_oct                           0x080007e7   Thumb Code    12  _printf_oct_int_ll.o(.text)
    _printf_longlong_hex                     0x080007fd   Thumb Code    86  _printf_hex_int_ll_ptr.o(.text)
    _printf_int_hex                          0x08000853   Thumb Code    28  _printf_hex_int_ll_ptr.o(.text)
    _printf_ll_hex                           0x0800086f   Thumb Code    12  _printf_hex_int_ll_ptr.o(.text)
    _printf_hex_ptr                          0x0800087b   Thumb Code    18  _printf_hex_int_ll_ptr.o(.text)
    __printf                                 0x08000891   Thumb Code   388  __printf_flags_ss_wp.o(.text)
    __aeabi_memclr                           0x08000a19   Thumb Code     0  rt_memclr.o(.text)
    __rt_memclr                              0x08000a19   Thumb Code    68  rt_memclr.o(.text)
    _memset                                  0x08000a1d   Thumb Code     0  rt_memclr.o(.text)
    __aeabi_errno_addr                       0x08000a5d   Thumb Code     8  rt_errno_addr_intlibspace.o(.text)
    __errno$intlibspace                      0x08000a5d   Thumb Code     0  rt_errno_addr_intlibspace.o(.text)
    __rt_errno_addr$intlibspace              0x08000a5d   Thumb Code     0  rt_errno_addr_intlibspace.o(.text)
    _ll_udiv10                               0x08000a65   Thumb Code   138  lludiv10.o(.text)
    _printf_int_common                       0x08000aef   Thumb Code   178  _printf_intcommon.o(.text)
    __lib_sel_fp_printf                      0x08000ba1   Thumb Code     2  _printf_fp_dec.o(.text)
    _printf_fp_dec_real                      0x08000d53   Thumb Code   620  _printf_fp_dec.o(.text)
    _printf_fp_hex_real                      0x08000fc1   Thumb Code   756  _printf_fp_hex.o(.text)
    _printf_cs_common                        0x080012bd   Thumb Code    20  _printf_char.o(.text)
    _printf_char                             0x080012d1   Thumb Code    16  _printf_char.o(.text)
    _printf_string                           0x080012e1   Thumb Code     8  _printf_char.o(.text)
    _printf_lcs_common                       0x080012e9   Thumb Code    20  _printf_wchar.o(.text)
    _printf_wchar                            0x080012fd   Thumb Code    16  _printf_wchar.o(.text)
    _printf_wstring                          0x0800130d   Thumb Code     8  _printf_wchar.o(.text)
    _wcrtomb                                 0x08001315   Thumb Code    64  _wcrtomb.o(.text)
    __user_libspace                          0x08001355   Thumb Code     8  libspace.o(.text)
    __user_perproc_libspace                  0x08001355   Thumb Code     0  libspace.o(.text)
    __user_perthread_libspace                0x08001355   Thumb Code     0  libspace.o(.text)
    __user_setup_stackheap                   0x0800135d   Thumb Code    74  sys_stackheap_outer.o(.text)
    __rt_ctype_table                         0x080013a9   Thumb Code    16  rt_ctype_table.o(.text)
    __rt_locale                              0x080013b9   Thumb Code     8  rt_locale_intlibspace.o(.text)
    _printf_fp_infnan                        0x080013c1   Thumb Code   112  _printf_fp_infnan.o(.text)
    _btod_etento                             0x08001441   Thumb Code   224  bigflt0.o(.text)
    exit                                     0x08001525   Thumb Code    18  exit.o(.text)
    __I$use$semihosting                      0x08001537   Thumb Code     0  use_no_semi.o(.text)
    __use_no_semihosting_swi                 0x08001537   Thumb Code     2  use_no_semi.o(.text)
    __semihosting_library_function           0x08001539   Thumb Code     0  indicate_semi.o(.text)
    _sys_exit                                0x08001539   Thumb Code     8  sys_exit.o(.text)
    _btod_d2e                                0x08001545   Thumb Code    62  btod.o(CL$$btod_d2e)
    _d2e_denorm_low                          0x08001583   Thumb Code    70  btod.o(CL$$btod_d2e_denorm_low)
    _d2e_norm_op1                            0x080015c9   Thumb Code    96  btod.o(CL$$btod_d2e_norm_op1)
    __btod_div_common                        0x08001629   Thumb Code   696  btod.o(CL$$btod_div_common)
    _e2e                                     0x08001961   Thumb Code   220  btod.o(CL$$btod_e2e)
    _btod_ediv                               0x08001a3d   Thumb Code    42  btod.o(CL$$btod_ediv)
    _btod_emul                               0x08001a67   Thumb Code    42  btod.o(CL$$btod_emul)
    __btod_mult_common                       0x08001a91   Thumb Code   580  btod.o(CL$$btod_mult_common)
    ADC_ConversionStop_Disable               0x08001cd5   Thumb Code    86  stm32f1xx_hal_adc.o(i.ADC_ConversionStop_Disable)
    ADC_Enable                               0x08001d2d   Thumb Code   114  stm32f1xx_hal_adc.o(i.ADC_Enable)
    BusFault_Handler                         0x08001da9   Thumb Code     2  stm32f1xx_it.o(i.BusFault_Handler)
    DIno_Tick                                0x08001dad   Thumb Code    78  item.o(i.DIno_Tick)
    DebugMon_Handler                         0x08001e01   Thumb Code     2  stm32f1xx_it.o(i.DebugMon_Handler)
    DinoGame_Animation                       0x08001e05   Thumb Code    44  item.o(i.DinoGame_Animation)
    DinoGame_Init                            0x08001e35   Thumb Code    18  item.o(i.DinoGame_Init)
    Error_Handler                            0x08001e4d   Thumb Code     4  main.o(i.Error_Handler)
    First_Page_Clack                         0x08001e51   Thumb Code   144  menu.o(i.First_Page_Clack)
    Game_UI                                  0x08001eed   Thumb Code    36  item.o(i.Game_UI)
    Get_Max_Day                              0x08001f21   Thumb Code    36  timeset.o(i.Get_Max_Day)
    HAL_ADC_ConfigChannel                    0x08001f51   Thumb Code   240  stm32f1xx_hal_adc.o(i.HAL_ADC_ConfigChannel)
    HAL_ADC_GetValue                         0x0800204d   Thumb Code     6  stm32f1xx_hal_adc.o(i.HAL_ADC_GetValue)
    HAL_ADC_Init                             0x08002055   Thumb Code   272  stm32f1xx_hal_adc.o(i.HAL_ADC_Init)
    HAL_ADC_MspInit                          0x08002171   Thumb Code    76  adc.o(i.HAL_ADC_MspInit)
    HAL_ADC_Start                            0x080021c9   Thumb Code   184  stm32f1xx_hal_adc.o(i.HAL_ADC_Start)
    HAL_Delay                                0x08002289   Thumb Code    32  stm32f1xx_hal.o(i.HAL_Delay)
    HAL_GPIO_DeInit                          0x080022ad   Thumb Code   254  stm32f1xx_hal_gpio.o(i.HAL_GPIO_DeInit)
    HAL_GPIO_Init                            0x080023c5   Thumb Code   446  stm32f1xx_hal_gpio.o(i.HAL_GPIO_Init)
    HAL_GPIO_ReadPin                         0x080025a5   Thumb Code    10  stm32f1xx_hal_gpio.o(i.HAL_GPIO_ReadPin)
    HAL_GPIO_WritePin                        0x080025af   Thumb Code    10  stm32f1xx_hal_gpio.o(i.HAL_GPIO_WritePin)
    HAL_GetTick                              0x080025b9   Thumb Code     6  stm32f1xx_hal.o(i.HAL_GetTick)
    HAL_I2C_DeInit                           0x080025c5   Thumb Code    50  stm32f1xx_hal_i2c.o(i.HAL_I2C_DeInit)
    HAL_I2C_Init                             0x080025f9   Thumb Code   376  stm32f1xx_hal_i2c.o(i.HAL_I2C_Init)
    HAL_I2C_Mem_Read                         0x08002781   Thumb Code   586  stm32f1xx_hal_i2c.o(i.HAL_I2C_Mem_Read)
    HAL_I2C_Mem_Write                        0x080029dd   Thumb Code   294  stm32f1xx_hal_i2c.o(i.HAL_I2C_Mem_Write)
    HAL_I2C_MspDeInit                        0x08002b0d   Thumb Code    72  i2c.o(i.HAL_I2C_MspDeInit)
    HAL_I2C_MspInit                          0x08002b65   Thumb Code   148  i2c.o(i.HAL_I2C_MspInit)
    HAL_IncTick                              0x08002c0d   Thumb Code    12  stm32f1xx_hal.o(i.HAL_IncTick)
    HAL_Init                                 0x08002c1d   Thumb Code    32  stm32f1xx_hal.o(i.HAL_Init)
    HAL_InitTick                             0x08002c41   Thumb Code    54  stm32f1xx_hal.o(i.HAL_InitTick)
    HAL_MspInit                              0x08002c81   Thumb Code    52  stm32f1xx_hal_msp.o(i.HAL_MspInit)
    HAL_NVIC_EnableIRQ                       0x08002cbd   Thumb Code    26  stm32f1xx_hal_cortex.o(i.HAL_NVIC_EnableIRQ)
    HAL_NVIC_SetPriority                     0x08002cd9   Thumb Code    60  stm32f1xx_hal_cortex.o(i.HAL_NVIC_SetPriority)
    HAL_NVIC_SetPriorityGrouping             0x08002d19   Thumb Code    26  stm32f1xx_hal_cortex.o(i.HAL_NVIC_SetPriorityGrouping)
    HAL_PWR_EnableBkUpAccess                 0x08002d3d   Thumb Code     8  stm32f1xx_hal_pwr.o(i.HAL_PWR_EnableBkUpAccess)
    HAL_RCCEx_GetPeriphCLKFreq               0x08002d49   Thumb Code   148  stm32f1xx_hal_rcc_ex.o(i.HAL_RCCEx_GetPeriphCLKFreq)
    HAL_RCCEx_PeriphCLKConfig                0x08002ded   Thumb Code   224  stm32f1xx_hal_rcc_ex.o(i.HAL_RCCEx_PeriphCLKConfig)
    HAL_RCC_ClockConfig                      0x08002ed9   Thumb Code   280  stm32f1xx_hal_rcc.o(i.HAL_RCC_ClockConfig)
    HAL_RCC_GetPCLK1Freq                     0x08003005   Thumb Code    20  stm32f1xx_hal_rcc.o(i.HAL_RCC_GetPCLK1Freq)
    HAL_RCC_GetPCLK2Freq                     0x08003025   Thumb Code    20  stm32f1xx_hal_rcc.o(i.HAL_RCC_GetPCLK2Freq)
    HAL_RCC_GetSysClockFreq                  0x08003045   Thumb Code    58  stm32f1xx_hal_rcc.o(i.HAL_RCC_GetSysClockFreq)
    HAL_RCC_OscConfig                        0x08003091   Thumb Code   778  stm32f1xx_hal_rcc.o(i.HAL_RCC_OscConfig)
    HAL_RTC_GetDate                          0x080033b1   Thumb Code    78  stm32f1xx_hal_rtc.o(i.HAL_RTC_GetDate)
    HAL_RTC_GetTime                          0x080033ff   Thumb Code   216  stm32f1xx_hal_rtc.o(i.HAL_RTC_GetTime)
    HAL_RTC_Init                             0x080034d9   Thumb Code   144  stm32f1xx_hal_rtc.o(i.HAL_RTC_Init)
    HAL_RTC_MspInit                          0x0800356d   Thumb Code    40  rtc.o(i.HAL_RTC_MspInit)
    HAL_RTC_SetDate                          0x080035a1   Thumb Code   192  stm32f1xx_hal_rtc.o(i.HAL_RTC_SetDate)
    HAL_RTC_SetTime                          0x08003665   Thumb Code   168  stm32f1xx_hal_rtc.o(i.HAL_RTC_SetTime)
    HAL_RTC_WaitForSynchro                   0x08003711   Thumb Code    58  stm32f1xx_hal_rtc.o(i.HAL_RTC_WaitForSynchro)
    HAL_SYSTICK_Config                       0x0800374b   Thumb Code    40  stm32f1xx_hal_cortex.o(i.HAL_SYSTICK_Config)
    HAL_TIMEx_BreakCallback                  0x08003773   Thumb Code     2  stm32f1xx_hal_tim_ex.o(i.HAL_TIMEx_BreakCallback)
    HAL_TIMEx_CommutCallback                 0x08003775   Thumb Code     2  stm32f1xx_hal_tim_ex.o(i.HAL_TIMEx_CommutCallback)
    HAL_TIMEx_MasterConfigSynchronization    0x08003779   Thumb Code    92  stm32f1xx_hal_tim_ex.o(i.HAL_TIMEx_MasterConfigSynchronization)
    HAL_TIM_Base_Init                        0x080037e1   Thumb Code    90  stm32f1xx_hal_tim.o(i.HAL_TIM_Base_Init)
    HAL_TIM_Base_MspInit                     0x0800383d   Thumb Code    50  tim.o(i.HAL_TIM_Base_MspInit)
    HAL_TIM_Base_Start_IT                    0x08003875   Thumb Code    76  stm32f1xx_hal_tim.o(i.HAL_TIM_Base_Start_IT)
    HAL_TIM_ConfigClockSource                0x080038cd   Thumb Code   220  stm32f1xx_hal_tim.o(i.HAL_TIM_ConfigClockSource)
    HAL_TIM_IC_CaptureCallback               0x080039a9   Thumb Code     2  stm32f1xx_hal_tim.o(i.HAL_TIM_IC_CaptureCallback)
    HAL_TIM_IRQHandler                       0x080039ab   Thumb Code   304  stm32f1xx_hal_tim.o(i.HAL_TIM_IRQHandler)
    HAL_TIM_OC_DelayElapsedCallback          0x08003adb   Thumb Code     2  stm32f1xx_hal_tim.o(i.HAL_TIM_OC_DelayElapsedCallback)
    HAL_TIM_PWM_PulseFinishedCallback        0x08003add   Thumb Code     2  stm32f1xx_hal_tim.o(i.HAL_TIM_PWM_PulseFinishedCallback)
    HAL_TIM_PeriodElapsedCallback            0x08003adf   Thumb Code    28  main.o(i.HAL_TIM_PeriodElapsedCallback)
    HAL_TIM_TriggerCallback                  0x08003afb   Thumb Code     2  stm32f1xx_hal_tim.o(i.HAL_TIM_TriggerCallback)
    HardFault_Handler                        0x08003afd   Thumb Code     2  stm32f1xx_it.o(i.HardFault_Handler)
    I2C_ReceiveAck                           0x08003ba9   Thumb Code    52  oled.o(i.I2C_ReceiveAck)
    I2C_SendByte                             0x08003d85   Thumb Code    70  oled.o(i.I2C_SendByte)
    I2C_Start                                0x08003dd1   Thumb Code    52  oled.o(i.I2C_Start)
    I2C_Stop                                 0x08003e09   Thumb Code    42  oled.o(i.I2C_Stop)
    Key_GetNum                               0x080041a1   Thumb Code    12  key.o(i.Key_GetNum)
    Key_Init                                 0x080041b1   Thumb Code    36  key.o(i.Key_Init)
    Key_Scan                                 0x0800424d   Thumb Code    44  key.o(i.Key_Scan)
    LED_UI                                   0x0800427d   Thumb Code    48  item.o(i.LED_UI)
    MPU6050_Calculation                      0x080042c1   Thumb Code   342  item.o(i.MPU6050_Calculation)
    MPU6050_CalibrateGyro                    0x08004425   Thumb Code   108  mpu6050.o(i.MPU6050_CalibrateGyro)
    MPU6050_GetData                          0x08004495   Thumb Code   128  mpu6050.o(i.MPU6050_GetData)
    MPU6050_Init                             0x08004519   Thumb Code    98  mpu6050.o(i.MPU6050_Init)
    MPU6050_ReadReg                          0x080045b1   Thumb Code    34  mpu6050.o(i.MPU6050_ReadReg)
    MPU6050_WriteReg                         0x080045d9   Thumb Code    40  mpu6050.o(i.MPU6050_WriteReg)
    MX_ADC1_Init                             0x08004605   Thumb Code    70  adc.o(i.MX_ADC1_Init)
    MX_GPIO_Init                             0x08004655   Thumb Code   166  gpio.o(i.MX_GPIO_Init)
    MX_I2C1_Init                             0x08004709   Thumb Code    50  i2c.o(i.MX_I2C1_Init)
    MX_I2C2_Init                             0x08004749   Thumb Code    50  i2c.o(i.MX_I2C2_Init)
    MX_RTC_Init                              0x08004789   Thumb Code   100  rtc.o(i.MX_RTC_Init)
    MX_TIM2_Init                             0x080047f5   Thumb Code    96  tim.o(i.MX_TIM2_Init)
    MemManage_Handler                        0x08004859   Thumb Code     2  stm32f1xx_it.o(i.MemManage_Handler)
    Menu                                     0x0800485d   Thumb Code   238  menu.o(i.Menu)
    Menu_Animation                           0x08004955   Thumb Code   216  menu.o(i.Menu_Animation)
    Menu_Emoji                               0x08004a39   Thumb Code    30  item.o(i.Menu_Emoji)
    Menu_FirstPage                           0x08004a5d   Thumb Code   138  menu.o(i.Menu_FirstPage)
    Menu_Game                                0x08004af5   Thumb Code   134  item.o(i.Menu_Game)
    Menu_Gradienter                          0x08004b85   Thumb Code    44  item.o(i.Menu_Gradienter)
    Menu_LED                                 0x08004bb5   Thumb Code   176  item.o(i.Menu_LED)
    Menu_MPU6050                             0x08004c71   Thumb Code   154  item.o(i.Menu_MPU6050)
    Menu_Timer                               0x08004d3d   Thumb Code   224  item.o(i.Menu_Timer)
    NMI_Handler                              0x08004e25   Thumb Code     2  stm32f1xx_it.o(i.NMI_Handler)
    OLED_Clear                               0x08004e29   Thumb Code    34  oled.o(i.OLED_Clear)
    OLED_ClearArea                           0x08004e51   Thumb Code    86  oled.o(i.OLED_ClearArea)
    OLED_DrawCircle                          0x08004ead   Thumb Code   318  oled.o(i.OLED_DrawCircle)
    OLED_DrawEllipse                         0x08004fed   Thumb Code   686  oled.o(i.OLED_DrawEllipse)
    OLED_DrawPoint                           0x080052a1   Thumb Code    48  oled.o(i.OLED_DrawPoint)
    OLED_GPIO_Init                           0x080052d5   Thumb Code   106  oled.o(i.OLED_GPIO_Init)
    OLED_Init                                0x08005349   Thumb Code   156  oled.o(i.OLED_Init)
    OLED_Pow                                 0x080053e5   Thumb Code    14  oled.o(i.OLED_Pow)
    OLED_Printf                              0x080053f3   Thumb Code    82  oled.o(i.OLED_Printf)
    OLED_ReverseArea                         0x08005445   Thumb Code    84  oled.o(i.OLED_ReverseArea)
    OLED_SetCursor                           0x0800549d   Thumb Code    36  oled.o(i.OLED_SetCursor)
    OLED_ShowChar                            0x080054c1   Thumb Code    78  oled.o(i.OLED_ShowChar)
    OLED_ShowImage                           0x0800551d   Thumb Code   182  oled.o(i.OLED_ShowImage)
    OLED_ShowNum                             0x080055d9   Thumb Code    70  oled.o(i.OLED_ShowNum)
    OLED_ShowString                          0x08005621   Thumb Code   210  oled.o(i.OLED_ShowString)
    OLED_Update                              0x080056fd   Thumb Code    34  oled.o(i.OLED_Update)
    OLED_WriteCommand                        0x08005725   Thumb Code    46  oled.o(i.OLED_WriteCommand)
    OLED_WriteData                           0x08005753   Thumb Code    60  oled.o(i.OLED_WriteData)
    PendSV_Handler                           0x0800578f   Thumb Code     2  stm32f1xx_it.o(i.PendSV_Handler)
    SVC_Handler                              0x080059a7   Thumb Code     2  stm32f1xx_it.o(i.SVC_Handler)
    Set_Selection                            0x080059a9   Thumb Code    16  menu.o(i.Set_Selection)
    SettingPage                              0x080059bd   Thumb Code   138  menu.o(i.SettingPage)
    Show_Barrier                             0x08005a51   Thumb Code    84  item.o(i.Show_Barrier)
    Show_Clock_UI                            0x08005aad   Thumb Code   108  menu.o(i.Show_Clock_UI)
    Show_Dino                                0x08005b51   Thumb Code   140  item.o(i.Show_Dino)
    Show_Emoji                               0x08005bf1   Thumb Code   254  item.o(i.Show_Emoji)
    Show_Gradienter_UI                       0x08005cf9   Thumb Code    66  item.o(i.Show_Gradienter_UI)
    Show_Ground                              0x08005d41   Thumb Code    98  item.o(i.Show_Ground)
    Show_Score                               0x08005db1   Thumb Code    22  item.o(i.Show_Score)
    Show_SettingPage                         0x08005dcd   Thumb Code    40  menu.o(i.Show_SettingPage)
    Show_WatchUI                             0x08005e05   Thumb Code    90  item.o(i.Show_WatchUI)
    Shwo_Battery                             0x08005e91   Thumb Code   250  menu.o(i.Shwo_Battery)
    StopWatch_Tick                           0x08005fa1   Thumb Code    70  item.o(i.StopWatch_Tick)
    SysTick_Handler                          0x08005fed   Thumb Code     4  stm32f1xx_it.o(i.SysTick_Handler)
    SystemClock_Config                       0x08005ff1   Thumb Code   134  main.o(i.SystemClock_Config)
    SystemInit                               0x08006077   Thumb Code     2  system_stm32f1xx.o(i.SystemInit)
    TIM2_IRQHandler                          0x08006079   Thumb Code     6  stm32f1xx_it.o(i.TIM2_IRQHandler)
    TIM_Base_SetConfig                       0x08006085   Thumb Code   108  stm32f1xx_hal_tim.o(i.TIM_Base_SetConfig)
    TIM_ETR_SetConfig                        0x080060fd   Thumb Code    20  stm32f1xx_hal_tim.o(i.TIM_ETR_SetConfig)
    TimeSet                                  0x08006169   Thumb Code   258  timeset.o(i.TimeSet)
    TimeSet_First_UI                         0x08006275   Thumb Code   122  timeset.o(i.TimeSet_First_UI)
    TimeSet_Second_UI                        0x08006315   Thumb Code   102  timeset.o(i.TimeSet_Second_UI)
    UsageFault_Handler                       0x08006395   Thumb Code     2  stm32f1xx_it.o(i.UsageFault_Handler)
    __ARM_fpclassify                         0x08006397   Thumb Code    40  fpclassify.o(i.__ARM_fpclassify)
    __ARM_fpclassifyf                        0x080063bf   Thumb Code    38  fpclassifyf.o(i.__ARM_fpclassifyf)
    __ieee754_rem_pio2                       0x08006405   Thumb Code   828  rred.o(i.__ieee754_rem_pio2)
    __kernel_cos                             0x0800678d   Thumb Code   230  cos_i.o(i.__kernel_cos)
    __kernel_poly                            0x08006889   Thumb Code   170  poly.o(i.__kernel_poly)
    __kernel_sin                             0x08006935   Thumb Code   224  sin_i.o(i.__kernel_sin)
    __mathlib_dbl_infnan                     0x08006a21   Thumb Code     6  dunder.o(i.__mathlib_dbl_infnan)
    __mathlib_dbl_invalid                    0x08006a27   Thumb Code    12  dunder.o(i.__mathlib_dbl_invalid)
    __mathlib_dbl_underflow                  0x08006a35   Thumb Code    10  dunder.o(i.__mathlib_dbl_underflow)
    __mathlib_flt_infnan2                    0x08006a45   Thumb Code     4  funder.o(i.__mathlib_flt_infnan2)
    __mathlib_flt_underflow                  0x08006a49   Thumb Code    10  funder.o(i.__mathlib_flt_underflow)
    _is_digit                                0x08006a53   Thumb Code    14  __printf_wp.o(i._is_digit)
    atan2f                                   0x08006a61   Thumb Code   528  atan2f.o(i.atan2f)
    date_set                                 0x08006ced   Thumb Code   108  timeset.o(i.date_set)
    hour_set                                 0x08006d65   Thumb Code   100  timeset.o(i.hour_set)
    isColliding                              0x08006dd5   Thumb Code    78  item.o(i.isColliding)
    main                                     0x08006e31   Thumb Code   108  main.o(i.main)
    minute_set                               0x08006eb1   Thumb Code   100  timeset.o(i.minute_set)
    month_set                                0x08006f21   Thumb Code   116  timeset.o(i.month_set)
    second_set                               0x08006fa1   Thumb Code    98  timeset.o(i.second_set)
    sin                                      0x08007011   Thumb Code   150  sin.o(i.sin)
    year_set                                 0x080070b1   Thumb Code    98  timeset.o(i.year_set)
    _get_lc_numeric                          0x08007121   Thumb Code    44  lc_numeric_c.o(locale$$code)
    _get_lc_ctype                            0x0800714d   Thumb Code    44  lc_ctype_c.o(locale$$code)
    __aeabi_d2f                              0x08007179   Thumb Code     0  d2f.o(x$fpl$d2f)
    _d2f                                     0x08007179   Thumb Code    98  d2f.o(x$fpl$d2f)
    __aeabi_dadd                             0x080071dd   Thumb Code     0  daddsub_clz.o(x$fpl$dadd)
    _dadd                                    0x080071dd   Thumb Code   332  daddsub_clz.o(x$fpl$dadd)
    __fpl_dcheck_NaN1                        0x0800732d   Thumb Code    10  dcheck1.o(x$fpl$dcheck1)
    __fpl_dcmp_Inf                           0x0800733d   Thumb Code    24  dcmpi.o(x$fpl$dcmpinf)
    __aeabi_ddiv                             0x08007355   Thumb Code     0  ddiv.o(x$fpl$ddiv)
    _ddiv                                    0x08007355   Thumb Code   552  ddiv.o(x$fpl$ddiv)
    __aeabi_d2iz                             0x08007605   Thumb Code     0  dfix.o(x$fpl$dfix)
    _dfix                                    0x08007605   Thumb Code    94  dfix.o(x$fpl$dfix)
    __aeabi_d2uiz                            0x08007665   Thumb Code     0  dfixu.o(x$fpl$dfixu)
    _dfixu                                   0x08007665   Thumb Code    90  dfixu.o(x$fpl$dfixu)
    __aeabi_i2d                              0x080076bf   Thumb Code     0  dflt_clz.o(x$fpl$dflt)
    _dflt                                    0x080076bf   Thumb Code    46  dflt_clz.o(x$fpl$dflt)
    __aeabi_ui2d                             0x080076ed   Thumb Code     0  dflt_clz.o(x$fpl$dfltu)
    _dfltu                                   0x080076ed   Thumb Code    38  dflt_clz.o(x$fpl$dfltu)
    __aeabi_cdcmple                          0x08007715   Thumb Code     0  dleqf.o(x$fpl$dleqf)
    _dcmple                                  0x08007715   Thumb Code   120  dleqf.o(x$fpl$dleqf)
    __fpl_dcmple_InfNaN                      0x08007777   Thumb Code     0  dleqf.o(x$fpl$dleqf)
    __aeabi_dmul                             0x0800778d   Thumb Code     0  dmul.o(x$fpl$dmul)
    _dmul                                    0x0800778d   Thumb Code   332  dmul.o(x$fpl$dmul)
    __fpl_dnaninf                            0x080078e1   Thumb Code   156  dnaninf.o(x$fpl$dnaninf)
    __fpl_dretinf                            0x0800797d   Thumb Code    12  dretinf.o(x$fpl$dretinf)
    __aeabi_drsub                            0x08007989   Thumb Code     0  daddsub_clz.o(x$fpl$drsb)
    _drsb                                    0x08007989   Thumb Code    22  daddsub_clz.o(x$fpl$drsb)
    __aeabi_dsub                             0x080079a1   Thumb Code     0  daddsub_clz.o(x$fpl$dsub)
    _dsub                                    0x080079a1   Thumb Code   464  daddsub_clz.o(x$fpl$dsub)
    __aeabi_f2d                              0x08007b75   Thumb Code     0  f2d.o(x$fpl$f2d)
    _f2d                                     0x08007b75   Thumb Code    86  f2d.o(x$fpl$f2d)
    __aeabi_fadd                             0x08007bcd   Thumb Code     0  faddsub_clz.o(x$fpl$fadd)
    _fadd                                    0x08007bcd   Thumb Code   196  faddsub_clz.o(x$fpl$fadd)
    __fpl_fcheck_NaN1                        0x08007c91   Thumb Code     6  fcheck1.o(x$fpl$fcheck1)
    __aeabi_fdiv                             0x08007c9d   Thumb Code     0  fdiv.o(x$fpl$fdiv)
    _fdiv                                    0x08007c9d   Thumb Code   384  fdiv.o(x$fpl$fdiv)
    __aeabi_f2iz                             0x08007e21   Thumb Code     0  ffix.o(x$fpl$ffix)
    _ffix                                    0x08007e21   Thumb Code    54  ffix.o(x$fpl$ffix)
    __aeabi_i2f                              0x08007e59   Thumb Code     0  fflt_clz.o(x$fpl$fflt)
    _fflt                                    0x08007e59   Thumb Code    48  fflt_clz.o(x$fpl$fflt)
    __aeabi_ui2f                             0x08007e89   Thumb Code     0  fflt_clz.o(x$fpl$ffltu)
    _ffltu                                   0x08007e89   Thumb Code    38  fflt_clz.o(x$fpl$ffltu)
    __aeabi_fmul                             0x08007eb1   Thumb Code     0  fmul.o(x$fpl$fmul)
    _fmul                                    0x08007eb1   Thumb Code   258  fmul.o(x$fpl$fmul)
    __fpl_fnaninf                            0x08007fb3   Thumb Code   140  fnaninf.o(x$fpl$fnaninf)
    __fpl_fretinf                            0x0800803f   Thumb Code    10  fretinf.o(x$fpl$fretinf)
    __aeabi_frsub                            0x08008049   Thumb Code     0  faddsub_clz.o(x$fpl$frsb)
    _frsb                                    0x08008049   Thumb Code    20  faddsub_clz.o(x$fpl$frsb)
    __aeabi_fsub                             0x0800805d   Thumb Code     0  faddsub_clz.o(x$fpl$fsub)
    _fsub                                    0x0800805d   Thumb Code   234  faddsub_clz.o(x$fpl$fsub)
    _printf_fp_dec                           0x08008147   Thumb Code     4  printf1.o(x$fpl$printf1)
    _printf_fp_hex                           0x0800814b   Thumb Code     4  printf2.o(x$fpl$printf2)
    __fpl_return_NaN                         0x0800814f   Thumb Code   100  retnan.o(x$fpl$retnan)
    __ARM_scalbn                             0x080081b3   Thumb Code    92  scalbn.o(x$fpl$scalbn)
    __ARM_scalbnf                            0x0800820f   Thumb Code    76  scalbnf.o(x$fpl$scalbnf)
    __fpl_cmpreturn                          0x0800825b   Thumb Code    48  trapv.o(x$fpl$trapveneer)
    OLED_F8x16                               0x0800828a   Data        1520  oled_data.o(.constdata)
    __I$use$fp                               0x0800828a   Number         0  usenofp.o(x$fpl$usenofp)
    OLED_F6x8                                0x0800887a   Data         570  oled_data.o(.constdata)
    OLED_F12x24                              0x08008ab4   Data        3420  oled_data.o(.constdata)
    OLED_CF16x16                             0x08009810   Data        1050  oled_data.o(.constdata)
    Return                                   0x08009c2a   Data          32  oled_data.o(.constdata)
    Menu_Graph                               0x08009c4a   Data        1024  oled_data.o(.constdata)
    Frame                                    0x0800a04a   Data         264  oled_data.o(.constdata)
    Ground                                   0x0800a152   Data         256  oled_data.o(.constdata)
    Barrier                                  0x0800a252   Data         144  oled_data.o(.constdata)
    Dino                                     0x0800a2e2   Data         144  oled_data.o(.constdata)
    Eyebrow                                  0x0800a372   Data          64  oled_data.o(.constdata)
    Mouth                                    0x0800a3b2   Data          60  oled_data.o(.constdata)
    Battery                                  0x0800a3ee   Data          32  oled_data.o(.constdata)
    AHBPrescTable                            0x0800a432   Data          16  system_stm32f1xx.o(.constdata)
    APBPrescTable                            0x0800a442   Data           8  system_stm32f1xx.o(.constdata)
    Region$$Table$$Base                      0x0800a66c   Number         0  anon$$obj.o(Region$$Table)
    Region$$Table$$Limit                     0x0800a68c   Number         0  anon$$obj.o(Region$$Table)
    __ctype                                  0x0800a6b5   Data           0  lc_ctype_c.o(locale$$data)
    Key_Num                                  0x20000008   Data           1  key.o(.data)
    menu_flag                                0x20000030   Data           1  menu.o(.data)
    ADValue                                  0x20000032   Data           2  menu.o(.data)
    clkflag                                  0x20000034   Data           4  menu.o(.data)
    setflag                                  0x20000038   Data           4  menu.o(.data)
    VBAT                                     0x2000003c   Data           4  menu.o(.data)
    Battery_Capacity                         0x20000040   Data           4  menu.o(.data)
    menu_item                                0x20000044   Data           5  menu.o(.data)
    sTime                                    0x2000004c   Data           3  timeset.o(.data)
    timeset_flg                              0x20000050   Data           4  timeset.o(.data)
    sDate                                    0x20000054   Data           4  timeset.o(.data)
    stopwatch_flag                           0x20000058   Data           1  item.o(.data)
    Dino_jump_flag                           0x20000059   Data           1  item.o(.data)
    game_flag                                0x2000005a   Data           1  item.o(.data)
    LED_flag                                 0x2000005b   Data           1  item.o(.data)
    Barrier_flag                             0x2000005d   Data           1  item.o(.data)
    Barrier_pos                              0x2000005e   Data           1  item.o(.data)
    Dino_jump_pos                            0x2000005f   Data           1  item.o(.data)
    AX                                       0x20000062   Data           2  item.o(.data)
    AY                                       0x20000064   Data           2  item.o(.data)
    AZ                                       0x20000066   Data           2  item.o(.data)
    GX                                       0x20000068   Data           2  item.o(.data)
    GY                                       0x2000006a   Data           2  item.o(.data)
    GZ                                       0x2000006c   Data           2  item.o(.data)
    Ground_Pos                               0x2000006e   Data           2  item.o(.data)
    Dino_jump_time                           0x20000070   Data           2  item.o(.data)
    a                                        0x20000074   Data           4  item.o(.data)
    Delta_t                                  0x20000078   Data           4  item.o(.data)
    menu_watch                               0x2000007c   Data           4  item.o(.data)
    rool_g                                   0x20000080   Data           4  item.o(.data)
    pitch_g                                  0x20000084   Data           4  item.o(.data)
    yaw_g                                    0x20000088   Data           4  item.o(.data)
    rool_a                                   0x2000008c   Data           4  item.o(.data)
    pitch_a                                  0x20000090   Data           4  item.o(.data)
    Rool                                     0x20000094   Data           4  item.o(.data)
    Pitch                                    0x20000098   Data           4  item.o(.data)
    Yaw                                      0x2000009c   Data           4  item.o(.data)
    Score                                    0x200000a0   Data           4  item.o(.data)
    barrieer                                 0x200000a4   Data           4  item.o(.data)
    dino                                     0x200000a8   Data           4  item.o(.data)
    pi                                       0x200000b0   Data           8  item.o(.data)
    uwTickFreq                               0x200000b8   Data           1  stm32f1xx_hal.o(.data)
    uwTickPrio                               0x200000bc   Data           4  stm32f1xx_hal.o(.data)
    uwTick                                   0x200000c0   Data           4  stm32f1xx_hal.o(.data)
    SystemCoreClock                          0x200000c4   Data           4  system_stm32f1xx.o(.data)
    OLED_DisplayBuf                          0x200000c8   Data        1024  oled.o(.bss)
    hadc1                                    0x200004c8   Data          48  adc.o(.bss)
    hi2c1                                    0x200004f8   Data          84  i2c.o(.bss)
    hi2c2                                    0x2000054c   Data          84  i2c.o(.bss)
    hrtc                                     0x200005a0   Data          20  rtc.o(.bss)
    htim2                                    0x200005b4   Data          72  tim.o(.bss)
    _random_number_data                      0x200005fc   Data         228  rand.o(.bss)
    __libspace_start                         0x200006e0   Data          96  libspace.o(.bss)
    __temporary_stack_top$libspace           0x20000740   Data           0  libspace.o(.bss)



==============================================================================

Memory Map of the image

  Image Entry point : 0x080000ed

  Load Region LR_IROM1 (Base: 0x08000000, Size: 0x0000a880, Max: 0x00010000, ABSOLUTE)

    Execution Region ER_IROM1 (Exec base: 0x08000000, Load base: 0x08000000, Size: 0x0000a7b8, Max: 0x00010000, ABSOLUTE)

    Exec Addr    Load Addr    Size         Type   Attr      Idx    E Section Name        Object

    0x08000000   0x08000000   0x000000ec   Data   RO            3    RESET               startup_stm32f103xb.o
    0x080000ec   0x080000ec   0x00000008   Code   RO         4290  * !!!main             c_w.l(__main.o)
    0x080000f4   0x080000f4   0x00000034   Code   RO         4783    !!!scatter          c_w.l(__scatter.o)
    0x08000128   0x08000128   0x0000001a   Code   RO         4785    !!handler_copy      c_w.l(__scatter_copy.o)
    0x08000142   0x08000142   0x00000002   PAD
    0x08000144   0x08000144   0x0000001c   Code   RO         4787    !!handler_zi        c_w.l(__scatter_zi.o)
    0x08000160   0x08000160   0x00000000   Code   RO         4460    .ARM.Collect$$_printf_percent$$00000000  c_w.l(_printf_percent.o)
    0x08000160   0x08000160   0x00000006   Code   RO         4449    .ARM.Collect$$_printf_percent$$00000001  c_w.l(_printf_n.o)
    0x08000166   0x08000166   0x00000006   Code   RO         4451    .ARM.Collect$$_printf_percent$$00000002  c_w.l(_printf_p.o)
    0x0800016c   0x0800016c   0x00000006   Code   RO         4456    .ARM.Collect$$_printf_percent$$00000003  c_w.l(_printf_f.o)
    0x08000172   0x08000172   0x00000006   Code   RO         4457    .ARM.Collect$$_printf_percent$$00000004  c_w.l(_printf_e.o)
    0x08000178   0x08000178   0x00000006   Code   RO         4458    .ARM.Collect$$_printf_percent$$00000005  c_w.l(_printf_g.o)
    0x0800017e   0x0800017e   0x00000006   Code   RO         4459    .ARM.Collect$$_printf_percent$$00000006  c_w.l(_printf_a.o)
    0x08000184   0x08000184   0x0000000a   Code   RO         4464    .ARM.Collect$$_printf_percent$$00000007  c_w.l(_printf_ll.o)
    0x0800018e   0x0800018e   0x00000006   Code   RO         4453    .ARM.Collect$$_printf_percent$$00000008  c_w.l(_printf_i.o)
    0x08000194   0x08000194   0x00000006   Code   RO         4454    .ARM.Collect$$_printf_percent$$00000009  c_w.l(_printf_d.o)
    0x0800019a   0x0800019a   0x00000006   Code   RO         4455    .ARM.Collect$$_printf_percent$$0000000A  c_w.l(_printf_u.o)
    0x080001a0   0x080001a0   0x00000006   Code   RO         4452    .ARM.Collect$$_printf_percent$$0000000B  c_w.l(_printf_o.o)
    0x080001a6   0x080001a6   0x00000006   Code   RO         4450    .ARM.Collect$$_printf_percent$$0000000C  c_w.l(_printf_x.o)
    0x080001ac   0x080001ac   0x00000006   Code   RO         4461    .ARM.Collect$$_printf_percent$$0000000D  c_w.l(_printf_lli.o)
    0x080001b2   0x080001b2   0x00000006   Code   RO         4462    .ARM.Collect$$_printf_percent$$0000000E  c_w.l(_printf_lld.o)
    0x080001b8   0x080001b8   0x00000006   Code   RO         4463    .ARM.Collect$$_printf_percent$$0000000F  c_w.l(_printf_llu.o)
    0x080001be   0x080001be   0x00000006   Code   RO         4468    .ARM.Collect$$_printf_percent$$00000010  c_w.l(_printf_llo.o)
    0x080001c4   0x080001c4   0x00000006   Code   RO         4469    .ARM.Collect$$_printf_percent$$00000011  c_w.l(_printf_llx.o)
    0x080001ca   0x080001ca   0x0000000a   Code   RO         4465    .ARM.Collect$$_printf_percent$$00000012  c_w.l(_printf_l.o)
    0x080001d4   0x080001d4   0x00000006   Code   RO         4447    .ARM.Collect$$_printf_percent$$00000013  c_w.l(_printf_c.o)
    0x080001da   0x080001da   0x00000006   Code   RO         4448    .ARM.Collect$$_printf_percent$$00000014  c_w.l(_printf_s.o)
    0x080001e0   0x080001e0   0x00000006   Code   RO         4466    .ARM.Collect$$_printf_percent$$00000015  c_w.l(_printf_lc.o)
    0x080001e6   0x080001e6   0x00000006   Code   RO         4467    .ARM.Collect$$_printf_percent$$00000016  c_w.l(_printf_ls.o)
    0x080001ec   0x080001ec   0x00000004   Code   RO         4628    .ARM.Collect$$_printf_percent$$00000017  c_w.l(_printf_percent_end.o)
    0x080001f0   0x080001f0   0x00000002   Code   RO         4696    .ARM.Collect$$libinit$$00000000  c_w.l(libinit.o)
    0x080001f2   0x080001f2   0x00000000   Code   RO         4473    .ARM.Collect$$libinit$$00000002  c_w.l(libinit2.o)
    0x080001f2   0x080001f2   0x00000000   Code   RO         4475    .ARM.Collect$$libinit$$00000004  c_w.l(libinit2.o)
    0x080001f2   0x080001f2   0x00000000   Code   RO         4478    .ARM.Collect$$libinit$$0000000A  c_w.l(libinit2.o)
    0x080001f2   0x080001f2   0x00000000   Code   RO         4480    .ARM.Collect$$libinit$$0000000C  c_w.l(libinit2.o)
    0x080001f2   0x080001f2   0x00000004   Code   RO         4481    .ARM.Collect$$libinit$$0000000D  c_w.l(libinit2.o)
    0x080001f6   0x080001f6   0x00000000   Code   RO         4482    .ARM.Collect$$libinit$$0000000E  c_w.l(libinit2.o)
    0x080001f6   0x080001f6   0x00000006   Code   RO         4483    .ARM.Collect$$libinit$$0000000F  c_w.l(libinit2.o)
    0x080001fc   0x080001fc   0x00000000   Code   RO         4485    .ARM.Collect$$libinit$$00000011  c_w.l(libinit2.o)
    0x080001fc   0x080001fc   0x0000000c   Code   RO         4486    .ARM.Collect$$libinit$$00000012  c_w.l(libinit2.o)
    0x08000208   0x08000208   0x00000000   Code   RO         4487    .ARM.Collect$$libinit$$00000013  c_w.l(libinit2.o)
    0x08000208   0x08000208   0x00000000   Code   RO         4489    .ARM.Collect$$libinit$$00000015  c_w.l(libinit2.o)
    0x08000208   0x08000208   0x0000000a   Code   RO         4490    .ARM.Collect$$libinit$$00000016  c_w.l(libinit2.o)
    0x08000212   0x08000212   0x00000000   Code   RO         4491    .ARM.Collect$$libinit$$00000017  c_w.l(libinit2.o)
    0x08000212   0x08000212   0x00000000   Code   RO         4493    .ARM.Collect$$libinit$$00000019  c_w.l(libinit2.o)
    0x08000212   0x08000212   0x00000000   Code   RO         4495    .ARM.Collect$$libinit$$0000001B  c_w.l(libinit2.o)
    0x08000212   0x08000212   0x00000000   Code   RO         4497    .ARM.Collect$$libinit$$0000001D  c_w.l(libinit2.o)
    0x08000212   0x08000212   0x00000000   Code   RO         4499    .ARM.Collect$$libinit$$0000001F  c_w.l(libinit2.o)
    0x08000212   0x08000212   0x00000000   Code   RO         4501    .ARM.Collect$$libinit$$00000021  c_w.l(libinit2.o)
    0x08000212   0x08000212   0x00000000   Code   RO         4503    .ARM.Collect$$libinit$$00000023  c_w.l(libinit2.o)
    0x08000212   0x08000212   0x00000000   Code   RO         4505    .ARM.Collect$$libinit$$00000025  c_w.l(libinit2.o)
    0x08000212   0x08000212   0x00000000   Code   RO         4509    .ARM.Collect$$libinit$$0000002C  c_w.l(libinit2.o)
    0x08000212   0x08000212   0x00000000   Code   RO         4511    .ARM.Collect$$libinit$$0000002E  c_w.l(libinit2.o)
    0x08000212   0x08000212   0x00000000   Code   RO         4513    .ARM.Collect$$libinit$$00000030  c_w.l(libinit2.o)
    0x08000212   0x08000212   0x00000000   Code   RO         4515    .ARM.Collect$$libinit$$00000032  c_w.l(libinit2.o)
    0x08000212   0x08000212   0x00000002   Code   RO         4516    .ARM.Collect$$libinit$$00000033  c_w.l(libinit2.o)
    0x08000214   0x08000214   0x00000002   Code   RO         4744    .ARM.Collect$$libshutdown$$00000000  c_w.l(libshutdown.o)
    0x08000216   0x08000216   0x00000000   Code   RO         4750    .ARM.Collect$$libshutdown$$00000002  c_w.l(libshutdown2.o)
    0x08000216   0x08000216   0x00000000   Code   RO         4752    .ARM.Collect$$libshutdown$$00000004  c_w.l(libshutdown2.o)
    0x08000216   0x08000216   0x00000000   Code   RO         4755    .ARM.Collect$$libshutdown$$00000007  c_w.l(libshutdown2.o)
    0x08000216   0x08000216   0x00000000   Code   RO         4758    .ARM.Collect$$libshutdown$$0000000A  c_w.l(libshutdown2.o)
    0x08000216   0x08000216   0x00000000   Code   RO         4760    .ARM.Collect$$libshutdown$$0000000C  c_w.l(libshutdown2.o)
    0x08000216   0x08000216   0x00000000   Code   RO         4763    .ARM.Collect$$libshutdown$$0000000F  c_w.l(libshutdown2.o)
    0x08000216   0x08000216   0x00000002   Code   RO         4764    .ARM.Collect$$libshutdown$$00000010  c_w.l(libshutdown2.o)
    0x08000218   0x08000218   0x00000000   Code   RO         4374    .ARM.Collect$$rtentry$$00000000  c_w.l(__rtentry.o)
    0x08000218   0x08000218   0x00000000   Code   RO         4594    .ARM.Collect$$rtentry$$00000002  c_w.l(__rtentry2.o)
    0x08000218   0x08000218   0x00000006   Code   RO         4606    .ARM.Collect$$rtentry$$00000004  c_w.l(__rtentry4.o)
    0x0800021e   0x0800021e   0x00000000   Code   RO         4596    .ARM.Collect$$rtentry$$00000009  c_w.l(__rtentry2.o)
    0x0800021e   0x0800021e   0x00000004   Code   RO         4597    .ARM.Collect$$rtentry$$0000000A  c_w.l(__rtentry2.o)
    0x08000222   0x08000222   0x00000000   Code   RO         4599    .ARM.Collect$$rtentry$$0000000C  c_w.l(__rtentry2.o)
    0x08000222   0x08000222   0x00000008   Code   RO         4600    .ARM.Collect$$rtentry$$0000000D  c_w.l(__rtentry2.o)
    0x0800022a   0x0800022a   0x00000002   Code   RO         4705    .ARM.Collect$$rtexit$$00000000  c_w.l(rtexit.o)
    0x0800022c   0x0800022c   0x00000000   Code   RO         4722    .ARM.Collect$$rtexit$$00000002  c_w.l(rtexit2.o)
    0x0800022c   0x0800022c   0x00000004   Code   RO         4723    .ARM.Collect$$rtexit$$00000003  c_w.l(rtexit2.o)
    0x08000230   0x08000230   0x00000006   Code   RO         4724    .ARM.Collect$$rtexit$$00000004  c_w.l(rtexit2.o)
    0x08000236   0x08000236   0x00000002   PAD
    0x08000238   0x08000238   0x00000034   Code   RO         4275    .emb_text           c_w.l(rand.o)
    0x0800026c   0x0800026c   0x00000040   Code   RO            4    .text               startup_stm32f103xb.o
    0x080002ac   0x080002ac   0x00000034   Code   RO         4273    .text               c_w.l(vsnprintf.o)
    0x080002e0   0x080002e0   0x0000003c   Code   RO         4276    .text               c_w.l(rand.o)
    0x0800031c   0x0800031c   0x00000048   Code   RO         4280    .text               c_w.l(strcpy.o)
    0x08000364   0x08000364   0x0000004e   Code   RO         4282    .text               c_w.l(rt_memclr_w.o)
    0x080003b2   0x080003b2   0x00000056   Code   RO         4284    .text               c_w.l(strncpy.o)
    0x08000408   0x08000408   0x00000080   Code   RO         4286    .text               c_w.l(strcmpv7m.o)
    0x08000488   0x08000488   0x00000006   Code   RO         4288    .text               c_w.l(heapauxi.o)
    0x0800048e   0x0800048e   0x00000016   Code   RO         4375    .text               c_w.l(_rserrno.o)
    0x080004a4   0x080004a4   0x0000004e   Code   RO         4379    .text               c_w.l(_printf_pad.o)
    0x080004f2   0x080004f2   0x00000024   Code   RO         4381    .text               c_w.l(_printf_truncate.o)
    0x08000516   0x08000516   0x00000052   Code   RO         4383    .text               c_w.l(_printf_str.o)
    0x08000568   0x08000568   0x00000078   Code   RO         4385    .text               c_w.l(_printf_dec.o)
    0x080005e0   0x080005e0   0x00000028   Code   RO         4387    .text               c_w.l(_printf_charcount.o)
    0x08000608   0x08000608   0x00000030   Code   RO         4389    .text               c_w.l(_printf_char_common.o)
    0x08000638   0x08000638   0x0000000a   Code   RO         4391    .text               c_w.l(_sputc.o)
    0x08000642   0x08000642   0x00000010   Code   RO         4393    .text               c_w.l(_snputc.o)
    0x08000652   0x08000652   0x00000002   PAD
    0x08000654   0x08000654   0x000000bc   Code   RO         4395    .text               c_w.l(_printf_wctomb.o)
    0x08000710   0x08000710   0x0000007c   Code   RO         4398    .text               c_w.l(_printf_longlong_dec.o)
    0x0800078c   0x0800078c   0x00000070   Code   RO         4404    .text               c_w.l(_printf_oct_int_ll.o)
    0x080007fc   0x080007fc   0x00000094   Code   RO         4424    .text               c_w.l(_printf_hex_int_ll_ptr.o)
    0x08000890   0x08000890   0x00000188   Code   RO         4444    .text               c_w.l(__printf_flags_ss_wp.o)
    0x08000a18   0x08000a18   0x00000044   Code   RO         4470    .text               c_w.l(rt_memclr.o)
    0x08000a5c   0x08000a5c   0x00000008   Code   RO         4611    .text               c_w.l(rt_errno_addr_intlibspace.o)
    0x08000a64   0x08000a64   0x0000008a   Code   RO         4613    .text               c_w.l(lludiv10.o)
    0x08000aee   0x08000aee   0x000000b2   Code   RO         4615    .text               c_w.l(_printf_intcommon.o)
    0x08000ba0   0x08000ba0   0x0000041e   Code   RO         4617    .text               c_w.l(_printf_fp_dec.o)
    0x08000fbe   0x08000fbe   0x00000002   PAD
    0x08000fc0   0x08000fc0   0x000002fc   Code   RO         4619    .text               c_w.l(_printf_fp_hex.o)
    0x080012bc   0x080012bc   0x0000002c   Code   RO         4624    .text               c_w.l(_printf_char.o)
    0x080012e8   0x080012e8   0x0000002c   Code   RO         4626    .text               c_w.l(_printf_wchar.o)
    0x08001314   0x08001314   0x00000040   Code   RO         4629    .text               c_w.l(_wcrtomb.o)
    0x08001354   0x08001354   0x00000008   Code   RO         4643    .text               c_w.l(libspace.o)
    0x0800135c   0x0800135c   0x0000004a   Code   RO         4646    .text               c_w.l(sys_stackheap_outer.o)
    0x080013a6   0x080013a6   0x00000002   PAD
    0x080013a8   0x080013a8   0x00000010   Code   RO         4648    .text               c_w.l(rt_ctype_table.o)
    0x080013b8   0x080013b8   0x00000008   Code   RO         4653    .text               c_w.l(rt_locale_intlibspace.o)
    0x080013c0   0x080013c0   0x00000080   Code   RO         4655    .text               c_w.l(_printf_fp_infnan.o)
    0x08001440   0x08001440   0x000000e4   Code   RO         4657    .text               c_w.l(bigflt0.o)
    0x08001524   0x08001524   0x00000012   Code   RO         4685    .text               c_w.l(exit.o)
    0x08001536   0x08001536   0x00000002   Code   RO         4718    .text               c_w.l(use_no_semi.o)
    0x08001538   0x08001538   0x00000000   Code   RO         4720    .text               c_w.l(indicate_semi.o)
    0x08001538   0x08001538   0x0000000c   Code   RO         4736    .text               c_w.l(sys_exit.o)
    0x08001544   0x08001544   0x0000003e   Code   RO         4660    CL$$btod_d2e        c_w.l(btod.o)
    0x08001582   0x08001582   0x00000046   Code   RO         4662    CL$$btod_d2e_denorm_low  c_w.l(btod.o)
    0x080015c8   0x080015c8   0x00000060   Code   RO         4661    CL$$btod_d2e_norm_op1  c_w.l(btod.o)
    0x08001628   0x08001628   0x00000338   Code   RO         4670    CL$$btod_div_common  c_w.l(btod.o)
    0x08001960   0x08001960   0x000000dc   Code   RO         4667    CL$$btod_e2e        c_w.l(btod.o)
    0x08001a3c   0x08001a3c   0x0000002a   Code   RO         4664    CL$$btod_ediv       c_w.l(btod.o)
    0x08001a66   0x08001a66   0x0000002a   Code   RO         4663    CL$$btod_emul       c_w.l(btod.o)
    0x08001a90   0x08001a90   0x00000244   Code   RO         4669    CL$$btod_mult_common  c_w.l(btod.o)
    0x08001cd4   0x08001cd4   0x00000056   Code   RO         1299    i.ADC_ConversionStop_Disable  stm32f1xx_hal_adc.o
    0x08001d2a   0x08001d2a   0x00000002   PAD
    0x08001d2c   0x08001d2c   0x0000007c   Code   RO         1303    i.ADC_Enable        stm32f1xx_hal_adc.o
    0x08001da8   0x08001da8   0x00000002   Code   RO         1157    i.BusFault_Handler  stm32f1xx_it.o
    0x08001daa   0x08001daa   0x00000002   PAD
    0x08001dac   0x08001dac   0x00000054   Code   RO          726    i.DIno_Tick         item.o
    0x08001e00   0x08001e00   0x00000002   Code   RO         1158    i.DebugMon_Handler  stm32f1xx_it.o
    0x08001e02   0x08001e02   0x00000002   PAD
    0x08001e04   0x08001e04   0x00000030   Code   RO          727    i.DinoGame_Animation  item.o
    0x08001e34   0x08001e34   0x00000018   Code   RO          728    i.DinoGame_Init     item.o
    0x08001e4c   0x08001e4c   0x00000004   Code   RO          909    i.Error_Handler     main.o
    0x08001e50   0x08001e50   0x0000009c   Code   RO          536    i.First_Page_Clack  menu.o
    0x08001eec   0x08001eec   0x00000034   Code   RO          729    i.Game_UI           item.o
    0x08001f20   0x08001f20   0x00000030   Code   RO          642    i.Get_Max_Day       timeset.o
    0x08001f50   0x08001f50   0x000000fc   Code   RO         1305    i.HAL_ADC_ConfigChannel  stm32f1xx_hal_adc.o
    0x0800204c   0x0800204c   0x00000006   Code   RO         1312    i.HAL_ADC_GetValue  stm32f1xx_hal_adc.o
    0x08002052   0x08002052   0x00000002   PAD
    0x08002054   0x08002054   0x0000011c   Code   RO         1314    i.HAL_ADC_Init      stm32f1xx_hal_adc.o
    0x08002170   0x08002170   0x00000058   Code   RO          984    i.HAL_ADC_MspInit   adc.o
    0x080021c8   0x080021c8   0x000000c0   Code   RO         1320    i.HAL_ADC_Start     stm32f1xx_hal_adc.o
    0x08002288   0x08002288   0x00000024   Code   RO         1582    i.HAL_Delay         stm32f1xx_hal.o
    0x080022ac   0x080022ac   0x00000118   Code   RO         1889    i.HAL_GPIO_DeInit   stm32f1xx_hal_gpio.o
    0x080023c4   0x080023c4   0x000001e0   Code   RO         1892    i.HAL_GPIO_Init     stm32f1xx_hal_gpio.o
    0x080025a4   0x080025a4   0x0000000a   Code   RO         1894    i.HAL_GPIO_ReadPin  stm32f1xx_hal_gpio.o
    0x080025ae   0x080025ae   0x0000000a   Code   RO         1896    i.HAL_GPIO_WritePin  stm32f1xx_hal_gpio.o
    0x080025b8   0x080025b8   0x0000000c   Code   RO         1586    i.HAL_GetTick       stm32f1xx_hal.o
    0x080025c4   0x080025c4   0x00000032   Code   RO         2554    i.HAL_I2C_DeInit    stm32f1xx_hal_i2c.o
    0x080025f6   0x080025f6   0x00000002   PAD
    0x080025f8   0x080025f8   0x00000188   Code   RO         2563    i.HAL_I2C_Init      stm32f1xx_hal_i2c.o
    0x08002780   0x08002780   0x0000025c   Code   RO         2581    i.HAL_I2C_Mem_Read  stm32f1xx_hal_i2c.o
    0x080029dc   0x080029dc   0x00000130   Code   RO         2584    i.HAL_I2C_Mem_Write  stm32f1xx_hal_i2c.o
    0x08002b0c   0x08002b0c   0x00000058   Code   RO         1025    i.HAL_I2C_MspDeInit  i2c.o
    0x08002b64   0x08002b64   0x000000a8   Code   RO         1026    i.HAL_I2C_MspInit   i2c.o
    0x08002c0c   0x08002c0c   0x00000010   Code   RO         1592    i.HAL_IncTick       stm32f1xx_hal.o
    0x08002c1c   0x08002c1c   0x00000024   Code   RO         1593    i.HAL_Init          stm32f1xx_hal.o
    0x08002c40   0x08002c40   0x00000040   Code   RO         1594    i.HAL_InitTick      stm32f1xx_hal.o
    0x08002c80   0x08002c80   0x0000003c   Code   RO         1239    i.HAL_MspInit       stm32f1xx_hal_msp.o
    0x08002cbc   0x08002cbc   0x0000001a   Code   RO         2052    i.HAL_NVIC_EnableIRQ  stm32f1xx_hal_cortex.o
    0x08002cd6   0x08002cd6   0x00000002   PAD
    0x08002cd8   0x08002cd8   0x00000040   Code   RO         2058    i.HAL_NVIC_SetPriority  stm32f1xx_hal_cortex.o
    0x08002d18   0x08002d18   0x00000024   Code   RO         2059    i.HAL_NVIC_SetPriorityGrouping  stm32f1xx_hal_cortex.o
    0x08002d3c   0x08002d3c   0x0000000c   Code   RO         2174    i.HAL_PWR_EnableBkUpAccess  stm32f1xx_hal_pwr.o
    0x08002d48   0x08002d48   0x000000a4   Code   RO         1853    i.HAL_RCCEx_GetPeriphCLKFreq  stm32f1xx_hal_rcc_ex.o
    0x08002dec   0x08002dec   0x000000ec   Code   RO         1854    i.HAL_RCCEx_PeriphCLKConfig  stm32f1xx_hal_rcc_ex.o
    0x08002ed8   0x08002ed8   0x0000012c   Code   RO         1750    i.HAL_RCC_ClockConfig  stm32f1xx_hal_rcc.o
    0x08003004   0x08003004   0x00000020   Code   RO         1757    i.HAL_RCC_GetPCLK1Freq  stm32f1xx_hal_rcc.o
    0x08003024   0x08003024   0x00000020   Code   RO         1758    i.HAL_RCC_GetPCLK2Freq  stm32f1xx_hal_rcc.o
    0x08003044   0x08003044   0x0000004c   Code   RO         1759    i.HAL_RCC_GetSysClockFreq  stm32f1xx_hal_rcc.o
    0x08003090   0x08003090   0x00000320   Code   RO         1762    i.HAL_RCC_OscConfig  stm32f1xx_hal_rcc.o
    0x080033b0   0x080033b0   0x0000004e   Code   RO         2994    i.HAL_RTC_GetDate   stm32f1xx_hal_rtc.o
    0x080033fe   0x080033fe   0x000000d8   Code   RO         2996    i.HAL_RTC_GetTime   stm32f1xx_hal_rtc.o
    0x080034d6   0x080034d6   0x00000002   PAD
    0x080034d8   0x080034d8   0x00000094   Code   RO         2997    i.HAL_RTC_Init      stm32f1xx_hal_rtc.o
    0x0800356c   0x0800356c   0x00000034   Code   RO         1074    i.HAL_RTC_MspInit   rtc.o
    0x080035a0   0x080035a0   0x000000c4   Code   RO         3003    i.HAL_RTC_SetDate   stm32f1xx_hal_rtc.o
    0x08003664   0x08003664   0x000000ac   Code   RO         3004    i.HAL_RTC_SetTime   stm32f1xx_hal_rtc.o
    0x08003710   0x08003710   0x0000003a   Code   RO         3005    i.HAL_RTC_WaitForSynchro  stm32f1xx_hal_rtc.o
    0x0800374a   0x0800374a   0x00000028   Code   RO         2063    i.HAL_SYSTICK_Config  stm32f1xx_hal_cortex.o
    0x08003772   0x08003772   0x00000002   Code   RO         3967    i.HAL_TIMEx_BreakCallback  stm32f1xx_hal_tim_ex.o
    0x08003774   0x08003774   0x00000002   Code   RO         3968    i.HAL_TIMEx_CommutCallback  stm32f1xx_hal_tim_ex.o
    0x08003776   0x08003776   0x00000002   PAD
    0x08003778   0x08003778   0x00000068   Code   RO         3986    i.HAL_TIMEx_MasterConfigSynchronization  stm32f1xx_hal_tim_ex.o
    0x080037e0   0x080037e0   0x0000005a   Code   RO         3263    i.HAL_TIM_Base_Init  stm32f1xx_hal_tim.o
    0x0800383a   0x0800383a   0x00000002   PAD
    0x0800383c   0x0800383c   0x00000038   Code   RO         1116    i.HAL_TIM_Base_MspInit  tim.o
    0x08003874   0x08003874   0x00000058   Code   RO         3268    i.HAL_TIM_Base_Start_IT  stm32f1xx_hal_tim.o
    0x080038cc   0x080038cc   0x000000dc   Code   RO         3272    i.HAL_TIM_ConfigClockSource  stm32f1xx_hal_tim.o
    0x080039a8   0x080039a8   0x00000002   Code   RO         3297    i.HAL_TIM_IC_CaptureCallback  stm32f1xx_hal_tim.o
    0x080039aa   0x080039aa   0x00000130   Code   RO         3311    i.HAL_TIM_IRQHandler  stm32f1xx_hal_tim.o
    0x08003ada   0x08003ada   0x00000002   Code   RO         3314    i.HAL_TIM_OC_DelayElapsedCallback  stm32f1xx_hal_tim.o
    0x08003adc   0x08003adc   0x00000002   Code   RO         3341    i.HAL_TIM_PWM_PulseFinishedCallback  stm32f1xx_hal_tim.o
    0x08003ade   0x08003ade   0x0000001c   Code   RO          910    i.HAL_TIM_PeriodElapsedCallback  main.o
    0x08003afa   0x08003afa   0x00000002   Code   RO         3354    i.HAL_TIM_TriggerCallback  stm32f1xx_hal_tim.o
    0x08003afc   0x08003afc   0x00000002   Code   RO         1159    i.HardFault_Handler  stm32f1xx_it.o
    0x08003afe   0x08003afe   0x00000002   PAD
    0x08003b00   0x08003b00   0x00000078   Code   RO          365    i.I2C_Bus_Reset     mpu6050.o
    0x08003b78   0x08003b78   0x0000002e   Code   RO         2606    i.I2C_IsAcknowledgeFailed  stm32f1xx_hal_i2c.o
    0x08003ba6   0x08003ba6   0x00000002   PAD
    0x08003ba8   0x08003ba8   0x00000038   Code   RO           13    i.I2C_ReceiveAck    oled.o
    0x08003be0   0x08003be0   0x000000fc   Code   RO         2616    i.I2C_RequestMemoryRead  stm32f1xx_hal_i2c.o
    0x08003cdc   0x08003cdc   0x000000a8   Code   RO         2617    i.I2C_RequestMemoryWrite  stm32f1xx_hal_i2c.o
    0x08003d84   0x08003d84   0x0000004c   Code   RO           14    i.I2C_SendByte      oled.o
    0x08003dd0   0x08003dd0   0x00000038   Code   RO           15    i.I2C_Start         oled.o
    0x08003e08   0x08003e08   0x00000030   Code   RO           16    i.I2C_Stop          oled.o
    0x08003e38   0x08003e38   0x00000056   Code   RO         2621    i.I2C_WaitOnBTFFlagUntilTimeout  stm32f1xx_hal_i2c.o
    0x08003e8e   0x08003e8e   0x00000002   PAD
    0x08003e90   0x08003e90   0x00000090   Code   RO         2622    i.I2C_WaitOnFlagUntilTimeout  stm32f1xx_hal_i2c.o
    0x08003f20   0x08003f20   0x000000bc   Code   RO         2623    i.I2C_WaitOnMasterAddressFlagUntilTimeout  stm32f1xx_hal_i2c.o
    0x08003fdc   0x08003fdc   0x00000070   Code   RO         2624    i.I2C_WaitOnRXNEFlagUntilTimeout  stm32f1xx_hal_i2c.o
    0x0800404c   0x0800404c   0x00000056   Code   RO         2625    i.I2C_WaitOnTXEFlagUntilTimeout  stm32f1xx_hal_i2c.o
    0x080040a2   0x080040a2   0x00000002   PAD
    0x080040a4   0x080040a4   0x000000fc   Code   RO          730    i.Init_Attitude     item.o
    0x080041a0   0x080041a0   0x00000010   Code   RO          463    i.Key_GetNum        key.o
    0x080041b0   0x080041b0   0x00000028   Code   RO          464    i.Key_Init          key.o
    0x080041d8   0x080041d8   0x00000074   Code   RO          465    i.Key_Process       key.o
    0x0800424c   0x0800424c   0x00000030   Code   RO          466    i.Key_Scan          key.o
    0x0800427c   0x0800427c   0x00000044   Code   RO          731    i.LED_UI            item.o
    0x080042c0   0x080042c0   0x00000164   Code   RO          732    i.MPU6050_Calculation  item.o
    0x08004424   0x08004424   0x00000070   Code   RO          366    i.MPU6050_CalibrateGyro  mpu6050.o
    0x08004494   0x08004494   0x00000084   Code   RO          367    i.MPU6050_GetData   mpu6050.o
    0x08004518   0x08004518   0x00000068   Code   RO          370    i.MPU6050_Init      mpu6050.o
    0x08004580   0x08004580   0x00000030   Code   RO          371    i.MPU6050_ReadData  mpu6050.o
    0x080045b0   0x080045b0   0x00000028   Code   RO          372    i.MPU6050_ReadReg   mpu6050.o
    0x080045d8   0x080045d8   0x0000002c   Code   RO          374    i.MPU6050_WriteReg  mpu6050.o
    0x08004604   0x08004604   0x00000050   Code   RO          985    i.MX_ADC1_Init      adc.o
    0x08004654   0x08004654   0x000000b4   Code   RO          959    i.MX_GPIO_Init      gpio.o
    0x08004708   0x08004708   0x00000040   Code   RO         1027    i.MX_I2C1_Init      i2c.o
    0x08004748   0x08004748   0x00000040   Code   RO         1028    i.MX_I2C2_Init      i2c.o
    0x08004788   0x08004788   0x0000006c   Code   RO         1075    i.MX_RTC_Init       rtc.o
    0x080047f4   0x080047f4   0x00000064   Code   RO         1117    i.MX_TIM2_Init      tim.o
    0x08004858   0x08004858   0x00000002   Code   RO         1160    i.MemManage_Handler  stm32f1xx_it.o
    0x0800485a   0x0800485a   0x00000002   PAD
    0x0800485c   0x0800485c   0x000000f8   Code   RO          537    i.Menu              menu.o
    0x08004954   0x08004954   0x000000e4   Code   RO          538    i.Menu_Animation    menu.o
    0x08004a38   0x08004a38   0x00000024   Code   RO          733    i.Menu_Emoji        item.o
    0x08004a5c   0x08004a5c   0x00000098   Code   RO          539    i.Menu_FirstPage    menu.o
    0x08004af4   0x08004af4   0x00000090   Code   RO          734    i.Menu_Game         item.o
    0x08004b84   0x08004b84   0x00000030   Code   RO          735    i.Menu_Gradienter   item.o
    0x08004bb4   0x08004bb4   0x000000bc   Code   RO          736    i.Menu_LED          item.o
    0x08004c70   0x08004c70   0x000000cc   Code   RO          737    i.Menu_MPU6050      item.o
    0x08004d3c   0x08004d3c   0x000000e8   Code   RO          738    i.Menu_Timer        item.o
    0x08004e24   0x08004e24   0x00000002   Code   RO         1161    i.NMI_Handler       stm32f1xx_it.o
    0x08004e26   0x08004e26   0x00000002   PAD
    0x08004e28   0x08004e28   0x00000028   Code   RO           17    i.OLED_Clear        oled.o
    0x08004e50   0x08004e50   0x0000005c   Code   RO           18    i.OLED_ClearArea    oled.o
    0x08004eac   0x08004eac   0x0000013e   Code   RO           20    i.OLED_DrawCircle   oled.o
    0x08004fea   0x08004fea   0x00000002   PAD
    0x08004fec   0x08004fec   0x000002b4   Code   RO           21    i.OLED_DrawEllipse  oled.o
    0x080052a0   0x080052a0   0x00000034   Code   RO           23    i.OLED_DrawPoint    oled.o
    0x080052d4   0x080052d4   0x00000074   Code   RO           26    i.OLED_GPIO_Init    oled.o
    0x08005348   0x08005348   0x0000009c   Code   RO           28    i.OLED_Init         oled.o
    0x080053e4   0x080053e4   0x0000000e   Code   RO           30    i.OLED_Pow          oled.o
    0x080053f2   0x080053f2   0x00000052   Code   RO           31    i.OLED_Printf       oled.o
    0x08005444   0x08005444   0x00000058   Code   RO           33    i.OLED_ReverseArea  oled.o
    0x0800549c   0x0800549c   0x00000024   Code   RO           34    i.OLED_SetCursor    oled.o
    0x080054c0   0x080054c0   0x0000005c   Code   RO           36    i.OLED_ShowChar     oled.o
    0x0800551c   0x0800551c   0x000000bc   Code   RO           39    i.OLED_ShowImage    oled.o
    0x080055d8   0x080055d8   0x00000046   Code   RO           40    i.OLED_ShowNum      oled.o
    0x0800561e   0x0800561e   0x00000002   PAD
    0x08005620   0x08005620   0x000000dc   Code   RO           42    i.OLED_ShowString   oled.o
    0x080056fc   0x080056fc   0x00000028   Code   RO           43    i.OLED_Update       oled.o
    0x08005724   0x08005724   0x0000002e   Code   RO           45    i.OLED_WriteCommand  oled.o
    0x08005752   0x08005752   0x0000003c   Code   RO           46    i.OLED_WriteData    oled.o
    0x0800578e   0x0800578e   0x00000002   Code   RO         1162    i.PendSV_Handler    stm32f1xx_it.o
    0x08005790   0x08005790   0x00000012   Code   RO         3006    i.RTC_Bcd2ToByte    stm32f1xx_hal_rtc.o
    0x080057a2   0x080057a2   0x00000016   Code   RO         3007    i.RTC_ByteToBcd2    stm32f1xx_hal_rtc.o
    0x080057b8   0x080057b8   0x000000ae   Code   RO         3008    i.RTC_DateUpdate    stm32f1xx_hal_rtc.o
    0x08005866   0x08005866   0x00000034   Code   RO         3009    i.RTC_EnterInitMode  stm32f1xx_hal_rtc.o
    0x0800589a   0x0800589a   0x00000002   PAD
    0x0800589c   0x0800589c   0x00000036   Code   RO         3010    i.RTC_ExitInitMode  stm32f1xx_hal_rtc.o
    0x080058d2   0x080058d2   0x0000000e   Code   RO         3011    i.RTC_ReadAlarmCounter  stm32f1xx_hal_rtc.o
    0x080058e0   0x080058e0   0x00000020   Code   RO         3012    i.RTC_ReadTimeCounter  stm32f1xx_hal_rtc.o
    0x08005900   0x08005900   0x00000056   Code   RO         3013    i.RTC_WeekDayNum    stm32f1xx_hal_rtc.o
    0x08005956   0x08005956   0x00000028   Code   RO         3014    i.RTC_WriteAlarmCounter  stm32f1xx_hal_rtc.o
    0x0800597e   0x0800597e   0x00000028   Code   RO         3015    i.RTC_WriteTimeCounter  stm32f1xx_hal_rtc.o
    0x080059a6   0x080059a6   0x00000002   Code   RO         1163    i.SVC_Handler       stm32f1xx_it.o
    0x080059a8   0x080059a8   0x00000014   Code   RO          541    i.Set_Selection     menu.o
    0x080059bc   0x080059bc   0x00000094   Code   RO          542    i.SettingPage       menu.o
    0x08005a50   0x08005a50   0x0000005c   Code   RO          739    i.Show_Barrier      item.o
    0x08005aac   0x08005aac   0x000000a4   Code   RO          543    i.Show_Clock_UI     menu.o
    0x08005b50   0x08005b50   0x000000a0   Code   RO          740    i.Show_Dino         item.o
    0x08005bf0   0x08005bf0   0x00000108   Code   RO          741    i.Show_Emoji        item.o
    0x08005cf8   0x08005cf8   0x00000048   Code   RO          742    i.Show_Gradienter_UI  item.o
    0x08005d40   0x08005d40   0x00000070   Code   RO          743    i.Show_Ground       item.o
    0x08005db0   0x08005db0   0x0000001c   Code   RO          744    i.Show_Score        item.o
    0x08005dcc   0x08005dcc   0x00000038   Code   RO          544    i.Show_SettingPage  menu.o
    0x08005e04   0x08005e04   0x0000008c   Code   RO          745    i.Show_WatchUI      item.o
    0x08005e90   0x08005e90   0x00000110   Code   RO          545    i.Shwo_Battery      menu.o
    0x08005fa0   0x08005fa0   0x0000004c   Code   RO          746    i.StopWatch_Tick    item.o
    0x08005fec   0x08005fec   0x00000004   Code   RO         1164    i.SysTick_Handler   stm32f1xx_it.o
    0x08005ff0   0x08005ff0   0x00000086   Code   RO          911    i.SystemClock_Config  main.o
    0x08006076   0x08006076   0x00000002   Code   RO         4235    i.SystemInit        system_stm32f1xx.o
    0x08006078   0x08006078   0x0000000c   Code   RO         1165    i.TIM2_IRQHandler   stm32f1xx_it.o
    0x08006084   0x08006084   0x00000078   Code   RO         3356    i.TIM_Base_SetConfig  stm32f1xx_hal_tim.o
    0x080060fc   0x080060fc   0x00000014   Code   RO         3367    i.TIM_ETR_SetConfig  stm32f1xx_hal_tim.o
    0x08006110   0x08006110   0x00000010   Code   RO         3368    i.TIM_ITRx_SetConfig  stm32f1xx_hal_tim.o
    0x08006120   0x08006120   0x00000022   Code   RO         3374    i.TIM_TI1_ConfigInputStage  stm32f1xx_hal_tim.o
    0x08006142   0x08006142   0x00000024   Code   RO         3376    i.TIM_TI2_ConfigInputStage  stm32f1xx_hal_tim.o
    0x08006166   0x08006166   0x00000002   PAD
    0x08006168   0x08006168   0x0000010c   Code   RO          643    i.TimeSet           timeset.o
    0x08006274   0x08006274   0x000000a0   Code   RO          644    i.TimeSet_First_UI  timeset.o
    0x08006314   0x08006314   0x00000080   Code   RO          645    i.TimeSet_Second_UI  timeset.o
    0x08006394   0x08006394   0x00000002   Code   RO         1166    i.UsageFault_Handler  stm32f1xx_it.o
    0x08006396   0x08006396   0x00000028   Code   RO         4639    i.__ARM_fpclassify  m_ws.l(fpclassify.o)
    0x080063be   0x080063be   0x00000026   Code   RO         4565    i.__ARM_fpclassifyf  m_ws.l(fpclassifyf.o)
    0x080063e4   0x080063e4   0x00000020   Code   RO         2065    i.__NVIC_SetPriority  stm32f1xx_hal_cortex.o
    0x08006404   0x08006404   0x00000388   Code   RO         4582    i.__ieee754_rem_pio2  m_ws.l(rred.o)
    0x0800678c   0x0800678c   0x000000fc   Code   RO         4548    i.__kernel_cos      m_ws.l(cos_i.o)
    0x08006888   0x08006888   0x000000aa   Code   RO         4641    i.__kernel_poly     m_ws.l(poly.o)
    0x08006932   0x08006932   0x00000002   PAD
    0x08006934   0x08006934   0x000000ec   Code   RO         4587    i.__kernel_sin      m_ws.l(sin_i.o)
    0x08006a20   0x08006a20   0x00000006   Code   RO         4552    i.__mathlib_dbl_infnan  m_ws.l(dunder.o)
    0x08006a26   0x08006a26   0x0000000c   Code   RO         4554    i.__mathlib_dbl_invalid  m_ws.l(dunder.o)
    0x08006a32   0x08006a32   0x00000002   PAD
    0x08006a34   0x08006a34   0x00000010   Code   RO         4557    i.__mathlib_dbl_underflow  m_ws.l(dunder.o)
    0x08006a44   0x08006a44   0x00000004   Code   RO         4569    i.__mathlib_flt_infnan2  m_ws.l(funder.o)
    0x08006a48   0x08006a48   0x0000000a   Code   RO         4573    i.__mathlib_flt_underflow  m_ws.l(funder.o)
    0x08006a52   0x08006a52   0x0000000e   Code   RO         4437    i._is_digit         c_w.l(__printf_wp.o)
    0x08006a60   0x08006a60   0x0000025c   Code   RO         4357    i.atan2f            m_ws.l(atan2f.o)
    0x08006cbc   0x08006cbc   0x00000030   Code   RO          747    i.constrain_angle   item.o
    0x08006cec   0x08006cec   0x00000078   Code   RO          646    i.date_set          timeset.o
    0x08006d64   0x08006d64   0x00000070   Code   RO          647    i.hour_set          timeset.o
    0x08006dd4   0x08006dd4   0x0000005c   Code   RO          748    i.isColliding       item.o
    0x08006e30   0x08006e30   0x00000080   Code   RO          912    i.main              main.o
    0x08006eb0   0x08006eb0   0x00000070   Code   RO          648    i.minute_set        timeset.o
    0x08006f20   0x08006f20   0x00000080   Code   RO          649    i.month_set         timeset.o
    0x08006fa0   0x08006fa0   0x00000070   Code   RO          650    i.second_set        timeset.o
    0x08007010   0x08007010   0x000000a0   Code   RO         4367    i.sin               m_ws.l(sin.o)
    0x080070b0   0x080070b0   0x00000070   Code   RO          651    i.year_set          timeset.o
    0x08007120   0x08007120   0x0000002c   Code   RO         4683    locale$$code        c_w.l(lc_numeric_c.o)
    0x0800714c   0x0800714c   0x0000002c   Code   RO         4710    locale$$code        c_w.l(lc_ctype_c.o)
    0x08007178   0x08007178   0x00000062   Code   RO         4292    x$fpl$d2f           fz_ws.l(d2f.o)
    0x080071da   0x080071da   0x00000002   PAD
    0x080071dc   0x080071dc   0x00000150   Code   RO         4294    x$fpl$dadd          fz_ws.l(daddsub_clz.o)
    0x0800732c   0x0800732c   0x00000010   Code   RO         4697    x$fpl$dcheck1       fz_ws.l(dcheck1.o)
    0x0800733c   0x0800733c   0x00000018   Code   RO         4517    x$fpl$dcmpinf       fz_ws.l(dcmpi.o)
    0x08007354   0x08007354   0x000002b0   Code   RO         4301    x$fpl$ddiv          fz_ws.l(ddiv.o)
    0x08007604   0x08007604   0x0000005e   Code   RO         4304    x$fpl$dfix          fz_ws.l(dfix.o)
    0x08007662   0x08007662   0x00000002   PAD
    0x08007664   0x08007664   0x0000005a   Code   RO         4308    x$fpl$dfixu         fz_ws.l(dfixu.o)
    0x080076be   0x080076be   0x0000002e   Code   RO         4313    x$fpl$dflt          fz_ws.l(dflt_clz.o)
    0x080076ec   0x080076ec   0x00000026   Code   RO         4312    x$fpl$dfltu         fz_ws.l(dflt_clz.o)
    0x08007712   0x08007712   0x00000002   PAD
    0x08007714   0x08007714   0x00000078   Code   RO         4318    x$fpl$dleqf         fz_ws.l(dleqf.o)
    0x0800778c   0x0800778c   0x00000154   Code   RO         4320    x$fpl$dmul          fz_ws.l(dmul.o)
    0x080078e0   0x080078e0   0x0000009c   Code   RO         4519    x$fpl$dnaninf       fz_ws.l(dnaninf.o)
    0x0800797c   0x0800797c   0x0000000c   Code   RO         4521    x$fpl$dretinf       fz_ws.l(dretinf.o)
    0x08007988   0x08007988   0x00000016   Code   RO         4295    x$fpl$drsb          fz_ws.l(daddsub_clz.o)
    0x0800799e   0x0800799e   0x00000002   PAD
    0x080079a0   0x080079a0   0x000001d4   Code   RO         4296    x$fpl$dsub          fz_ws.l(daddsub_clz.o)
    0x08007b74   0x08007b74   0x00000056   Code   RO         4324    x$fpl$f2d           fz_ws.l(f2d.o)
    0x08007bca   0x08007bca   0x00000002   PAD
    0x08007bcc   0x08007bcc   0x000000c4   Code   RO         4326    x$fpl$fadd          fz_ws.l(faddsub_clz.o)
    0x08007c90   0x08007c90   0x0000000c   Code   RO         4699    x$fpl$fcheck1       fz_ws.l(fcheck1.o)
    0x08007c9c   0x08007c9c   0x00000184   Code   RO         4333    x$fpl$fdiv          fz_ws.l(fdiv.o)
    0x08007e20   0x08007e20   0x00000036   Code   RO         4336    x$fpl$ffix          fz_ws.l(ffix.o)
    0x08007e56   0x08007e56   0x00000002   PAD
    0x08007e58   0x08007e58   0x00000030   Code   RO         4341    x$fpl$fflt          fz_ws.l(fflt_clz.o)
    0x08007e88   0x08007e88   0x00000026   Code   RO         4340    x$fpl$ffltu         fz_ws.l(fflt_clz.o)
    0x08007eae   0x08007eae   0x00000002   PAD
    0x08007eb0   0x08007eb0   0x00000102   Code   RO         4346    x$fpl$fmul          fz_ws.l(fmul.o)
    0x08007fb2   0x08007fb2   0x0000008c   Code   RO         4525    x$fpl$fnaninf       fz_ws.l(fnaninf.o)
    0x0800803e   0x0800803e   0x0000000a   Code   RO         4527    x$fpl$fretinf       fz_ws.l(fretinf.o)
    0x08008048   0x08008048   0x00000014   Code   RO         4327    x$fpl$frsb          fz_ws.l(faddsub_clz.o)
    0x0800805c   0x0800805c   0x000000ea   Code   RO         4328    x$fpl$fsub          fz_ws.l(faddsub_clz.o)
    0x08008146   0x08008146   0x00000004   Code   RO         4529    x$fpl$printf1       fz_ws.l(printf1.o)
    0x0800814a   0x0800814a   0x00000004   Code   RO         4531    x$fpl$printf2       fz_ws.l(printf2.o)
    0x0800814e   0x0800814e   0x00000064   Code   RO         4716    x$fpl$retnan        fz_ws.l(retnan.o)
    0x080081b2   0x080081b2   0x0000005c   Code   RO         4635    x$fpl$scalbn        fz_ws.l(scalbn.o)
    0x0800820e   0x0800820e   0x0000004c   Code   RO         4637    x$fpl$scalbnf       fz_ws.l(scalbnf.o)
    0x0800825a   0x0800825a   0x00000030   Code   RO         4734    x$fpl$trapveneer    fz_ws.l(trapv.o)
    0x0800828a   0x0800828a   0x00000000   Code   RO         4537    x$fpl$usenofp       fz_ws.l(usenofp.o)
    0x0800828a   0x0800828a   0x000005f0   Data   RO          507    .constdata          oled_data.o
    0x0800887a   0x0800887a   0x0000023a   Data   RO          508    .constdata          oled_data.o
    0x08008ab4   0x08008ab4   0x00000d5c   Data   RO          509    .constdata          oled_data.o
    0x08009810   0x08009810   0x0000041a   Data   RO          510    .constdata          oled_data.o
    0x08009c2a   0x08009c2a   0x00000020   Data   RO          512    .constdata          oled_data.o
    0x08009c4a   0x08009c4a   0x00000400   Data   RO          513    .constdata          oled_data.o
    0x0800a04a   0x0800a04a   0x00000108   Data   RO          514    .constdata          oled_data.o
    0x0800a152   0x0800a152   0x00000100   Data   RO          515    .constdata          oled_data.o
    0x0800a252   0x0800a252   0x00000090   Data   RO          516    .constdata          oled_data.o
    0x0800a2e2   0x0800a2e2   0x00000090   Data   RO          518    .constdata          oled_data.o
    0x0800a372   0x0800a372   0x00000040   Data   RO          519    .constdata          oled_data.o
    0x0800a3b2   0x0800a3b2   0x0000003c   Data   RO          520    .constdata          oled_data.o
    0x0800a3ee   0x0800a3ee   0x00000020   Data   RO          521    .constdata          oled_data.o
    0x0800a40e   0x0800a40e   0x00000012   Data   RO         1763    .constdata          stm32f1xx_hal_rcc.o
    0x0800a420   0x0800a420   0x00000012   Data   RO         1855    .constdata          stm32f1xx_hal_rcc_ex.o
    0x0800a432   0x0800a432   0x00000010   Data   RO         4236    .constdata          system_stm32f1xx.o
    0x0800a442   0x0800a442   0x00000008   Data   RO         4237    .constdata          system_stm32f1xx.o
    0x0800a44a   0x0800a44a   0x00000002   PAD
    0x0800a44c   0x0800a44c   0x00000008   Data   RO         4396    .constdata          c_w.l(_printf_wctomb.o)
    0x0800a454   0x0800a454   0x00000028   Data   RO         4425    .constdata          c_w.l(_printf_hex_int_ll_ptr.o)
    0x0800a47c   0x0800a47c   0x00000011   Data   RO         4445    .constdata          c_w.l(__printf_flags_ss_wp.o)
    0x0800a48d   0x0800a48d   0x00000003   PAD
    0x0800a490   0x0800a490   0x00000030   Data   RO         4549    .constdata          m_ws.l(cos_i.o)
    0x0800a4c0   0x0800a4c0   0x000000c8   Data   RO         4584    .constdata          m_ws.l(rred.o)
    0x0800a588   0x0800a588   0x00000028   Data   RO         4588    .constdata          m_ws.l(sin_i.o)
    0x0800a5b0   0x0800a5b0   0x00000026   Data   RO         4620    .constdata          c_w.l(_printf_fp_hex.o)
    0x0800a5d6   0x0800a5d6   0x00000002   PAD
    0x0800a5d8   0x0800a5d8   0x00000094   Data   RO         4658    .constdata          c_w.l(bigflt0.o)
    0x0800a66c   0x0800a66c   0x00000020   Data   RO         4781    Region$$Table       anon$$obj.o
    0x0800a68c   0x0800a68c   0x0000001c   Data   RO         4682    locale$$data        c_w.l(lc_numeric_c.o)
    0x0800a6a8   0x0800a6a8   0x00000110   Data   RO         4709    locale$$data        c_w.l(lc_ctype_c.o)


    Execution Region RW_IRAM1 (Exec base: 0x20000000, Load base: 0x0800a7b8, Size: 0x00000d40, Max: 0x00005000, ABSOLUTE)

    Exec Addr    Load Addr    Size         Type   Attr      Idx    E Section Name        Object

    0x20000000   0x0800a7b8   0x00000008   Data   RW          375    .data               mpu6050.o
    0x20000008   0x0800a7c0   0x00000028   Data   RW          467    .data               key.o
    0x20000030   0x0800a7e8   0x00000019   Data   RW          546    .data               menu.o
    0x20000049   0x0800a801   0x00000003   PAD
    0x2000004c   0x0800a804   0x0000000c   Data   RW          652    .data               timeset.o
    0x20000058   0x0800a810   0x00000060   Data   RW          749    .data               item.o
    0x200000b8   0x0800a870   0x0000000c   Data   RW         1600    .data               stm32f1xx_hal.o
    0x200000c4   0x0800a87c   0x00000004   Data   RW         4238    .data               system_stm32f1xx.o
    0x200000c8        -       0x00000400   Zero   RW           48    .bss                oled.o
    0x200004c8        -       0x00000030   Zero   RW          986    .bss                adc.o
    0x200004f8        -       0x000000a8   Zero   RW         1029    .bss                i2c.o
    0x200005a0        -       0x00000014   Zero   RW         1076    .bss                rtc.o
    0x200005b4        -       0x00000048   Zero   RW         1118    .bss                tim.o
    0x200005fc        -       0x000000e4   Zero   RW         4277    .bss                c_w.l(rand.o)
    0x200006e0        -       0x00000060   Zero   RW         4644    .bss                c_w.l(libspace.o)
    0x20000740        -       0x00000200   Zero   RW            2    HEAP                startup_stm32f103xb.o
    0x20000940        -       0x00000400   Zero   RW            1    STACK               startup_stm32f103xb.o


==============================================================================

Image component sizes


      Code (inc. data)   RO Data    RW Data    ZI Data      Debug   Object Name

       168         22          0          0         48       1597   adc.o
       180         14          0          0          0        911   gpio.o
       384         64          0          0        168       2818   i2c.o
      2820        314          0         96          0      14441   item.o
       220         16          0         40          0       3513   key.o
       294         20          0          0          0       2728   main.o
      1444        156          0         25          0       6622   menu.o
       600         32          0          8          0       5223   mpu6050.o
      2638         92          0          0       1024     460744   oled.o
         0          0       8580          0          0       1550   oled_data.o
       160         20          0          0         20       1539   rtc.o
        64         26        236          0       1536        796   startup_stm32f103xb.o
       164         28          0         12          0       5805   stm32f1xx_hal.o
       944         42          0          0          0       5324   stm32f1xx_hal_adc.o
       198         14          0          0          0      28867   stm32f1xx_hal_cortex.o
       780         60          0          0          0       4425   stm32f1xx_hal_gpio.o
      2432         56          0          0          0      13499   stm32f1xx_hal_i2c.o
        60          8          0          0          0        850   stm32f1xx_hal_msp.o
        12          4          0          0          0        503   stm32f1xx_hal_pwr.o
      1240         84         18          0          0       5040   stm32f1xx_hal_rcc.o
       400         28         18          0          0       2429   stm32f1xx_hal_rcc_ex.o
      1400         12          0          0          0      12504   stm32f1xx_hal_rtc.o
       936         24          0          0          0       9693   stm32f1xx_hal_tim.o
       108         12          0          0          0       2353   stm32f1xx_hal_tim_ex.o
        32          6          0          0          0       4176   stm32f1xx_it.o
         2          0         24          4          0       1083   system_stm32f1xx.o
       156         10          0          0         72       1614   tim.o
      1300        170          0         12          0       6476   timeset.o

    ----------------------------------------------------------------------
     19174       1334       8910        200       2868     607123   Object Totals
         0          0         32          0          0          0   (incl. Generated)
        38          0          2          3          0          0   (incl. Padding)

    ----------------------------------------------------------------------

      Code (inc. data)   RO Data    RW Data    ZI Data      Debug   Library Member Name

         8          0          0          0          0         68   __main.o
       392          4         17          0          0         92   __printf_flags_ss_wp.o
        14          0          0          0          0         68   __printf_wp.o
         0          0          0          0          0          0   __rtentry.o
        12          0          0          0          0          0   __rtentry2.o
         6          0          0          0          0          0   __rtentry4.o
        52          8          0          0          0          0   __scatter.o
        26          0          0          0          0          0   __scatter_copy.o
        28          0          0          0          0          0   __scatter_zi.o
         6          0          0          0          0          0   _printf_a.o
         6          0          0          0          0          0   _printf_c.o
        44          0          0          0          0        108   _printf_char.o
        48          6          0          0          0         96   _printf_char_common.o
        40          0          0          0          0         68   _printf_charcount.o
         6          0          0          0          0          0   _printf_d.o
       120         16          0          0          0         92   _printf_dec.o
         6          0          0          0          0          0   _printf_e.o
         6          0          0          0          0          0   _printf_f.o
      1054          0          0          0          0        216   _printf_fp_dec.o
       764          8         38          0          0        100   _printf_fp_hex.o
       128         16          0          0          0         84   _printf_fp_infnan.o
         6          0          0          0          0          0   _printf_g.o
       148          4         40          0          0        160   _printf_hex_int_ll_ptr.o
         6          0          0          0          0          0   _printf_i.o
       178          0          0          0          0         88   _printf_intcommon.o
        10          0          0          0          0          0   _printf_l.o
         6          0          0          0          0          0   _printf_lc.o
        10          0          0          0          0          0   _printf_ll.o
         6          0          0          0          0          0   _printf_lld.o
         6          0          0          0          0          0   _printf_lli.o
         6          0          0          0          0          0   _printf_llo.o
         6          0          0          0          0          0   _printf_llu.o
         6          0          0          0          0          0   _printf_llx.o
       124         16          0          0          0         92   _printf_longlong_dec.o
         6          0          0          0          0          0   _printf_ls.o
         6          0          0          0          0          0   _printf_n.o
         6          0          0          0          0          0   _printf_o.o
       112         10          0          0          0        124   _printf_oct_int_ll.o
         6          0          0          0          0          0   _printf_p.o
        78          0          0          0          0        108   _printf_pad.o
         0          0          0          0          0          0   _printf_percent.o
         4          0          0          0          0          0   _printf_percent_end.o
         6          0          0          0          0          0   _printf_s.o
        82          0          0          0          0         80   _printf_str.o
        36          0          0          0          0         84   _printf_truncate.o
         6          0          0          0          0          0   _printf_u.o
        44          0          0          0          0        108   _printf_wchar.o
       188          6          8          0          0         92   _printf_wctomb.o
         6          0          0          0          0          0   _printf_x.o
        22          0          0          0          0        100   _rserrno.o
        16          0          0          0          0         68   _snputc.o
        10          0          0          0          0         68   _sputc.o
        64          0          0          0          0         92   _wcrtomb.o
       228          4        148          0          0         96   bigflt0.o
      1936        128          0          0          0        672   btod.o
        18          0          0          0          0         80   exit.o
         6          0          0          0          0        152   heapauxi.o
         0          0          0          0          0          0   indicate_semi.o
        44         10        272          0          0         76   lc_ctype_c.o
        44         10         28          0          0         76   lc_numeric_c.o
         2          0          0          0          0          0   libinit.o
        34          0          0          0          0          0   libinit2.o
         2          0          0          0          0          0   libshutdown.o
         2          0          0          0          0          0   libshutdown2.o
         8          4          0          0         96         68   libspace.o
       138          0          0          0          0         80   lludiv10.o
       112         18          0          0        228        160   rand.o
        16          4          0          0          0         76   rt_ctype_table.o
         8          4          0          0          0         68   rt_errno_addr_intlibspace.o
         8          4          0          0          0         68   rt_locale_intlibspace.o
        68          0          0          0          0         68   rt_memclr.o
        78          0          0          0          0         80   rt_memclr_w.o
         2          0          0          0          0          0   rtexit.o
        10          0          0          0          0          0   rtexit2.o
       128          0          0          0          0         68   strcmpv7m.o
        72          0          0          0          0         80   strcpy.o
        86          0          0          0          0         76   strncpy.o
        12          4          0          0          0         68   sys_exit.o
        74          0          0          0          0         80   sys_stackheap_outer.o
         2          0          0          0          0         68   use_no_semi.o
        52          4          0          0          0         80   vsnprintf.o
        98          4          0          0          0         92   d2f.o
       826         16          0          0          0        348   daddsub_clz.o
        16          4          0          0          0         68   dcheck1.o
        24          0          0          0          0         68   dcmpi.o
       688        140          0          0          0        208   ddiv.o
        94          4          0          0          0         92   dfix.o
        90          4          0          0          0         92   dfixu.o
        84          0          0          0          0        136   dflt_clz.o
       120          4          0          0          0         92   dleqf.o
       340         12          0          0          0        104   dmul.o
       156          4          0          0          0         92   dnaninf.o
        12          0          0          0          0         68   dretinf.o
        86          4          0          0          0         84   f2d.o
       450          8          0          0          0        236   faddsub_clz.o
        12          4          0          0          0         68   fcheck1.o
       388         76          0          0          0         96   fdiv.o
        54          4          0          0          0         84   ffix.o
        86          0          0          0          0        136   fflt_clz.o
       258          4          0          0          0         84   fmul.o
       140          4          0          0          0         84   fnaninf.o
        10          0          0          0          0         68   fretinf.o
         4          0          0          0          0         68   printf1.o
         4          0          0          0          0         68   printf2.o
       100          0          0          0          0         68   retnan.o
        92          0          0          0          0         68   scalbn.o
        76          0          0          0          0         68   scalbnf.o
        48          0          0          0          0         68   trapv.o
         0          0          0          0          0          0   usenofp.o
       604         76          0          0          0        116   atan2f.o
       252         22         48          0          0        124   cos_i.o
        34          6          0          0          0        204   dunder.o
        40          0          0          0          0         68   fpclassify.o
        38          0          0          0          0         68   fpclassifyf.o
        14          0          0          0          0        136   funder.o
       170          0          0          0          0         96   poly.o
       904         76        200          0          0        140   rred.o
       160         10          0          0          0        108   sin.o
       236         12         40          0          0        128   sin_i.o

    ----------------------------------------------------------------------
     14008        786        844          0        324       8592   Library Totals
        28          0          5          0          0          0   (incl. Padding)

    ----------------------------------------------------------------------

      Code (inc. data)   RO Data    RW Data    ZI Data      Debug   Library Name

      7172        288        551          0        324       4596   c_w.l
      4356        296          0          0          0       2808   fz_ws.l
      2452        202        288          0          0       1188   m_ws.l

    ----------------------------------------------------------------------
     14008        786        844          0        324       8592   Library Totals

    ----------------------------------------------------------------------

==============================================================================


      Code (inc. data)   RO Data    RW Data    ZI Data      Debug   

     33182       2120       9754        200       3192     602035   Grand Totals
     33182       2120       9754        200       3192     602035   ELF Image Totals
     33182       2120       9754        200          0          0   ROM Totals

==============================================================================

    Total RO  Size (Code + RO Data)                42936 (  41.93kB)
    Total RW  Size (RW Data + ZI Data)              3392 (   3.31kB)
    Total ROM Size (Code + RO Data + RW Data)      43136 (  42.13kB)

==============================================================================

