Component: ARM Compiler 5.06 update 5 (build 528) Tool: armlink [4d35e2]

==============================================================================

Section Cross References

    startup_stm32f103xb.o(STACK) refers (Special) to heapauxi.o(.text) for __use_two_region_memory
    startup_stm32f103xb.o(HEAP) refers (Special) to heapauxi.o(.text) for __use_two_region_memory
    startup_stm32f103xb.o(RESET) refers (Special) to heapauxi.o(.text) for __use_two_region_memory
    startup_stm32f103xb.o(RESET) refers to startup_stm32f103xb.o(STACK) for __initial_sp
    startup_stm32f103xb.o(RESET) refers to startup_stm32f103xb.o(.text) for Reset_Handler
    startup_stm32f103xb.o(RESET) refers to stm32f1xx_it.o(i.NMI_Handler) for NMI_Handler
    startup_stm32f103xb.o(RESET) refers to stm32f1xx_it.o(i.HardFault_Handler) for HardFault_Handler
    startup_stm32f103xb.o(RESET) refers to stm32f1xx_it.o(i.MemManage_Handler) for MemManage_Handler
    startup_stm32f103xb.o(RESET) refers to stm32f1xx_it.o(i.BusFault_Handler) for BusFault_Handler
    startup_stm32f103xb.o(RESET) refers to stm32f1xx_it.o(i.UsageFault_Handler) for UsageFault_Handler
    startup_stm32f103xb.o(RESET) refers to port.o(.emb_text) for SVC_Handler
    startup_stm32f103xb.o(RESET) refers to stm32f1xx_it.o(i.DebugMon_Handler) for DebugMon_Handler
    startup_stm32f103xb.o(RESET) refers to stm32f1xx_it.o(i.SysTick_Handler) for SysTick_Handler
    startup_stm32f103xb.o(RESET) refers to stm32f1xx_it.o(i.TIM2_IRQHandler) for TIM2_IRQHandler
    startup_stm32f103xb.o(.text) refers (Special) to heapauxi.o(.text) for __use_two_region_memory
    startup_stm32f103xb.o(.text) refers to system_stm32f1xx.o(i.SystemInit) for SystemInit
    startup_stm32f103xb.o(.text) refers to __main.o(!!!main) for __main
    startup_stm32f103xb.o(.text) refers to startup_stm32f103xb.o(HEAP) for Heap_Mem
    startup_stm32f103xb.o(.text) refers to startup_stm32f103xb.o(STACK) for Stack_Mem
    oled.o(i.I2C_ReceiveAck) refers to stm32f1xx_hal_gpio.o(i.HAL_GPIO_WritePin) for HAL_GPIO_WritePin
    oled.o(i.I2C_ReceiveAck) refers to stm32f1xx_hal_gpio.o(i.HAL_GPIO_ReadPin) for HAL_GPIO_ReadPin
    oled.o(i.I2C_SendByte) refers to stm32f1xx_hal_gpio.o(i.HAL_GPIO_WritePin) for HAL_GPIO_WritePin
    oled.o(i.I2C_Start) refers to stm32f1xx_hal_gpio.o(i.HAL_GPIO_WritePin) for HAL_GPIO_WritePin
    oled.o(i.I2C_Stop) refers to stm32f1xx_hal_gpio.o(i.HAL_GPIO_WritePin) for HAL_GPIO_WritePin
    oled.o(i.OLED_Clear) refers to oled.o(.bss) for .bss
    oled.o(i.OLED_ClearArea) refers to oled.o(.bss) for .bss
    oled.o(i.OLED_DrawArc) refers to oled.o(i.OLED_IsInAngle) for OLED_IsInAngle
    oled.o(i.OLED_DrawArc) refers to oled.o(i.OLED_DrawPoint) for OLED_DrawPoint
    oled.o(i.OLED_DrawCircle) refers to oled.o(i.OLED_DrawPoint) for OLED_DrawPoint
    oled.o(i.OLED_DrawEllipse) refers to dflt_clz.o(x$fpl$dflt) for __aeabi_i2d
    oled.o(i.OLED_DrawEllipse) refers to daddsub_clz.o(x$fpl$dadd) for __aeabi_dadd
    oled.o(i.OLED_DrawEllipse) refers to dmul.o(x$fpl$dmul) for __aeabi_dmul
    oled.o(i.OLED_DrawEllipse) refers to d2f.o(x$fpl$d2f) for __aeabi_d2f
    oled.o(i.OLED_DrawEllipse) refers to oled.o(i.OLED_DrawPoint) for OLED_DrawPoint
    oled.o(i.OLED_DrawEllipse) refers to fflt_clz.o(x$fpl$fflt) for __aeabi_i2f
    oled.o(i.OLED_DrawEllipse) refers to faddsub_clz.o(x$fpl$fadd) for __aeabi_fadd
    oled.o(i.OLED_DrawEllipse) refers to daddsub_clz.o(x$fpl$dsub) for __aeabi_dsub
    oled.o(i.OLED_DrawEllipse) refers to dleqf.o(x$fpl$dleqf) for __aeabi_cdcmple
    oled.o(i.OLED_DrawLine) refers to oled.o(i.OLED_DrawPoint) for OLED_DrawPoint
    oled.o(i.OLED_DrawPoint) refers to oled.o(.bss) for .bss
    oled.o(i.OLED_DrawRectangle) refers to oled.o(i.OLED_DrawPoint) for OLED_DrawPoint
    oled.o(i.OLED_DrawTriangle) refers to oled.o(i.OLED_DrawLine) for OLED_DrawLine
    oled.o(i.OLED_DrawTriangle) refers to oled.o(i.OLED_pnpoly) for OLED_pnpoly
    oled.o(i.OLED_DrawTriangle) refers to oled.o(i.OLED_DrawPoint) for OLED_DrawPoint
    oled.o(i.OLED_GPIO_Init) refers to stm32f1xx_hal_gpio.o(i.HAL_GPIO_Init) for HAL_GPIO_Init
    oled.o(i.OLED_GPIO_Init) refers to stm32f1xx_hal_gpio.o(i.HAL_GPIO_WritePin) for HAL_GPIO_WritePin
    oled.o(i.OLED_GetPoint) refers to oled.o(.bss) for .bss
    oled.o(i.OLED_Init) refers to oled.o(i.OLED_GPIO_Init) for OLED_GPIO_Init
    oled.o(i.OLED_Init) refers to oled.o(i.OLED_WriteCommand) for OLED_WriteCommand
    oled.o(i.OLED_Init) refers to oled.o(i.OLED_Clear) for OLED_Clear
    oled.o(i.OLED_Init) refers to oled.o(i.OLED_Update) for OLED_Update
    oled.o(i.OLED_IsInAngle) refers to dflt_clz.o(x$fpl$dflt) for __aeabi_i2d
    oled.o(i.OLED_IsInAngle) refers to atan2.o(i.atan2) for atan2
    oled.o(i.OLED_IsInAngle) refers to ddiv.o(x$fpl$ddiv) for __aeabi_ddiv
    oled.o(i.OLED_IsInAngle) refers to dmul.o(x$fpl$dmul) for __aeabi_dmul
    oled.o(i.OLED_IsInAngle) refers to dfix.o(x$fpl$dfix) for __aeabi_d2iz
[...]
    MX_GPIO_Init                             0x08004835   Thumb Code   166  gpio.o(i.MX_GPIO_Init)
    MX_I2C1_Init                             0x080048e9   Thumb Code    50  i2c.o(i.MX_I2C1_Init)
    MX_I2C2_Init                             0x08004929   Thumb Code    50  i2c.o(i.MX_I2C2_Init)
    MX_RTC_Init                              0x08004969   Thumb Code   100  rtc.o(i.MX_RTC_Init)
    MX_TIM2_Init                             0x080049d5   Thumb Code    96  tim.o(i.MX_TIM2_Init)
    MemManage_Handler                        0x08004a39   Thumb Code     2  stm32f1xx_it.o(i.MemManage_Handler)
    Menu                                     0x08004a3d   Thumb Code   248  menu.o(i.Menu)
    Menu_Animation                           0x08004b3d   Thumb Code   216  menu.o(i.Menu_Animation)
    Menu_Emoji                               0x08004c21   Thumb Code    30  item.o(i.Menu_Emoji)
    Menu_FirstPage                           0x08004c45   Thumb Code   138  menu.o(i.Menu_FirstPage)
    Menu_Game                                0x08004cdd   Thumb Code   134  item.o(i.Menu_Game)
    Menu_Gradienter                          0x08004d6d   Thumb Code    44  item.o(i.Menu_Gradienter)
    Menu_LED                                 0x08004d9d   Thumb Code   176  item.o(i.Menu_LED)
    Menu_MPU6050                             0x08004e59   Thumb Code   154  item.o(i.Menu_MPU6050)
    Menu_Timer                               0x08004f25   Thumb Code   224  item.o(i.Menu_Timer)
    NMI_Handler                              0x0800500d   Thumb Code     2  stm32f1xx_it.o(i.NMI_Handler)
    OLED_Clear                               0x08005011   Thumb Code    34  oled.o(i.OLED_Clear)
    OLED_ClearArea                           0x08005039   Thumb Code    86  oled.o(i.OLED_ClearArea)
    OLED_DrawCircle                          0x08005095   Thumb Code   318  oled.o(i.OLED_DrawCircle)
    OLED_DrawEllipse                         0x080051d5   Thumb Code   686  oled.o(i.OLED_DrawEllipse)
    OLED_DrawPoint                           0x08005489   Thumb Code    48  oled.o(i.OLED_DrawPoint)
    OLED_GPIO_Init                           0x080054bd   Thumb Code   106  oled.o(i.OLED_GPIO_Init)
    OLED_Init                                0x08005531   Thumb Code   156  oled.o(i.OLED_Init)
    OLED_Pow                                 0x080055cd   Thumb Code    14  oled.o(i.OLED_Pow)
    OLED_Printf                              0x080055db   Thumb Code    82  oled.o(i.OLED_Printf)
    OLED_ReverseArea                         0x0800562d   Thumb Code    84  oled.o(i.OLED_ReverseArea)
    OLED_SetCursor                           0x08005685   Thumb Code    36  oled.o(i.OLED_SetCursor)
    OLED_ShowChar                            0x080056a9   Thumb Code    78  oled.o(i.OLED_ShowChar)
    OLED_ShowImage                           0x08005705   Thumb Code   182  oled.o(i.OLED_ShowImage)
    OLED_ShowNum                             0x080057c1   Thumb Code    70  oled.o(i.OLED_ShowNum)
    OLED_ShowString                          0x08005809   Thumb Code   210  oled.o(i.OLED_ShowString)
    OLED_Update                              0x080058e5   Thumb Code    34  oled.o(i.OLED_Update)
    OLED_WriteCommand                        0x0800590d   Thumb Code    46  oled.o(i.OLED_WriteCommand)
    OLED_WriteData                           0x0800593b   Thumb Code    60  oled.o(i.OLED_WriteData)
    Set_Selection                            0x08005b8d   Thumb Code    16  menu.o(i.Set_Selection)
    SettingPage                              0x08005ba1   Thumb Code   152  menu.o(i.SettingPage)
    Show_Barrier                             0x08005c41   Thumb Code    84  item.o(i.Show_Barrier)
    Show_Clock_UI                            0x08005c9d   Thumb Code   108  menu.o(i.Show_Clock_UI)
    Show_Dino                                0x08005d41   Thumb Code   140  item.o(i.Show_Dino)
    Show_Emoji                               0x08005de1   Thumb Code   254  item.o(i.Show_Emoji)
    Show_Gradienter_UI                       0x08005ee9   Thumb Code    66  item.o(i.Show_Gradienter_UI)
    Show_Ground                              0x08005f31   Thumb Code    98  item.o(i.Show_Ground)
    Show_Score                               0x08005fa1   Thumb Code    22  item.o(i.Show_Score)
    Show_SettingPage                         0x08005fbd   Thumb Code    40  menu.o(i.Show_SettingPage)
    Show_WatchUI                             0x08005ff5   Thumb Code    90  item.o(i.Show_WatchUI)
    Shwo_Battery                             0x08006081   Thumb Code   250  menu.o(i.Shwo_Battery)
    StartDisplayTask                         0x08006191   Thumb Code    66  main.o(i.StartDisplayTask)
    StopWatch_Tick                           0x080061e5   Thumb Code    70  item.o(i.StopWatch_Tick)
    SysTick_Handler                          0x08006231   Thumb Code    24  stm32f1xx_it.o(i.SysTick_Handler)
    SystemClock_Config                       0x08006249   Thumb Code   134  main.o(i.SystemClock_Config)
    SystemInit                               0x080062cf   Thumb Code     2  system_stm32f1xx.o(i.SystemInit)
    TIM2_IRQHandler                          0x080062d1   Thumb Code     6  stm32f1xx_it.o(i.TIM2_IRQHandler)
    TIM_Base_SetConfig                       0x080062dd   Thumb Code   108  stm32f1xx_hal_tim.o(i.TIM_Base_SetConfig)
    TIM_ETR_SetConfig                        0x08006355   Thumb Code    20  stm32f1xx_hal_tim.o(i.TIM_ETR_SetConfig)
    TimeSet                                  0x080063c1   Thumb Code   258  timeset.o(i.TimeSet)
    TimeSet_First_UI                         0x080064cd   Thumb Code   122  timeset.o(i.TimeSet_First_UI)
    TimeSet_Second_UI                        0x08006569   Thumb Code   102  timeset.o(i.TimeSet_Second_UI)
    UsageFault_Handler                       0x080065e9   Thumb Code     2  stm32f1xx_it.o(i.UsageFault_Handler)
    __ARM_fpclassify                         0x080065eb   Thumb Code    40  fpclassify.o(i.__ARM_fpclassify)
    __ARM_fpclassifyf                        0x08006613   Thumb Code    38  fpclassifyf.o(i.__ARM_fpclassifyf)
    __ieee754_rem_pio2                       0x08006659   Thumb Code   828  rred.o(i.__ieee754_rem_pio2)
    __kernel_cos                             0x080069e1   Thumb Code   230  cos_i.o(i.__kernel_cos)
    __kernel_poly                            0x08006add   Thumb Code   170  poly.o(i.__kernel_poly)
    __kernel_sin                             0x08006b89   Thumb Code   224  sin_i.o(i.__kernel_sin)
    __mathlib_dbl_infnan                     0x08006c75   Thumb Code     6  dunder.o(i.__mathlib_dbl_infnan)
    __mathlib_dbl_invalid                    0x08006c7b   Thumb Code    12  dunder.o(i.__mathlib_dbl_invalid)
    __mathlib_dbl_underflow                  0x08006c89   Thumb Code    10  dunder.o(i.__mathlib_dbl_underflow)
    __mathlib_flt_infnan2                    0x08006c99   Thumb Code     4  funder.o(i.__mathlib_flt_infnan2)
    __mathlib_flt_underflow                  0x08006c9d   Thumb Code    10  funder.o(i.__mathlib_flt_underflow)
    _is_digit                                0x08006ca7   Thumb Code    14  __printf_wp.o(i._is_digit)
    atan2f                                   0x08006cb5   Thumb Code   528  atan2f.o(i.atan2f)
    date_set                                 0x08006f41   Thumb Code   108  timeset.o(i.date_set)
    hour_set                                 0x08006fb9   Thumb Code   100  timeset.o(i.hour_set)
    isColliding                              0x08007029   Thumb Code    78  item.o(i.isColliding)
    main                                     0x08007085   Thumb Code    56  main.o(i.main)
    minute_set                               0x080070c1   Thumb Code   100  timeset.o(i.minute_set)
    month_set                                0x08007131   Thumb Code   116  timeset.o(i.month_set)
    osDelay                                  0x080071b1   Thumb Code    26  cmsis_os2.o(i.osDelay)
    osKernelInitialize                       0x080071cd   Thumb Code    32  cmsis_os2.o(i.osKernelInitialize)
    osKernelStart                            0x080071f1   Thumb Code    48  cmsis_os2.o(i.osKernelStart)
    osThreadNew                              0x08007229   Thumb Code   138  cmsis_os2.o(i.osThreadNew)
    pvPortMalloc                             0x08007a49   Thumb Code   216  heap_4.o(i.pvPortMalloc)
    pxPortInitialiseStack                    0x08007b25   Thumb Code    32  port.o(i.pxPortInitialiseStack)
    second_set                               0x08007b49   Thumb Code    98  timeset.o(i.second_set)
    sin                                      0x08007bb9   Thumb Code   150  sin.o(i.sin)
    uxListRemove                             0x08007c59   Thumb Code    38  list.o(i.uxListRemove)
    vApplicationGetIdleTaskMemory            0x08007c81   Thumb Code    16  cmsis_os2.o(i.vApplicationGetIdleTaskMemory)
    vApplicationGetTimerTaskMemory           0x08007c95   Thumb Code    18  cmsis_os2.o(i.vApplicationGetTimerTaskMemory)
    vListInitialise                          0x08007cad   Thumb Code    22  list.o(i.vListInitialise)
    vListInitialiseItem                      0x08007cc3   Thumb Code     6  list.o(i.vListInitialiseItem)
    vListInsert                              0x08007cc9   Thumb Code    48  list.o(i.vListInsert)
    vListInsertEnd                           0x08007cf9   Thumb Code    24  list.o(i.vListInsertEnd)
    vPortEnterCritical                       0x08007d11   Thumb Code    54  port.o(i.vPortEnterCritical)
    vPortExitCritical                        0x08007d51   Thumb Code    34  port.o(i.vPortExitCritical)
    vPortFree                                0x08007d79   Thumb Code    94  heap_4.o(i.vPortFree)
    vPortSetupTimerInterrupt                 0x08007ddd   Thumb Code    32  port.o(i.vPortSetupTimerInterrupt)
    vPortValidateInterruptPriority           0x08007e01   Thumb Code    74  port.o(i.vPortValidateInterruptPriority)
    vQueueAddToRegistry                      0x08007e55   Thumb Code    34  queue.o(i.vQueueAddToRegistry)
    vQueueWaitForMessageRestricted           0x08007e7d   Thumb Code    68  queue.o(i.vQueueWaitForMessageRestricted)
    vTaskDelay                               0x08007ec1   Thumb Code    66  tasks.o(i.vTaskDelay)
    vTaskInternalSetTimeOutState             0x08007f0d   Thumb Code    12  tasks.o(i.vTaskInternalSetTimeOutState)
    vTaskMissedYield                         0x08007f1d   Thumb Code     8  tasks.o(i.vTaskMissedYield)
    vTaskPlaceOnEventList                    0x08007f29   Thumb Code    44  tasks.o(i.vTaskPlaceOnEventList)
    vTaskPlaceOnEventListRestricted          0x08007f59   Thumb Code    52  tasks.o(i.vTaskPlaceOnEventListRestricted)
    vTaskStartScheduler                      0x08007f91   Thumb Code   118  tasks.o(i.vTaskStartScheduler)
    vTaskSuspendAll                          0x08008019   Thumb Code    10  tasks.o(i.vTaskSuspendAll)
    vTaskSwitchContext                       0x08008029   Thumb Code    90  tasks.o(i.vTaskSwitchContext)
    xPortStartScheduler                      0x0800808d   Thumb Code   154  port.o(i.xPortStartScheduler)
    xPortSysTickHandler                      0x08008135   Thumb Code    38  port.o(i.xPortSysTickHandler)
    xQueueGenericCreateStatic                0x08008161   Thumb Code   102  queue.o(i.xQueueGenericCreateStatic)
    xQueueGenericReset                       0x080081c9   Thumb Code   132  queue.o(i.xQueueGenericReset)
    xQueueGenericSend                        0x08008251   Thumb Code   346  queue.o(i.xQueueGenericSend)
    xQueueGenericSendFromISR                 0x080083b1   Thumb Code   190  queue.o(i.xQueueGenericSendFromISR)
    xQueueReceive                            0x08008471   Thumb Code   308  queue.o(i.xQueueReceive)
    xTaskCheckForTimeOut                     0x080085a9   Thumb Code   112  tasks.o(i.xTaskCheckForTimeOut)
    xTaskCreate                              0x0800861d   Thumb Code    90  tasks.o(i.xTaskCreate)
    xTaskCreateStatic                        0x08008677   Thumb Code    86  tasks.o(i.xTaskCreateStatic)
    xTaskGetSchedulerState                   0x080086cd   Thumb Code    22  tasks.o(i.xTaskGetSchedulerState)
    xTaskGetTickCount                        0x080086e9   Thumb Code     6  tasks.o(i.xTaskGetTickCount)
    xTaskIncrementTick                       0x080086f5   Thumb Code   192  tasks.o(i.xTaskIncrementTick)
    xTaskPriorityDisinherit                  0x080087bd   Thumb Code   118  tasks.o(i.xTaskPriorityDisinherit)
    xTaskRemoveFromEventList                 0x0800883d   Thumb Code    98  tasks.o(i.xTaskRemoveFromEventList)
    xTaskResumeAll                           0x080088ad   Thumb Code   182  tasks.o(i.xTaskResumeAll)
    xTimerCreateTimerTask                    0x08008971   Thumb Code    78  timers.o(i.xTimerCreateTimerTask)
    xTimerGenericCommand                     0x080089d1   Thumb Code    98  timers.o(i.xTimerGenericCommand)
    year_set                                 0x08008a39   Thumb Code    98  timeset.o(i.year_set)
    _get_lc_numeric                          0x08008aa9   Thumb Code    44  lc_numeric_c.o(locale$$code)
    _get_lc_ctype                            0x08008ad5   Thumb Code    44  lc_ctype_c.o(locale$$code)
    __aeabi_d2f                              0x08008b01   Thumb Code     0  d2f.o(x$fpl$d2f)
    _d2f                                     0x08008b01   Thumb Code    98  d2f.o(x$fpl$d2f)
    __aeabi_dadd                             0x08008b65   Thumb Code     0  daddsub_clz.o(x$fpl$dadd)
    _dadd                                    0x08008b65   Thumb Code   332  daddsub_clz.o(x$fpl$dadd)
    __fpl_dcheck_NaN1                        0x08008cb5   Thumb Code    10  dcheck1.o(x$fpl$dcheck1)
    __fpl_dcmp_Inf                           0x08008cc5   Thumb Code    24  dcmpi.o(x$fpl$dcmpinf)
    __aeabi_ddiv                             0x08008cdd   Thumb Code     0  ddiv.o(x$fpl$ddiv)
    _ddiv                                    0x08008cdd   Thumb Code   552  ddiv.o(x$fpl$ddiv)
    __aeabi_d2iz                             0x08008f8d   Thumb Code     0  dfix.o(x$fpl$dfix)
    _dfix                                    0x08008f8d   Thumb Code    94  dfix.o(x$fpl$dfix)
    __aeabi_d2uiz                            0x08008fed   Thumb Code     0  dfixu.o(x$fpl$dfixu)
    _dfixu                                   0x08008fed   Thumb Code    90  dfixu.o(x$fpl$dfixu)
    __aeabi_i2d                              0x08009047   Thumb Code     0  dflt_clz.o(x$fpl$dflt)
    _dflt                                    0x08009047   Thumb Code    46  dflt_clz.o(x$fpl$dflt)
    __aeabi_ui2d                             0x08009075   Thumb Code     0  dflt_clz.o(x$fpl$dfltu)
    _dfltu                                   0x08009075   Thumb Code    38  dflt_clz.o(x$fpl$dfltu)
    __aeabi_cdcmple                          0x0800909d   Thumb Code     0  dleqf.o(x$fpl$dleqf)
    _dcmple                                  0x0800909d   Thumb Code   120  dleqf.o(x$fpl$dleqf)
    __fpl_dcmple_InfNaN                      0x080090ff   Thumb Code     0  dleqf.o(x$fpl$dleqf)
    __aeabi_dmul                             0x08009115   Thumb Code     0  dmul.o(x$fpl$dmul)
    _dmul                                    0x08009115   Thumb Code   332  dmul.o(x$fpl$dmul)
    __fpl_dnaninf                            0x08009269   Thumb Code   156  dnaninf.o(x$fpl$dnaninf)
    __fpl_dretinf                            0x08009305   Thumb Code    12  dretinf.o(x$fpl$dretinf)
    __aeabi_drsub                            0x08009311   Thumb Code     0  daddsub_clz.o(x$fpl$drsb)
    _drsb                                    0x08009311   Thumb Code    22  daddsub_clz.o(x$fpl$drsb)
    __aeabi_dsub                             0x08009329   Thumb Code     0  daddsub_clz.o(x$fpl$dsub)
    _dsub                                    0x08009329   Thumb Code   464  daddsub_clz.o(x$fpl$dsub)
    __aeabi_f2d                              0x080094fd   Thumb Code     0  f2d.o(x$fpl$f2d)
    _f2d                                     0x080094fd   Thumb Code    86  f2d.o(x$fpl$f2d)
    __aeabi_fadd                             0x08009555   Thumb Code     0  faddsub_clz.o(x$fpl$fadd)
    _fadd                                    0x08009555   Thumb Code   196  faddsub_clz.o(x$fpl$fadd)
    __fpl_fcheck_NaN1                        0x08009619   Thumb Code     6  fcheck1.o(x$fpl$fcheck1)
    __aeabi_fdiv                             0x08009625   Thumb Code     0  fdiv.o(x$fpl$fdiv)
    _fdiv                                    0x08009625   Thumb Code   384  fdiv.o(x$fpl$fdiv)
    __aeabi_f2iz                             0x080097a9   Thumb Code     0  ffix.o(x$fpl$ffix)
    _ffix                                    0x080097a9   Thumb Code    54  ffix.o(x$fpl$ffix)
    __aeabi_i2f                              0x080097e1   Thumb Code     0  fflt_clz.o(x$fpl$fflt)
    _fflt                                    0x080097e1   Thumb Code    48  fflt_clz.o(x$fpl$fflt)
    __aeabi_ui2f                             0x08009811   Thumb Code     0  fflt_clz.o(x$fpl$ffltu)
    _ffltu                                   0x08009811   Thumb Code    38  fflt_clz.o(x$fpl$ffltu)
    __aeabi_fmul                             0x08009839   Thumb Code     0  fmul.o(x$fpl$fmul)
    _fmul                                    0x08009839   Thumb Code   258  fmul.o(x$fpl$fmul)
    __fpl_fnaninf                            0x0800993b   Thumb Code   140  fnaninf.o(x$fpl$fnaninf)
    __fpl_fretinf                            0x080099c7   Thumb Code    10  fretinf.o(x$fpl$fretinf)
    __aeabi_frsub                            0x080099d1   Thumb Code     0  faddsub_clz.o(x$fpl$frsb)
    _frsb                                    0x080099d1   Thumb Code    20  faddsub_clz.o(x$fpl$frsb)
    __aeabi_fsub                             0x080099e5   Thumb Code     0  faddsub_clz.o(x$fpl$fsub)
    _fsub                                    0x080099e5   Thumb Code   234  faddsub_clz.o(x$fpl$fsub)
    _printf_fp_dec                           0x08009acf   Thumb Code     4  printf1.o(x$fpl$printf1)
    _printf_fp_hex                           0x08009ad3   Thumb Code     4  printf2.o(x$fpl$printf2)
    __fpl_return_NaN                         0x08009ad7   Thumb Code   100  retnan.o(x$fpl$retnan)
    __ARM_scalbn                             0x08009b3b   Thumb Code    92  scalbn.o(x$fpl$scalbn)
    __ARM_scalbnf                            0x08009b97   Thumb Code    76  scalbnf.o(x$fpl$scalbnf)
    __fpl_cmpreturn                          0x08009be3   Thumb Code    48  trapv.o(x$fpl$trapveneer)
    OLED_F8x16                               0x08009c12   Data        1520  oled_data.o(.constdata)
    __I$use$fp                               0x08009c12   Number         0  usenofp.o(x$fpl$usenofp)
    OLED_F6x8                                0x0800a202   Data         570  oled_data.o(.constdata)
    OLED_F12x24                              0x0800a43c   Data        3420  oled_data.o(.constdata)
    OLED_CF16x16                             0x0800b198   Data        1050  oled_data.o(.constdata)
    Return                                   0x0800b5b2   Data          32  oled_data.o(.constdata)
    Menu_Graph                               0x0800b5d2   Data        1024  oled_data.o(.constdata)
    Frame                                    0x0800b9d2   Data         264  oled_data.o(.constdata)
    Ground                                   0x0800bada   Data         256  oled_data.o(.constdata)
    Barrier                                  0x0800bbda   Data         144  oled_data.o(.constdata)
    Dino                                     0x0800bc6a   Data         144  oled_data.o(.constdata)
    Eyebrow                                  0x0800bcfa   Data          64  oled_data.o(.constdata)
    Mouth                                    0x0800bd3a   Data          60  oled_data.o(.constdata)
    Battery                                  0x0800bd76   Data          32  oled_data.o(.constdata)
    DisplayTask_attributes                   0x0800bd98   Data          36  main.o(.constdata)
    AHBPrescTable                            0x0800bde0   Data          16  system_stm32f1xx.o(.constdata)
    APBPrescTable                            0x0800bdf0   Data           8  system_stm32f1xx.o(.constdata)
    Region$$Table$$Base                      0x0800c028   Number         0  anon$$obj.o(Region$$Table)
    Region$$Table$$Limit                     0x0800c048   Number         0  anon$$obj.o(Region$$Table)
    __ctype                                  0x0800c071   Data           0  lc_ctype_c.o(locale$$data)
    Key_Num                                  0x20000008   Data           1  key.o(.data)
    menu_flag                                0x20000030   Data           1  menu.o(.data)
    ADValue                                  0x20000032   Data           2  menu.o(.data)
    clkflag                                  0x20000034   Data           4  menu.o(.data)
    setflag                                  0x20000038   Data           4  menu.o(.data)
    VBAT                                     0x2000003c   Data           4  menu.o(.data)
    Battery_Capacity                         0x20000040   Data           4  menu.o(.data)
    menu_item                                0x20000044   Data           5  menu.o(.data)
    sTime                                    0x2000004c   Data           3  timeset.o(.data)
    timeset_flg                              0x20000050   Data           4  timeset.o(.data)
    sDate                                    0x20000054   Data           4  timeset.o(.data)
    stopwatch_flag                           0x20000058   Data           1  item.o(.data)
    Dino_jump_flag                           0x20000059   Data           1  item.o(.data)
    game_flag                                0x2000005a   Data           1  item.o(.data)
    LED_flag                                 0x2000005b   Data           1  item.o(.data)
    Barrier_flag                             0x2000005d   Data           1  item.o(.data)
    Barrier_pos                              0x2000005e   Data           1  item.o(.data)
    Dino_jump_pos                            0x2000005f   Data           1  item.o(.data)
    AX                                       0x20000062   Data           2  item.o(.data)
    AY                                       0x20000064   Data           2  item.o(.data)
    AZ                                       0x20000066   Data           2  item.o(.data)
    GX                                       0x20000068   Data           2  item.o(.data)
    GY                                       0x2000006a   Data           2  item.o(.data)
    GZ                                       0x2000006c   Data           2  item.o(.data)
    Ground_Pos                               0x2000006e   Data           2  item.o(.data)
    Dino_jump_time                           0x20000070   Data           2  item.o(.data)
    a                                        0x20000074   Data           4  item.o(.data)
    Delta_t                                  0x20000078   Data           4  item.o(.data)
    menu_watch                               0x2000007c   Data           4  item.o(.data)
    rool_g                                   0x20000080   Data           4  item.o(.data)
    pitch_g                                  0x20000084   Data           4  item.o(.data)
    yaw_g                                    0x20000088   Data           4  item.o(.data)
    rool_a                                   0x2000008c   Data           4  item.o(.data)
    pitch_a                                  0x20000090   Data           4  item.o(.data)
    Rool                                     0x20000094   Data           4  item.o(.data)
    Pitch                                    0x20000098   Data           4  item.o(.data)
    Yaw                                      0x2000009c   Data           4  item.o(.data)
    Score                                    0x200000a0   Data           4  item.o(.data)
    barrieer                                 0x200000a4   Data           4  item.o(.data)
    dino                                     0x200000a8   Data           4  item.o(.data)
    pi                                       0x200000b0   Data           8  item.o(.data)
    DisplayTaskHandle                        0x200000b8   Data           4  main.o(.data)
    uwTickFreq                               0x200000bc   Data           1  stm32f1xx_hal.o(.data)
    uwTickPrio                               0x200000c0   Data           4  stm32f1xx_hal.o(.data)
    uwTick                                   0x200000c4   Data           4  stm32f1xx_hal.o(.data)
    SystemCoreClock                          0x200000c8   Data           4  system_stm32f1xx.o(.data)
    pxCurrentTCB                             0x200000cc   Data           4  tasks.o(.data)
    OLED_DisplayBuf                          0x2000014c   Data        1024  oled.o(.bss)
    hadc1                                    0x2000054c   Data          48  adc.o(.bss)
    hi2c1                                    0x2000057c   Data          84  i2c.o(.bss)
    hi2c2                                    0x200005d0   Data          84  i2c.o(.bss)
    hrtc                                     0x20000624   Data          20  rtc.o(.bss)
    htim2                                    0x20000638   Data          72  tim.o(.bss)
    xQueueRegistry                           0x20000b44   Data          64  queue.o(.bss)
    _random_number_data                      0x20002b54   Data         228  rand.o(.bss)
    __libspace_start                         0x20002c38   Data          96  libspace.o(.bss)
    __temporary_stack_top$libspace           0x20002c98   Data           0  libspace.o(.bss)



==============================================================================

Memory Map of the image

  Image Entry point : 0x080000ed

  Load Region LR_IROM1 (Base: 0x08000000, Size: 0x0000c2c0, Max: 0x00010000, ABSOLUTE, COMPRESSED[0x0000c1bc])

    Execution Region ER_IROM1 (Exec base: 0x08000000, Load base: 0x08000000, Size: 0x0000c174, Max: 0x00010000, ABSOLUTE)

    Exec Addr    Load Addr    Size         Type   Attr      Idx    E Section Name        Object

    0x08000000   0x08000000   0x000000ec   Data   RO            3    RESET               startup_stm32f103xb.o
    0x080000ec   0x080000ec   0x00000008   Code   RO         6084  * !!!main             c_w.l(__main.o)
    0x080000f4   0x080000f4   0x00000034   Code   RO         6581    !!!scatter          c_w.l(__scatter.o)
    0x08000128   0x08000128   0x0000005a   Code   RO         6579    !!dczerorl2         c_w.l(__dczerorl2.o)
    0x08000182   0x08000182   0x00000002   PAD
    0x08000184   0x08000184   0x0000001c   Code   RO         6583    !!handler_zi        c_w.l(__scatter_zi.o)
    0x080001a0   0x080001a0   0x00000000   Code   RO         6254    .ARM.Collect$$_printf_percent$$00000000  c_w.l(_printf_percent.o)
    0x080001a0   0x080001a0   0x00000006   Code   RO         6243    .ARM.Collect$$_printf_percent$$00000001  c_w.l(_printf_n.o)
    0x080001a6   0x080001a6   0x00000006   Code   RO         6245    .ARM.Collect$$_printf_percent$$00000002  c_w.l(_printf_p.o)
    0x080001ac   0x080001ac   0x00000006   Code   RO         6250    .ARM.Collect$$_printf_percent$$00000003  c_w.l(_printf_f.o)
    0x080001b2   0x080001b2   0x00000006   Code   RO         6251    .ARM.Collect$$_printf_percent$$00000004  c_w.l(_printf_e.o)
    0x080001b8   0x080001b8   0x00000006   Code   RO         6252    .ARM.Collect$$_printf_percent$$00000005  c_w.l(_printf_g.o)
    0x080001be   0x080001be   0x00000006   Code   RO         6253    .ARM.Collect$$_printf_percent$$00000006  c_w.l(_printf_a.o)
    0x080001c4   0x080001c4   0x0000000a   Code   RO         6258    .ARM.Collect$$_printf_percent$$00000007  c_w.l(_printf_ll.o)
    0x080001ce   0x080001ce   0x00000006   Code   RO         6247    .ARM.Collect$$_printf_percent$$00000008  c_w.l(_printf_i.o)
    0x080001d4   0x080001d4   0x00000006   Code   RO         6248    .ARM.Collect$$_printf_percent$$00000009  c_w.l(_printf_d.o)
    0x080001da   0x080001da   0x00000006   Code   RO         6249    .ARM.Collect$$_printf_percent$$0000000A  c_w.l(_printf_u.o)
    0x080001e0   0x080001e0   0x00000006   Code   RO         6246    .ARM.Collect$$_printf_percent$$0000000B  c_w.l(_printf_o.o)
    0x080001e6   0x080001e6   0x00000006   Code   RO         6244    .ARM.Collect$$_printf_percent$$0000000C  c_w.l(_printf_x.o)
    0x080001ec   0x080001ec   0x00000006   Code   RO         6255    .ARM.Collect$$_printf_percent$$0000000D  c_w.l(_printf_lli.o)
    0x080001f2   0x080001f2   0x00000006   Code   RO         6256    .ARM.Collect$$_printf_percent$$0000000E  c_w.l(_printf_lld.o)
    0x080001f8   0x080001f8   0x00000006   Code   RO         6257    .ARM.Collect$$_printf_percent$$0000000F  c_w.l(_printf_llu.o)
    0x080001fe   0x080001fe   0x00000006   Code   RO         6262    .ARM.Collect$$_printf_percent$$00000010  c_w.l(_printf_llo.o)
    0x08000204   0x08000204   0x00000006   Code   RO         6263    .ARM.Collect$$_printf_percent$$00000011  c_w.l(_printf_llx.o)
    0x0800020a   0x0800020a   0x0000000a   Code   RO         6259    .ARM.Collect$$_printf_percent$$00000012  c_w.l(_printf_l.o)
    0x08000214   0x08000214   0x00000006   Code   RO         6241    .ARM.Collect$$_printf_percent$$00000013  c_w.l(_printf_c.o)
    0x0800021a   0x0800021a   0x00000006   Code   RO         6242    .ARM.Collect$$_printf_percent$$00000014  c_w.l(_printf_s.o)
    0x08000220   0x08000220   0x00000006   Code   RO         6260    .ARM.Collect$$_printf_percent$$00000015  c_w.l(_printf_lc.o)
    0x08000226   0x08000226   0x00000006   Code   RO         6261    .ARM.Collect$$_printf_percent$$00000016  c_w.l(_printf_ls.o)
    0x0800022c   0x0800022c   0x00000004   Code   RO         6424    .ARM.Collect$$_printf_percent$$00000017  c_w.l(_printf_percent_end.o)
    0x08000230   0x08000230   0x00000002   Code   RO         6492    .ARM.Collect$$libinit$$00000000  c_w.l(libinit.o)
    0x08000232   0x08000232   0x00000000   Code   RO         6269    .ARM.Collect$$libinit$$00000002  c_w.l(libinit2.o)
    0x08000232   0x08000232   0x00000000   Code   RO         6271    .ARM.Collect$$libinit$$00000004  c_w.l(libinit2.o)
    0x08000232   0x08000232   0x00000000   Code   RO         6274    .ARM.Collect$$libinit$$0000000A  c_w.l(libinit2.o)
    0x08000232   0x08000232   0x00000000   Code   RO         6276    .ARM.Collect$$libinit$$0000000C  c_w.l(libinit2.o)
    0x08000232   0x08000232   0x00000004   Code   RO         6277    .ARM.Collect$$libinit$$0000000D  c_w.l(libinit2.o)
    0x08000236   0x08000236   0x00000000   Code   RO         6278    .ARM.Collect$$libinit$$0000000E  c_w.l(libinit2.o)
    0x08000236   0x08000236   0x00000006   Code   RO         6279    .ARM.Collect$$libinit$$0000000F  c_w.l(libinit2.o)
    0x0800023c   0x0800023c   0x00000000   Code   RO         6281    .ARM.Collect$$libinit$$00000011  c_w.l(libinit2.o)
    0x0800023c   0x0800023c   0x0000000c   Code   RO         6282    .ARM.Collect$$libinit$$00000012  c_w.l(libinit2.o)
    0x08000248   0x08000248   0x00000000   Code   RO         6283    .ARM.Collect$$libinit$$00000013  c_w.l(libinit2.o)
    0x08000248   0x08000248   0x00000000   Code   RO         6285    .ARM.Collect$$libinit$$00000015  c_w.l(libinit2.o)
    0x08000248   0x08000248   0x0000000a   Code   RO         6286    .ARM.Collect$$libinit$$00000016  c_w.l(libinit2.o)
    0x08000252   0x08000252   0x00000000   Code   RO         6287    .ARM.Collect$$libinit$$00000017  c_w.l(libinit2.o)
    0x08000252   0x08000252   0x00000000   Code   RO         6289    .ARM.Collect$$libinit$$00000019  c_w.l(libinit2.o)
    0x08000252   0x08000252   0x00000000   Code   RO         6291    .ARM.Collect$$libinit$$0000001B  c_w.l(libinit2.o)
    0x08000252   0x08000252   0x00000000   Code   RO         6293    .ARM.Collect$$libinit$$0000001D  c_w.l(libinit2.o)
    0x08000252   0x08000252   0x00000000   Code   RO         6295    .ARM.Collect$$libinit$$0000001F  c_w.l(libinit2.o)
    0x08000252   0x08000252   0x00000000   Code   RO         6297    .ARM.Collect$$libinit$$00000021  c_w.l(libinit2.o)
    0x08000252   0x08000252   0x00000000   Code   RO         6299    .ARM.Collect$$libinit$$00000023  c_w.l(libinit2.o)
    0x08000252   0x08000252   0x00000000   Code   RO         6301    .ARM.Collect$$libinit$$00000025  c_w.l(libinit2.o)
    0x08000252   0x08000252   0x00000000   Code   RO         6305    .ARM.Collect$$libinit$$0000002C  c_w.l(libinit2.o)
    0x08000252   0x08000252   0x00000000   Code   RO         6307    .ARM.Collect$$libinit$$0000002E  c_w.l(libinit2.o)
    0x08000252   0x08000252   0x00000000   Code   RO         6309    .ARM.Collect$$libinit$$00000030  c_w.l(libinit2.o)
    0x08000252   0x08000252   0x00000000   Code   RO         6311    .ARM.Collect$$libinit$$00000032  c_w.l(libinit2.o)
    0x08000252   0x08000252   0x00000002   Code   RO         6312    .ARM.Collect$$libinit$$00000033  c_w.l(libinit2.o)
    0x08000254   0x08000254   0x00000002   Code   RO         6540    .ARM.Collect$$libshutdown$$00000000  c_w.l(libshutdown.o)
    0x08000256   0x08000256   0x00000000   Code   RO         6546    .ARM.Collect$$libshutdown$$00000002  c_w.l(libshutdown2.o)
    0x08000256   0x08000256   0x00000000   Code   RO         6548    .ARM.Collect$$libshutdown$$00000004  c_w.l(libshutdown2.o)
    0x08000256   0x08000256   0x00000000   Code   RO         6551    .ARM.Collect$$libshutdown$$00000007  c_w.l(libshutdown2.o)
    0x08000256   0x08000256   0x00000000   Code   RO         6554    .ARM.Collect$$libshutdown$$0000000A  c_w.l(libshutdown2.o)
    0x08000256   0x08000256   0x00000000   Code   RO         6556    .ARM.Collect$$libshutdown$$0000000C  c_w.l(libshutdown2.o)
    0x08000256   0x08000256   0x00000000   Code   RO         6559    .ARM.Collect$$libshutdown$$0000000F  c_w.l(libshutdown2.o)
    0x08000256   0x08000256   0x00000002   Code   RO         6560    .ARM.Collect$$libshutdown$$00000010  c_w.l(libshutdown2.o)
    0x08000258   0x08000258   0x00000000   Code   RO         6168    .ARM.Collect$$rtentry$$00000000  c_w.l(__rtentry.o)
    0x08000258   0x08000258   0x00000000   Code   RO         6390    .ARM.Collect$$rtentry$$00000002  c_w.l(__rtentry2.o)
    0x08000258   0x08000258   0x00000006   Code   RO         6402    .ARM.Collect$$rtentry$$00000004  c_w.l(__rtentry4.o)
    0x0800025e   0x0800025e   0x00000000   Code   RO         6392    .ARM.Collect$$rtentry$$00000009  c_w.l(__rtentry2.o)
    0x0800025e   0x0800025e   0x00000004   Code   RO         6393    .ARM.Collect$$rtentry$$0000000A  c_w.l(__rtentry2.o)
    0x08000262   0x08000262   0x00000000   Code   RO         6395    .ARM.Collect$$rtentry$$0000000C  c_w.l(__rtentry2.o)
    0x08000262   0x08000262   0x00000008   Code   RO         6396    .ARM.Collect$$rtentry$$0000000D  c_w.l(__rtentry2.o)
    0x0800026a   0x0800026a   0x00000002   Code   RO         6501    .ARM.Collect$$rtexit$$00000000  c_w.l(rtexit.o)
    0x0800026c   0x0800026c   0x00000000   Code   RO         6518    .ARM.Collect$$rtexit$$00000002  c_w.l(rtexit2.o)
    0x0800026c   0x0800026c   0x00000004   Code   RO         6519    .ARM.Collect$$rtexit$$00000003  c_w.l(rtexit2.o)
    0x08000270   0x08000270   0x00000006   Code   RO         6520    .ARM.Collect$$rtexit$$00000004  c_w.l(rtexit2.o)
    0x08000276   0x08000276   0x00000002   PAD
    0x08000278   0x08000278   0x00000096   Code   RO         5408    .emb_text           port.o
    0x0800030e   0x0800030e   0x00000002   PAD
    0x08000310   0x08000310   0x00000034   Code   RO         6063    .emb_text           c_w.l(rand.o)
    0x08000344   0x08000344   0x00000040   Code   RO            4    .text               startup_stm32f103xb.o
    0x08000384   0x08000384   0x00000034   Code   RO         6061    .text               c_w.l(vsnprintf.o)
    0x080003b8   0x080003b8   0x0000003c   Code   RO         6064    .text               c_w.l(rand.o)
    0x080003f4   0x080003f4   0x00000048   Code   RO         6068    .text               c_w.l(strcpy.o)
    0x0800043c   0x0800043c   0x0000008a   Code   RO         6070    .text               c_w.l(rt_memcpy_v6.o)
    0x080004c6   0x080004c6   0x00000010   Code   RO         6074    .text               c_w.l(aeabi_memset.o)
    0x080004d6   0x080004d6   0x0000004e   Code   RO         6076    .text               c_w.l(rt_memclr_w.o)
    0x08000524   0x08000524   0x00000056   Code   RO         6078    .text               c_w.l(strncpy.o)
    0x0800057a   0x0800057a   0x00000002   PAD
    0x0800057c   0x0800057c   0x00000080   Code   RO         6080    .text               c_w.l(strcmpv7m.o)
    0x080005fc   0x080005fc   0x00000006   Code   RO         6082    .text               c_w.l(heapauxi.o)
    0x08000602   0x08000602   0x00000016   Code   RO         6169    .text               c_w.l(_rserrno.o)
    0x08000618   0x08000618   0x0000004e   Code   RO         6173    .text               c_w.l(_printf_pad.o)
    0x08000666   0x08000666   0x00000024   Code   RO         6175    .text               c_w.l(_printf_truncate.o)
    0x0800068a   0x0800068a   0x00000052   Code   RO         6177    .text               c_w.l(_printf_str.o)
    0x080006dc   0x080006dc   0x00000078   Code   RO         6179    .text               c_w.l(_printf_dec.o)
    0x08000754   0x08000754   0x00000028   Code   RO         6181    .text               c_w.l(_printf_charcount.o)
    0x0800077c   0x0800077c   0x00000030   Code   RO         6183    .text               c_w.l(_printf_char_common.o)
    0x080007ac   0x080007ac   0x0000000a   Code   RO         6185    .text               c_w.l(_sputc.o)
    0x080007b6   0x080007b6   0x00000010   Code   RO         6187    .text               c_w.l(_snputc.o)
    0x080007c6   0x080007c6   0x00000002   PAD
    0x080007c8   0x080007c8   0x000000bc   Code   RO         6189    .text               c_w.l(_printf_wctomb.o)
    0x08000884   0x08000884   0x0000007c   Code   RO         6192    .text               c_w.l(_printf_longlong_dec.o)
    0x08000900   0x08000900   0x00000070   Code   RO         6198    .text               c_w.l(_printf_oct_int_ll.o)
    0x08000970   0x08000970   0x00000094   Code   RO         6218    .text               c_w.l(_printf_hex_int_ll_ptr.o)
    0x08000a04   0x08000a04   0x00000188   Code   RO         6238    .text               c_w.l(__printf_flags_ss_wp.o)
    0x08000b8c   0x08000b8c   0x00000064   Code   RO         6264    .text               c_w.l(rt_memcpy_w.o)
    0x08000bf0   0x08000bf0   0x00000044   Code   RO         6266    .text               c_w.l(rt_memclr.o)
    0x08000c34   0x08000c34   0x00000008   Code   RO         6407    .text               c_w.l(rt_errno_addr_intlibspace.o)
    0x08000c3c   0x08000c3c   0x0000008a   Code   RO         6409    .text               c_w.l(lludiv10.o)
    0x08000cc6   0x08000cc6   0x000000b2   Code   RO         6411    .text               c_w.l(_printf_intcommon.o)
    0x08000d78   0x08000d78   0x0000041e   Code   RO         6413    .text               c_w.l(_printf_fp_dec.o)
    0x08001196   0x08001196   0x00000002   PAD
    0x08001198   0x08001198   0x000002fc   Code   RO         6415    .text               c_w.l(_printf_fp_hex.o)
    0x08001494   0x08001494   0x0000002c   Code   RO         6420    .text               c_w.l(_printf_char.o)
    0x080014c0   0x080014c0   0x0000002c   Code   RO         6422    .text               c_w.l(_printf_wchar.o)
    0x080014ec   0x080014ec   0x00000040   Code   RO         6425    .text               c_w.l(_wcrtomb.o)
    0x0800152c   0x0800152c   0x00000008   Code   RO         6439    .text               c_w.l(libspace.o)
    0x08001534   0x08001534   0x0000004a   Code   RO         6442    .text               c_w.l(sys_stackheap_outer.o)
    0x0800157e   0x0800157e   0x00000002   PAD
    0x08001580   0x08001580   0x00000010   Code   RO         6444    .text               c_w.l(rt_ctype_table.o)
    0x08001590   0x08001590   0x00000008   Code   RO         6449    .text               c_w.l(rt_locale_intlibspace.o)
    0x08001598   0x08001598   0x00000080   Code   RO         6451    .text               c_w.l(_printf_fp_infnan.o)
    0x08001618   0x08001618   0x000000e4   Code   RO         6453    .text               c_w.l(bigflt0.o)
    0x080016fc   0x080016fc   0x00000012   Code   RO         6481    .text               c_w.l(exit.o)
    0x0800170e   0x0800170e   0x00000002   Code   RO         6514    .text               c_w.l(use_no_semi.o)
    0x08001710   0x08001710   0x00000000   Code   RO         6516    .text               c_w.l(indicate_semi.o)
    0x08001710   0x08001710   0x0000000c   Code   RO         6532    .text               c_w.l(sys_exit.o)
    0x0800171c   0x0800171c   0x0000003e   Code   RO         6456    CL$$btod_d2e        c_w.l(btod.o)
    0x0800175a   0x0800175a   0x00000046   Code   RO         6458    CL$$btod_d2e_denorm_low  c_w.l(btod.o)
    0x080017a0   0x080017a0   0x00000060   Code   RO         6457    CL$$btod_d2e_norm_op1  c_w.l(btod.o)
    0x08001800   0x08001800   0x00000338   Code   RO         6466    CL$$btod_div_common  c_w.l(btod.o)
    0x08001b38   0x08001b38   0x000000dc   Code   RO         6463    CL$$btod_e2e        c_w.l(btod.o)
    0x08001c14   0x08001c14   0x0000002a   Code   RO         6460    CL$$btod_ediv       c_w.l(btod.o)
    0x08001c3e   0x08001c3e   0x0000002a   Code   RO         6459    CL$$btod_emul       c_w.l(btod.o)
    0x08001c68   0x08001c68   0x00000244   Code   RO         6465    CL$$btod_mult_common  c_w.l(btod.o)
    0x08001eac   0x08001eac   0x00000056   Code   RO         1336    i.ADC_ConversionStop_Disable  stm32f1xx_hal_adc.o
    0x08001f02   0x08001f02   0x00000002   PAD
    0x08001f04   0x08001f04   0x0000007c   Code   RO         1340    i.ADC_Enable        stm32f1xx_hal_adc.o
    0x08001f80   0x08001f80   0x00000002   Code   RO         1206    i.BusFault_Handler  stm32f1xx_it.o
    0x08001f82   0x08001f82   0x00000002   PAD
    0x08001f84   0x08001f84   0x00000054   Code   RO          759    i.DIno_Tick         item.o
    0x08001fd8   0x08001fd8   0x00000002   Code   RO         1207    i.DebugMon_Handler  stm32f1xx_it.o
    0x08001fda   0x08001fda   0x00000002   PAD
    0x08001fdc   0x08001fdc   0x00000030   Code   RO          760    i.DinoGame_Animation  item.o
    0x0800200c   0x0800200c   0x00000018   Code   RO          761    i.DinoGame_Init     item.o
    0x08002024   0x08002024   0x00000004   Code   RO          942    i.Error_Handler     main.o
    0x08002028   0x08002028   0x000000a8   Code   RO          569    i.First_Page_Clack  menu.o
    0x080020d0   0x080020d0   0x00000034   Code   RO          762    i.Game_UI           item.o
    0x08002104   0x08002104   0x00000030   Code   RO          675    i.Get_Max_Day       timeset.o
    0x08002134   0x08002134   0x000000fc   Code   RO         1342    i.HAL_ADC_ConfigChannel  stm32f1xx_hal_adc.o
    0x08002230   0x08002230   0x00000006   Code   RO         1349    i.HAL_ADC_GetValue  stm32f1xx_hal_adc.o
    0x08002236   0x08002236   0x00000002   PAD
    0x08002238   0x08002238   0x0000011c   Code   RO         1351    i.HAL_ADC_Init      stm32f1xx_hal_adc.o
    0x08002354   0x08002354   0x00000058   Code   RO         1033    i.HAL_ADC_MspInit   adc.o
    0x080023ac   0x080023ac   0x000000c0   Code   RO         1357    i.HAL_ADC_Start     stm32f1xx_hal_adc.o
    0x0800246c   0x0800246c   0x00000118   Code   RO         1926    i.HAL_GPIO_DeInit   stm32f1xx_hal_gpio.o
    0x08002584   0x08002584   0x000001e0   Code   RO         1929    i.HAL_GPIO_Init     stm32f1xx_hal_gpio.o
    0x08002764   0x08002764   0x0000000a   Code   RO         1931    i.HAL_GPIO_ReadPin  stm32f1xx_hal_gpio.o
    0x0800276e   0x0800276e   0x0000000a   Code   RO         1933    i.HAL_GPIO_WritePin  stm32f1xx_hal_gpio.o
    0x08002778   0x08002778   0x0000000c   Code   RO         1623    i.HAL_GetTick       stm32f1xx_hal.o
    0x08002784   0x08002784   0x00000032   Code   RO         2591    i.HAL_I2C_DeInit    stm32f1xx_hal_i2c.o
    0x080027b6   0x080027b6   0x00000002   PAD
    0x080027b8   0x080027b8   0x00000188   Code   RO         2600    i.HAL_I2C_Init      stm32f1xx_hal_i2c.o
    0x08002940   0x08002940   0x0000025c   Code   RO         2618    i.HAL_I2C_Mem_Read  stm32f1xx_hal_i2c.o
    0x08002b9c   0x08002b9c   0x00000130   Code   RO         2621    i.HAL_I2C_Mem_Write  stm32f1xx_hal_i2c.o
    0x08002ccc   0x08002ccc   0x00000058   Code   RO         1074    i.HAL_I2C_MspDeInit  i2c.o
    0x08002d24   0x08002d24   0x000000a8   Code   RO         1075    i.HAL_I2C_MspInit   i2c.o
    0x08002dcc   0x08002dcc   0x00000010   Code   RO         1629    i.HAL_IncTick       stm32f1xx_hal.o
    0x08002ddc   0x08002ddc   0x00000024   Code   RO         1630    i.HAL_Init          stm32f1xx_hal.o
    0x08002e00   0x08002e00   0x00000040   Code   RO         1631    i.HAL_InitTick      stm32f1xx_hal.o
    0x08002e40   0x08002e40   0x0000003c   Code   RO         1276    i.HAL_MspInit       stm32f1xx_hal_msp.o
    0x08002e7c   0x08002e7c   0x0000001a   Code   RO         2089    i.HAL_NVIC_EnableIRQ  stm32f1xx_hal_cortex.o
    0x08002e96   0x08002e96   0x00000002   PAD
    0x08002e98   0x08002e98   0x00000040   Code   RO         2095    i.HAL_NVIC_SetPriority  stm32f1xx_hal_cortex.o
    0x08002ed8   0x08002ed8   0x00000024   Code   RO         2096    i.HAL_NVIC_SetPriorityGrouping  stm32f1xx_hal_cortex.o
    0x08002efc   0x08002efc   0x0000000c   Code   RO         2211    i.HAL_PWR_EnableBkUpAccess  stm32f1xx_hal_pwr.o
    0x08002f08   0x08002f08   0x000000a4   Code   RO         1890    i.HAL_RCCEx_GetPeriphCLKFreq  stm32f1xx_hal_rcc_ex.o
    0x08002fac   0x08002fac   0x000000ec   Code   RO         1891    i.HAL_RCCEx_PeriphCLKConfig  stm32f1xx_hal_rcc_ex.o
    0x08003098   0x08003098   0x0000012c   Code   RO         1787    i.HAL_RCC_ClockConfig  stm32f1xx_hal_rcc.o
    0x080031c4   0x080031c4   0x00000020   Code   RO         1794    i.HAL_RCC_GetPCLK1Freq  stm32f1xx_hal_rcc.o
    0x080031e4   0x080031e4   0x00000020   Code   RO         1795    i.HAL_RCC_GetPCLK2Freq  stm32f1xx_hal_rcc.o
    0x08003204   0x08003204   0x0000004c   Code   RO         1796    i.HAL_RCC_GetSysClockFreq  stm32f1xx_hal_rcc.o
    0x08003250   0x08003250   0x00000320   Code   RO         1799    i.HAL_RCC_OscConfig  stm32f1xx_hal_rcc.o
    0x08003570   0x08003570   0x0000004e   Code   RO         3031    i.HAL_RTC_GetDate   stm32f1xx_hal_rtc.o
    0x080035be   0x080035be   0x000000d8   Code   RO         3033    i.HAL_RTC_GetTime   stm32f1xx_hal_rtc.o
    0x08003696   0x08003696   0x00000002   PAD
    0x08003698   0x08003698   0x00000094   Code   RO         3034    i.HAL_RTC_Init      stm32f1xx_hal_rtc.o
    0x0800372c   0x0800372c   0x00000034   Code   RO         1123    i.HAL_RTC_MspInit   rtc.o
    0x08003760   0x08003760   0x000000c4   Code   RO         3040    i.HAL_RTC_SetDate   stm32f1xx_hal_rtc.o
    0x08003824   0x08003824   0x000000ac   Code   RO         3041    i.HAL_RTC_SetTime   stm32f1xx_hal_rtc.o
    0x080038d0   0x080038d0   0x0000003a   Code   RO         3042    i.HAL_RTC_WaitForSynchro  stm32f1xx_hal_rtc.o
    0x0800390a   0x0800390a   0x00000028   Code   RO         2100    i.HAL_SYSTICK_Config  stm32f1xx_hal_cortex.o
    0x08003932   0x08003932   0x00000002   Code   RO         4004    i.HAL_TIMEx_BreakCallback  stm32f1xx_hal_tim_ex.o
    0x08003934   0x08003934   0x00000002   Code   RO         4005    i.HAL_TIMEx_CommutCallback  stm32f1xx_hal_tim_ex.o
    0x08003936   0x08003936   0x00000002   PAD
    0x08003938   0x08003938   0x00000068   Code   RO         4023    i.HAL_TIMEx_MasterConfigSynchronization  stm32f1xx_hal_tim_ex.o
    0x080039a0   0x080039a0   0x0000005a   Code   RO         3300    i.HAL_TIM_Base_Init  stm32f1xx_hal_tim.o
    0x080039fa   0x080039fa   0x00000002   PAD
    0x080039fc   0x080039fc   0x00000038   Code   RO         1165    i.HAL_TIM_Base_MspInit  tim.o
    0x08003a34   0x08003a34   0x00000058   Code   RO         3305    i.HAL_TIM_Base_Start_IT  stm32f1xx_hal_tim.o
    0x08003a8c   0x08003a8c   0x000000dc   Code   RO         3309    i.HAL_TIM_ConfigClockSource  stm32f1xx_hal_tim.o
    0x08003b68   0x08003b68   0x00000002   Code   RO         3334    i.HAL_TIM_IC_CaptureCallback  stm32f1xx_hal_tim.o
    0x08003b6a   0x08003b6a   0x00000130   Code   RO         3348    i.HAL_TIM_IRQHandler  stm32f1xx_hal_tim.o
    0x08003c9a   0x08003c9a   0x00000002   Code   RO         3351    i.HAL_TIM_OC_DelayElapsedCallback  stm32f1xx_hal_tim.o
    0x08003c9c   0x08003c9c   0x00000002   Code   RO         3378    i.HAL_TIM_PWM_PulseFinishedCallback  stm32f1xx_hal_tim.o
    0x08003c9e   0x08003c9e   0x0000001c   Code   RO          943    i.HAL_TIM_PeriodElapsedCallback  main.o
    0x08003cba   0x08003cba   0x00000002   Code   RO         3391    i.HAL_TIM_TriggerCallback  stm32f1xx_hal_tim.o
    0x08003cbc   0x08003cbc   0x00000002   Code   RO         1208    i.HardFault_Handler  stm32f1xx_it.o
    0x08003cbe   0x08003cbe   0x00000002   PAD
    0x08003cc0   0x08003cc0   0x00000078   Code   RO          365    i.I2C_Bus_Reset     mpu6050.o
    0x08003d38   0x08003d38   0x0000002e   Code   RO         2643    i.I2C_IsAcknowledgeFailed  stm32f1xx_hal_i2c.o
    0x08003d66   0x08003d66   0x00000002   PAD
    0x08003d68   0x08003d68   0x00000038   Code   RO           13    i.I2C_ReceiveAck    oled.o
    0x08003da0   0x08003da0   0x000000fc   Code   RO         2653    i.I2C_RequestMemoryRead  stm32f1xx_hal_i2c.o
    0x08003e9c   0x08003e9c   0x000000a8   Code   RO         2654    i.I2C_RequestMemoryWrite  stm32f1xx_hal_i2c.o
    0x08003f44   0x08003f44   0x0000004c   Code   RO           14    i.I2C_SendByte      oled.o
    0x08003f90   0x08003f90   0x00000038   Code   RO           15    i.I2C_Start         oled.o
    0x08003fc8   0x08003fc8   0x00000030   Code   RO           16    i.I2C_Stop          oled.o
    0x08003ff8   0x08003ff8   0x00000056   Code   RO         2658    i.I2C_WaitOnBTFFlagUntilTimeout  stm32f1xx_hal_i2c.o
    0x0800404e   0x0800404e   0x00000002   PAD
    0x08004050   0x08004050   0x00000090   Code   RO         2659    i.I2C_WaitOnFlagUntilTimeout  stm32f1xx_hal_i2c.o
    0x080040e0   0x080040e0   0x000000bc   Code   RO         2660    i.I2C_WaitOnMasterAddressFlagUntilTimeout  stm32f1xx_hal_i2c.o
    0x0800419c   0x0800419c   0x00000070   Code   RO         2661    i.I2C_WaitOnRXNEFlagUntilTimeout  stm32f1xx_hal_i2c.o
    0x0800420c   0x0800420c   0x00000056   Code   RO         2662    i.I2C_WaitOnTXEFlagUntilTimeout  stm32f1xx_hal_i2c.o
    0x08004262   0x08004262   0x00000002   PAD
    0x08004264   0x08004264   0x000000fc   Code   RO          763    i.Init_Attitude     item.o
    0x08004360   0x08004360   0x00000010   Code   RO          496    i.Key_GetNum        key.o
    0x08004370   0x08004370   0x00000028   Code   RO          497    i.Key_Init          key.o
    0x08004398   0x08004398   0x00000074   Code   RO          498    i.Key_Process       key.o
    0x0800440c   0x0800440c   0x00000030   Code   RO          499    i.Key_Scan          key.o
    0x0800443c   0x0800443c   0x00000044   Code   RO          764    i.LED_UI            item.o
    0x08004480   0x08004480   0x00000164   Code   RO          765    i.MPU6050_Calculation  item.o
    0x080045e4   0x080045e4   0x00000070   Code   RO          366    i.MPU6050_CalibrateGyro  mpu6050.o
    0x08004654   0x08004654   0x00000084   Code   RO          367    i.MPU6050_GetData   mpu6050.o
    0x080046d8   0x080046d8   0x00000068   Code   RO          370    i.MPU6050_Init      mpu6050.o
    0x08004740   0x08004740   0x00000030   Code   RO          371    i.MPU6050_ReadData  mpu6050.o
    0x08004770   0x08004770   0x00000028   Code   RO          372    i.MPU6050_ReadReg   mpu6050.o
    0x08004798   0x08004798   0x0000002c   Code   RO          374    i.MPU6050_WriteReg  mpu6050.o
    0x080047c4   0x080047c4   0x00000050   Code   RO         1034    i.MX_ADC1_Init      adc.o
    0x08004814   0x08004814   0x00000020   Code   RO          944    i.MX_FREERTOS_Init  main.o
    0x08004834   0x08004834   0x000000b4   Code   RO         1008    i.MX_GPIO_Init      gpio.o
    0x080048e8   0x080048e8   0x00000040   Code   RO         1076    i.MX_I2C1_Init      i2c.o
    0x08004928   0x08004928   0x00000040   Code   RO         1077    i.MX_I2C2_Init      i2c.o
    0x08004968   0x08004968   0x0000006c   Code   RO         1124    i.MX_RTC_Init       rtc.o
    0x080049d4   0x080049d4   0x00000064   Code   RO         1166    i.MX_TIM2_Init      tim.o
    0x08004a38   0x08004a38   0x00000002   Code   RO         1209    i.MemManage_Handler  stm32f1xx_it.o
    0x08004a3a   0x08004a3a   0x00000002   PAD
    0x08004a3c   0x08004a3c   0x00000100   Code   RO          570    i.Menu              menu.o
    0x08004b3c   0x08004b3c   0x000000e4   Code   RO          571    i.Menu_Animation    menu.o
    0x08004c20   0x08004c20   0x00000024   Code   RO          766    i.Menu_Emoji        item.o
    0x08004c44   0x08004c44   0x00000098   Code   RO          572    i.Menu_FirstPage    menu.o
    0x08004cdc   0x08004cdc   0x00000090   Code   RO          767    i.Menu_Game         item.o
    0x08004d6c   0x08004d6c   0x00000030   Code   RO          768    i.Menu_Gradienter   item.o
    0x08004d9c   0x08004d9c   0x000000bc   Code   RO          769    i.Menu_LED          item.o
    0x08004e58   0x08004e58   0x000000cc   Code   RO          770    i.Menu_MPU6050      item.o
    0x08004f24   0x08004f24   0x000000e8   Code   RO          771    i.Menu_Timer        item.o
    0x0800500c   0x0800500c   0x00000002   Code   RO         1210    i.NMI_Handler       stm32f1xx_it.o
    0x0800500e   0x0800500e   0x00000002   PAD
    0x08005010   0x08005010   0x00000028   Code   RO           17    i.OLED_Clear        oled.o
    0x08005038   0x08005038   0x0000005c   Code   RO           18    i.OLED_ClearArea    oled.o
    0x08005094   0x08005094   0x0000013e   Code   RO           20    i.OLED_DrawCircle   oled.o
    0x080051d2   0x080051d2   0x00000002   PAD
    0x080051d4   0x080051d4   0x000002b4   Code   RO           21    i.OLED_DrawEllipse  oled.o
    0x08005488   0x08005488   0x00000034   Code   RO           23    i.OLED_DrawPoint    oled.o
    0x080054bc   0x080054bc   0x00000074   Code   RO           26    i.OLED_GPIO_Init    oled.o
    0x08005530   0x08005530   0x0000009c   Code   RO           28    i.OLED_Init         oled.o
    0x080055cc   0x080055cc   0x0000000e   Code   RO           30    i.OLED_Pow          oled.o
    0x080055da   0x080055da   0x00000052   Code   RO           31    i.OLED_Printf       oled.o
    0x0800562c   0x0800562c   0x00000058   Code   RO           33    i.OLED_ReverseArea  oled.o
    0x08005684   0x08005684   0x00000024   Code   RO           34    i.OLED_SetCursor    oled.o
    0x080056a8   0x080056a8   0x0000005c   Code   RO           36    i.OLED_ShowChar     oled.o
    0x08005704   0x08005704   0x000000bc   Code   RO           39    i.OLED_ShowImage    oled.o
    0x080057c0   0x080057c0   0x00000046   Code   RO           40    i.OLED_ShowNum      oled.o
    0x08005806   0x08005806   0x00000002   PAD
    0x08005808   0x08005808   0x000000dc   Code   RO           42    i.OLED_ShowString   oled.o
    0x080058e4   0x080058e4   0x00000028   Code   RO           43    i.OLED_Update       oled.o
    0x0800590c   0x0800590c   0x0000002e   Code   RO           45    i.OLED_WriteCommand  oled.o
    0x0800593a   0x0800593a   0x0000003c   Code   RO           46    i.OLED_WriteData    oled.o
    0x08005976   0x08005976   0x00000012   Code   RO         3043    i.RTC_Bcd2ToByte    stm32f1xx_hal_rtc.o
    0x08005988   0x08005988   0x00000016   Code   RO         3044    i.RTC_ByteToBcd2    stm32f1xx_hal_rtc.o
    0x0800599e   0x0800599e   0x000000ae   Code   RO         3045    i.RTC_DateUpdate    stm32f1xx_hal_rtc.o
    0x08005a4c   0x08005a4c   0x00000034   Code   RO         3046    i.RTC_EnterInitMode  stm32f1xx_hal_rtc.o
    0x08005a80   0x08005a80   0x00000036   Code   RO         3047    i.RTC_ExitInitMode  stm32f1xx_hal_rtc.o
    0x08005ab6   0x08005ab6   0x0000000e   Code   RO         3048    i.RTC_ReadAlarmCounter  stm32f1xx_hal_rtc.o
    0x08005ac4   0x08005ac4   0x00000020   Code   RO         3049    i.RTC_ReadTimeCounter  stm32f1xx_hal_rtc.o
    0x08005ae4   0x08005ae4   0x00000056   Code   RO         3050    i.RTC_WeekDayNum    stm32f1xx_hal_rtc.o
    0x08005b3a   0x08005b3a   0x00000028   Code   RO         3051    i.RTC_WriteAlarmCounter  stm32f1xx_hal_rtc.o
    0x08005b62   0x08005b62   0x00000028   Code   RO         3052    i.RTC_WriteTimeCounter  stm32f1xx_hal_rtc.o
    0x08005b8a   0x08005b8a   0x00000002   PAD
    0x08005b8c   0x08005b8c   0x00000014   Code   RO          574    i.Set_Selection     menu.o
    0x08005ba0   0x08005ba0   0x000000a0   Code   RO          575    i.SettingPage       menu.o
    0x08005c40   0x08005c40   0x0000005c   Code   RO          772    i.Show_Barrier      item.o
    0x08005c9c   0x08005c9c   0x000000a4   Code   RO          576    i.Show_Clock_UI     menu.o
    0x08005d40   0x08005d40   0x000000a0   Code   RO          773    i.Show_Dino         item.o
    0x08005de0   0x08005de0   0x00000108   Code   RO          774    i.Show_Emoji        item.o
    0x08005ee8   0x08005ee8   0x00000048   Code   RO          775    i.Show_Gradienter_UI  item.o
    0x08005f30   0x08005f30   0x00000070   Code   RO          776    i.Show_Ground       item.o
    0x08005fa0   0x08005fa0   0x0000001c   Code   RO          777    i.Show_Score        item.o
    0x08005fbc   0x08005fbc   0x00000038   Code   RO          577    i.Show_SettingPage  menu.o
    0x08005ff4   0x08005ff4   0x0000008c   Code   RO          778    i.Show_WatchUI      item.o
    0x08006080   0x08006080   0x00000110   Code   RO          578    i.Shwo_Battery      menu.o
    0x08006190   0x08006190   0x00000054   Code   RO          945    i.StartDisplayTask  main.o
    0x080061e4   0x080061e4   0x0000004c   Code   RO          779    i.StopWatch_Tick    item.o
    0x08006230   0x08006230   0x00000018   Code   RO         1211    i.SysTick_Handler   stm32f1xx_it.o
    0x08006248   0x08006248   0x00000086   Code   RO          946    i.SystemClock_Config  main.o
    0x080062ce   0x080062ce   0x00000002   Code   RO         4272    i.SystemInit        system_stm32f1xx.o
    0x080062d0   0x080062d0   0x0000000c   Code   RO         1212    i.TIM2_IRQHandler   stm32f1xx_it.o
    0x080062dc   0x080062dc   0x00000078   Code   RO         3393    i.TIM_Base_SetConfig  stm32f1xx_hal_tim.o
    0x08006354   0x08006354   0x00000014   Code   RO         3404    i.TIM_ETR_SetConfig  stm32f1xx_hal_tim.o
    0x08006368   0x08006368   0x00000010   Code   RO         3405    i.TIM_ITRx_SetConfig  stm32f1xx_hal_tim.o
    0x08006378   0x08006378   0x00000022   Code   RO         3411    i.TIM_TI1_ConfigInputStage  stm32f1xx_hal_tim.o
    0x0800639a   0x0800639a   0x00000024   Code   RO         3413    i.TIM_TI2_ConfigInputStage  stm32f1xx_hal_tim.o
    0x080063be   0x080063be   0x00000002   PAD
    0x080063c0   0x080063c0   0x0000010c   Code   RO          676    i.TimeSet           timeset.o
    0x080064cc   0x080064cc   0x0000009c   Code   RO          677    i.TimeSet_First_UI  timeset.o
    0x08006568   0x08006568   0x00000080   Code   RO          678    i.TimeSet_Second_UI  timeset.o
    0x080065e8   0x080065e8   0x00000002   Code   RO         1213    i.UsageFault_Handler  stm32f1xx_it.o
    0x080065ea   0x080065ea   0x00000028   Code   RO         6435    i.__ARM_fpclassify  m_ws.l(fpclassify.o)
    0x08006612   0x08006612   0x00000026   Code   RO         6361    i.__ARM_fpclassifyf  m_ws.l(fpclassifyf.o)
    0x08006638   0x08006638   0x00000020   Code   RO         2102    i.__NVIC_SetPriority  stm32f1xx_hal_cortex.o
    0x08006658   0x08006658   0x00000388   Code   RO         6378    i.__ieee754_rem_pio2  m_ws.l(rred.o)
    0x080069e0   0x080069e0   0x000000fc   Code   RO         6344    i.__kernel_cos      m_ws.l(cos_i.o)
    0x08006adc   0x08006adc   0x000000aa   Code   RO         6437    i.__kernel_poly     m_ws.l(poly.o)
    0x08006b86   0x08006b86   0x00000002   PAD
    0x08006b88   0x08006b88   0x000000ec   Code   RO         6383    i.__kernel_sin      m_ws.l(sin_i.o)
    0x08006c74   0x08006c74   0x00000006   Code   RO         6348    i.__mathlib_dbl_infnan  m_ws.l(dunder.o)
    0x08006c7a   0x08006c7a   0x0000000c   Code   RO         6350    i.__mathlib_dbl_invalid  m_ws.l(dunder.o)
    0x08006c86   0x08006c86   0x00000002   PAD
    0x08006c88   0x08006c88   0x00000010   Code   RO         6353    i.__mathlib_dbl_underflow  m_ws.l(dunder.o)
    0x08006c98   0x08006c98   0x00000004   Code   RO         6365    i.__mathlib_flt_infnan2  m_ws.l(funder.o)
    0x08006c9c   0x08006c9c   0x0000000a   Code   RO         6369    i.__mathlib_flt_underflow  m_ws.l(funder.o)
    0x08006ca6   0x08006ca6   0x0000000e   Code   RO         6231    i._is_digit         c_w.l(__printf_wp.o)
    0x08006cb4   0x08006cb4   0x0000025c   Code   RO         6151    i.atan2f            m_ws.l(atan2f.o)
    0x08006f10   0x08006f10   0x00000030   Code   RO          780    i.constrain_angle   item.o
    0x08006f40   0x08006f40   0x00000078   Code   RO          679    i.date_set          timeset.o
    0x08006fb8   0x08006fb8   0x00000070   Code   RO          680    i.hour_set          timeset.o
    0x08007028   0x08007028   0x0000005c   Code   RO          781    i.isColliding       item.o
    0x08007084   0x08007084   0x0000003c   Code   RO          947    i.main              main.o
    0x080070c0   0x080070c0   0x00000070   Code   RO          681    i.minute_set        timeset.o
    0x08007130   0x08007130   0x00000080   Code   RO          682    i.month_set         timeset.o
    0x080071b0   0x080071b0   0x0000001a   Code   RO         5547    i.osDelay           cmsis_os2.o
    0x080071ca   0x080071ca   0x00000002   PAD
    0x080071cc   0x080071cc   0x00000024   Code   RO         5561    i.osKernelInitialize  cmsis_os2.o
    0x080071f0   0x080071f0   0x00000038   Code   RO         5564    i.osKernelStart     cmsis_os2.o
    0x08007228   0x08007228   0x0000008a   Code   RO         5606    i.osThreadNew       cmsis_os2.o
    0x080072b2   0x080072b2   0x00000002   PAD
    0x080072b4   0x080072b4   0x0000005c   Code   RO         4308    i.prvAddCurrentTaskToDelayedList  tasks.o
    0x08007310   0x08007310   0x000000d0   Code   RO         4309    i.prvAddNewTaskToReadyList  tasks.o
    0x080073e0   0x080073e0   0x00000058   Code   RO         4977    i.prvCheckForValidListAndQueue  timers.o
    0x08007438   0x08007438   0x00000026   Code   RO         4701    i.prvCopyDataFromQueue  queue.o
    0x0800745e   0x0800745e   0x0000006c   Code   RO         4702    i.prvCopyDataToQueue  queue.o
    0x080074ca   0x080074ca   0x00000034   Code   RO         4310    i.prvDeleteTCB      tasks.o
    0x080074fe   0x080074fe   0x00000002   PAD
    0x08007500   0x08007500   0x0000004c   Code   RO         5485    i.prvHeapInit       heap_4.o
    0x0800754c   0x0800754c   0x00000060   Code   RO         4311    i.prvIdleTask       tasks.o
    0x080075ac   0x080075ac   0x00000022   Code   RO         4704    i.prvInitialiseNewQueue  queue.o
    0x080075ce   0x080075ce   0x00000002   PAD
    0x080075d0   0x080075d0   0x000000b0   Code   RO         4312    i.prvInitialiseNewTask  tasks.o
    0x08007680   0x08007680   0x0000004c   Code   RO         5486    i.prvInsertBlockIntoFreeList  heap_4.o
    0x080076cc   0x080076cc   0x00000038   Code   RO         4979    i.prvInsertTimerInActiveList  timers.o
    0x08007704   0x08007704   0x0000001c   Code   RO         4705    i.prvIsQueueEmpty   queue.o
    0x08007720   0x08007720   0x000000fc   Code   RO         4980    i.prvProcessReceivedCommands  timers.o
    0x0800781c   0x0800781c   0x000000c0   Code   RO         4981    i.prvProcessTimerOrBlockTask  timers.o
    0x080078dc   0x080078dc   0x00000020   Code   RO         4314    i.prvResetNextTaskUnblockTime  tasks.o
    0x080078fc   0x080078fc   0x00000028   Code   RO         4982    i.prvSampleTimeNow  timers.o
    0x08007924   0x08007924   0x0000006c   Code   RO         4983    i.prvSwitchTimerLists  timers.o
    0x08007990   0x08007990   0x00000028   Code   RO         5409    i.prvTaskExitError  port.o
    0x080079b8   0x080079b8   0x00000024   Code   RO         4984    i.prvTimerTask      timers.o
    0x080079dc   0x080079dc   0x0000006a   Code   RO         4706    i.prvUnlockQueue    queue.o
    0x08007a46   0x08007a46   0x00000002   PAD
    0x08007a48   0x08007a48   0x000000dc   Code   RO         5487    i.pvPortMalloc      heap_4.o
    0x08007b24   0x08007b24   0x00000024   Code   RO         5410    i.pxPortInitialiseStack  port.o
    0x08007b48   0x08007b48   0x00000070   Code   RO          683    i.second_set        timeset.o
    0x08007bb8   0x08007bb8   0x000000a0   Code   RO         6161    i.sin               m_ws.l(sin.o)
    0x08007c58   0x08007c58   0x00000026   Code   RO         4937    i.uxListRemove      list.o
    0x08007c7e   0x08007c7e   0x00000002   PAD
    0x08007c80   0x08007c80   0x00000014   Code   RO         5618    i.vApplicationGetIdleTaskMemory  cmsis_os2.o
    0x08007c94   0x08007c94   0x00000018   Code   RO         5619    i.vApplicationGetTimerTaskMemory  cmsis_os2.o
    0x08007cac   0x08007cac   0x00000016   Code   RO         4938    i.vListInitialise   list.o
    0x08007cc2   0x08007cc2   0x00000006   Code   RO         4939    i.vListInitialiseItem  list.o
    0x08007cc8   0x08007cc8   0x00000030   Code   RO         4940    i.vListInsert       list.o
    0x08007cf8   0x08007cf8   0x00000018   Code   RO         4941    i.vListInsertEnd    list.o
    0x08007d10   0x08007d10   0x00000040   Code   RO         5412    i.vPortEnterCritical  port.o
    0x08007d50   0x08007d50   0x00000028   Code   RO         5413    i.vPortExitCritical  port.o
    0x08007d78   0x08007d78   0x00000064   Code   RO         5488    i.vPortFree         heap_4.o
    0x08007ddc   0x08007ddc   0x00000024   Code   RO         5414    i.vPortSetupTimerInterrupt  port.o
    0x08007e00   0x08007e00   0x00000054   Code   RO         5415    i.vPortValidateInterruptPriority  port.o
    0x08007e54   0x08007e54   0x00000028   Code   RO         4712    i.vQueueAddToRegistry  queue.o
    0x08007e7c   0x08007e7c   0x00000044   Code   RO         4716    i.vQueueWaitForMessageRestricted  queue.o
    0x08007ec0   0x08007ec0   0x0000004c   Code   RO         4327    i.vTaskDelay        tasks.o
    0x08007f0c   0x08007f0c   0x00000010   Code   RO         4332    i.vTaskInternalSetTimeOutState  tasks.o
    0x08007f1c   0x08007f1c   0x0000000c   Code   RO         4333    i.vTaskMissedYield  tasks.o
    0x08007f28   0x08007f28   0x00000030   Code   RO         4335    i.vTaskPlaceOnEventList  tasks.o
    0x08007f58   0x08007f58   0x00000038   Code   RO         4336    i.vTaskPlaceOnEventListRestricted  tasks.o
    0x08007f90   0x08007f90   0x00000088   Code   RO         4344    i.vTaskStartScheduler  tasks.o
    0x08008018   0x08008018   0x00000010   Code   RO         4346    i.vTaskSuspendAll   tasks.o
    0x08008028   0x08008028   0x00000064   Code   RO         4347    i.vTaskSwitchContext  tasks.o
    0x0800808c   0x0800808c   0x000000a8   Code   RO         5416    i.xPortStartScheduler  port.o
    0x08008134   0x08008134   0x0000002c   Code   RO         5417    i.xPortSysTickHandler  port.o
    0x08008160   0x08008160   0x00000066   Code   RO         4722    i.xQueueGenericCreateStatic  queue.o
    0x080081c6   0x080081c6   0x00000002   PAD
    0x080081c8   0x080081c8   0x00000088   Code   RO         4723    i.xQueueGenericReset  queue.o
    0x08008250   0x08008250   0x00000160   Code   RO         4724    i.xQueueGenericSend  queue.o
    0x080083b0   0x080083b0   0x000000be   Code   RO         4725    i.xQueueGenericSendFromISR  queue.o
    0x0800846e   0x0800846e   0x00000002   PAD
    0x08008470   0x08008470   0x00000138   Code   RO         4734    i.xQueueReceive     queue.o
    0x080085a8   0x080085a8   0x00000074   Code   RO         4349    i.xTaskCheckForTimeOut  tasks.o
    0x0800861c   0x0800861c   0x0000005a   Code   RO         4350    i.xTaskCreate       tasks.o
    0x08008676   0x08008676   0x00000056   Code   RO         4351    i.xTaskCreateStatic  tasks.o
    0x080086cc   0x080086cc   0x0000001c   Code   RO         4355    i.xTaskGetSchedulerState  tasks.o
    0x080086e8   0x080086e8   0x0000000c   Code   RO         4356    i.xTaskGetTickCount  tasks.o
    0x080086f4   0x080086f4   0x000000c8   Code   RO         4358    i.xTaskIncrementTick  tasks.o
    0x080087bc   0x080087bc   0x00000080   Code   RO         4361    i.xTaskPriorityDisinherit  tasks.o
    0x0800883c   0x0800883c   0x00000070   Code   RO         4363    i.xTaskRemoveFromEventList  tasks.o
    0x080088ac   0x080088ac   0x000000c4   Code   RO         4364    i.xTaskResumeAll    tasks.o
    0x08008970   0x08008970   0x00000060   Code   RO         4993    i.xTimerCreateTimerTask  timers.o
    0x080089d0   0x080089d0   0x00000068   Code   RO         4994    i.xTimerGenericCommand  timers.o
    0x08008a38   0x08008a38   0x00000070   Code   RO          684    i.year_set          timeset.o
    0x08008aa8   0x08008aa8   0x0000002c   Code   RO         6479    locale$$code        c_w.l(lc_numeric_c.o)
    0x08008ad4   0x08008ad4   0x0000002c   Code   RO         6506    locale$$code        c_w.l(lc_ctype_c.o)
    0x08008b00   0x08008b00   0x00000062   Code   RO         6086    x$fpl$d2f           fz_ws.l(d2f.o)
    0x08008b62   0x08008b62   0x00000002   PAD
    0x08008b64   0x08008b64   0x00000150   Code   RO         6088    x$fpl$dadd          fz_ws.l(daddsub_clz.o)
    0x08008cb4   0x08008cb4   0x00000010   Code   RO         6493    x$fpl$dcheck1       fz_ws.l(dcheck1.o)
    0x08008cc4   0x08008cc4   0x00000018   Code   RO         6313    x$fpl$dcmpinf       fz_ws.l(dcmpi.o)
    0x08008cdc   0x08008cdc   0x000002b0   Code   RO         6095    x$fpl$ddiv          fz_ws.l(ddiv.o)
    0x08008f8c   0x08008f8c   0x0000005e   Code   RO         6098    x$fpl$dfix          fz_ws.l(dfix.o)
    0x08008fea   0x08008fea   0x00000002   PAD
    0x08008fec   0x08008fec   0x0000005a   Code   RO         6102    x$fpl$dfixu         fz_ws.l(dfixu.o)
    0x08009046   0x08009046   0x0000002e   Code   RO         6107    x$fpl$dflt          fz_ws.l(dflt_clz.o)
    0x08009074   0x08009074   0x00000026   Code   RO         6106    x$fpl$dfltu         fz_ws.l(dflt_clz.o)
    0x0800909a   0x0800909a   0x00000002   PAD
    0x0800909c   0x0800909c   0x00000078   Code   RO         6112    x$fpl$dleqf         fz_ws.l(dleqf.o)
    0x08009114   0x08009114   0x00000154   Code   RO         6114    x$fpl$dmul          fz_ws.l(dmul.o)
    0x08009268   0x08009268   0x0000009c   Code   RO         6315    x$fpl$dnaninf       fz_ws.l(dnaninf.o)
    0x08009304   0x08009304   0x0000000c   Code   RO         6317    x$fpl$dretinf       fz_ws.l(dretinf.o)
    0x08009310   0x08009310   0x00000016   Code   RO         6089    x$fpl$drsb          fz_ws.l(daddsub_clz.o)
    0x08009326   0x08009326   0x00000002   PAD
    0x08009328   0x08009328   0x000001d4   Code   RO         6090    x$fpl$dsub          fz_ws.l(daddsub_clz.o)
    0x080094fc   0x080094fc   0x00000056   Code   RO         6118    x$fpl$f2d           fz_ws.l(f2d.o)
    0x08009552   0x08009552   0x00000002   PAD
    0x08009554   0x08009554   0x000000c4   Code   RO         6120    x$fpl$fadd          fz_ws.l(faddsub_clz.o)
    0x08009618   0x08009618   0x0000000c   Code   RO         6495    x$fpl$fcheck1       fz_ws.l(fcheck1.o)
    0x08009624   0x08009624   0x00000184   Code   RO         6127    x$fpl$fdiv          fz_ws.l(fdiv.o)
    0x080097a8   0x080097a8   0x00000036   Code   RO         6130    x$fpl$ffix          fz_ws.l(ffix.o)
    0x080097de   0x080097de   0x00000002   PAD
    0x080097e0   0x080097e0   0x00000030   Code   RO         6135    x$fpl$fflt          fz_ws.l(fflt_clz.o)
    0x08009810   0x08009810   0x00000026   Code   RO         6134    x$fpl$ffltu         fz_ws.l(fflt_clz.o)
    0x08009836   0x08009836   0x00000002   PAD
    0x08009838   0x08009838   0x00000102   Code   RO         6140    x$fpl$fmul          fz_ws.l(fmul.o)
    0x0800993a   0x0800993a   0x0000008c   Code   RO         6321    x$fpl$fnaninf       fz_ws.l(fnaninf.o)
    0x080099c6   0x080099c6   0x0000000a   Code   RO         6323    x$fpl$fretinf       fz_ws.l(fretinf.o)
    0x080099d0   0x080099d0   0x00000014   Code   RO         6121    x$fpl$frsb          fz_ws.l(faddsub_clz.o)
    0x080099e4   0x080099e4   0x000000ea   Code   RO         6122    x$fpl$fsub          fz_ws.l(faddsub_clz.o)
    0x08009ace   0x08009ace   0x00000004   Code   RO         6325    x$fpl$printf1       fz_ws.l(printf1.o)
    0x08009ad2   0x08009ad2   0x00000004   Code   RO         6327    x$fpl$printf2       fz_ws.l(printf2.o)
    0x08009ad6   0x08009ad6   0x00000064   Code   RO         6512    x$fpl$retnan        fz_ws.l(retnan.o)
    0x08009b3a   0x08009b3a   0x0000005c   Code   RO         6431    x$fpl$scalbn        fz_ws.l(scalbn.o)
    0x08009b96   0x08009b96   0x0000004c   Code   RO         6433    x$fpl$scalbnf       fz_ws.l(scalbnf.o)
    0x08009be2   0x08009be2   0x00000030   Code   RO         6530    x$fpl$trapveneer    fz_ws.l(trapv.o)
    0x08009c12   0x08009c12   0x00000000   Code   RO         6333    x$fpl$usenofp       fz_ws.l(usenofp.o)
    0x08009c12   0x08009c12   0x000005f0   Data   RO          540    .constdata          oled_data.o
    0x0800a202   0x0800a202   0x0000023a   Data   RO          541    .constdata          oled_data.o
    0x0800a43c   0x0800a43c   0x00000d5c   Data   RO          542    .constdata          oled_data.o
    0x0800b198   0x0800b198   0x0000041a   Data   RO          543    .constdata          oled_data.o
    0x0800b5b2   0x0800b5b2   0x00000020   Data   RO          545    .constdata          oled_data.o
    0x0800b5d2   0x0800b5d2   0x00000400   Data   RO          546    .constdata          oled_data.o
    0x0800b9d2   0x0800b9d2   0x00000108   Data   RO          547    .constdata          oled_data.o
    0x0800bada   0x0800bada   0x00000100   Data   RO          548    .constdata          oled_data.o
    0x0800bbda   0x0800bbda   0x00000090   Data   RO          549    .constdata          oled_data.o
    0x0800bc6a   0x0800bc6a   0x00000090   Data   RO          551    .constdata          oled_data.o
    0x0800bcfa   0x0800bcfa   0x00000040   Data   RO          552    .constdata          oled_data.o
    0x0800bd3a   0x0800bd3a   0x0000003c   Data   RO          553    .constdata          oled_data.o
    0x0800bd76   0x0800bd76   0x00000020   Data   RO          554    .constdata          oled_data.o
    0x0800bd96   0x0800bd96   0x00000002   PAD
    0x0800bd98   0x0800bd98   0x00000024   Data   RO          948    .constdata          main.o
    0x0800bdbc   0x0800bdbc   0x00000012   Data   RO         1800    .constdata          stm32f1xx_hal_rcc.o
    0x0800bdce   0x0800bdce   0x00000012   Data   RO         1892    .constdata          stm32f1xx_hal_rcc_ex.o
    0x0800bde0   0x0800bde0   0x00000010   Data   RO         4273    .constdata          system_stm32f1xx.o
    0x0800bdf0   0x0800bdf0   0x00000008   Data   RO         4274    .constdata          system_stm32f1xx.o
    0x0800bdf8   0x0800bdf8   0x00000008   Data   RO         6190    .constdata          c_w.l(_printf_wctomb.o)
    0x0800be00   0x0800be00   0x00000028   Data   RO         6219    .constdata          c_w.l(_printf_hex_int_ll_ptr.o)
    0x0800be28   0x0800be28   0x00000011   Data   RO         6239    .constdata          c_w.l(__printf_flags_ss_wp.o)
    0x0800be39   0x0800be39   0x00000007   PAD
    0x0800be40   0x0800be40   0x00000030   Data   RO         6345    .constdata          m_ws.l(cos_i.o)
    0x0800be70   0x0800be70   0x000000c8   Data   RO         6380    .constdata          m_ws.l(rred.o)
    0x0800bf38   0x0800bf38   0x00000028   Data   RO         6384    .constdata          m_ws.l(sin_i.o)
    0x0800bf60   0x0800bf60   0x00000026   Data   RO         6416    .constdata          c_w.l(_printf_fp_hex.o)
    0x0800bf86   0x0800bf86   0x00000002   PAD
    0x0800bf88   0x0800bf88   0x00000094   Data   RO         6454    .constdata          c_w.l(bigflt0.o)
    0x0800c01c   0x0800c01c   0x0000000c   Data   RO          949    .conststring        main.o
    0x0800c028   0x0800c028   0x00000020   Data   RO         6577    Region$$Table       anon$$obj.o
    0x0800c048   0x0800c048   0x0000001c   Data   RO         6478    locale$$data        c_w.l(lc_numeric_c.o)
    0x0800c064   0x0800c064   0x00000110   Data   RO         6505    locale$$data        c_w.l(lc_ctype_c.o)


    Execution Region RW_IRAM1 (Exec base: 0x20000000, Load base: 0x0800c174, Size: 0x00003298, Max: 0x00005000, ABSOLUTE, COMPRESSED[0x00000048])

    Exec Addr    Load Addr    Size         Type   Attr      Idx    E Section Name        Object

    0x20000000   COMPRESSED   0x00000008   Data   RW          375    .data               mpu6050.o
    0x20000008   COMPRESSED   0x00000028   Data   RW          500    .data               key.o
    0x20000030   COMPRESSED   0x00000019   Data   RW          579    .data               menu.o
    0x20000049   COMPRESSED   0x00000003   PAD
    0x2000004c   COMPRESSED   0x0000000c   Data   RW          685    .data               timeset.o
    0x20000058   COMPRESSED   0x00000060   Data   RW          782    .data               item.o
    0x200000b8   COMPRESSED   0x00000004   Data   RW          950    .data               main.o
    0x200000bc   COMPRESSED   0x0000000c   Data   RW         1637    .data               stm32f1xx_hal.o
    0x200000c8   COMPRESSED   0x00000004   Data   RW         4275    .data               system_stm32f1xx.o
    0x200000cc   COMPRESSED   0x0000003c   Data   RW         4367    .data               tasks.o
    0x20000108   COMPRESSED   0x00000014   Data   RW         5002    .data               timers.o
    0x2000011c   COMPRESSED   0x0000000c   Data   RW         5418    .data               port.o
    0x20000128   COMPRESSED   0x00000020   Data   RW         5494    .data               heap_4.o
    0x20000148   COMPRESSED   0x00000004   Data   RW         5621    .data               cmsis_os2.o
    0x2000014c        -       0x00000400   Zero   RW           48    .bss                oled.o
    0x2000054c        -       0x00000030   Zero   RW         1035    .bss                adc.o
    0x2000057c        -       0x000000a8   Zero   RW         1078    .bss                i2c.o
    0x20000624        -       0x00000014   Zero   RW         1125    .bss                rtc.o
    0x20000638        -       0x00000048   Zero   RW         1167    .bss                tim.o
    0x20000680        -       0x000004c4   Zero   RW         4366    .bss                tasks.o
    0x20000b44        -       0x00000040   Zero   RW         4738    .bss                queue.o
    0x20000b84        -       0x00000118   Zero   RW         5001    .bss                timers.o
    0x20000c9c        -       0x00001800   Zero   RW         5493    .bss                heap_4.o
    0x2000249c        -       0x000006b8   Zero   RW         5620    .bss                cmsis_os2.o
    0x20002b54        -       0x000000e4   Zero   RW         6065    .bss                c_w.l(rand.o)
    0x20002c38        -       0x00000060   Zero   RW         6440    .bss                c_w.l(libspace.o)
    0x20002c98        -       0x00000200   Zero   RW            2    HEAP                startup_stm32f103xb.o
    0x20002e98        -       0x00000400   Zero   RW            1    STACK               startup_stm32f103xb.o


==============================================================================

Image component sizes


      Code (inc. data)   RO Data    RW Data    ZI Data      Debug   Object Name

       168         22          0          0         48       1637   adc.o
       300         22          0          4       1720      58065   cmsis_os2.o
       180         14          0          0          0        935   gpio.o
       472         24          0         32       6144       4751   heap_4.o
       384         64          0          0        168       2878   i2c.o
      2820        314          0         96          0      14773   item.o
       220         16          0         40          0       3585   key.o
       138          0          0          0          0       3386   list.o
       342         36         48          4          0       4043   main.o
      1476        152          0         25          0       6858   menu.o
       600         32          0          8          0      16183   mpu6050.o
      2638         92          0          0       1024     461096   oled.o
         0          0       8580          0          0       1578   oled_data.o
       662         70          0         12          0      10709   port.o
      1514         20          0          0         64      20132   queue.o
       160         20          0          0         20       1575   rtc.o
        64         26        236          0       1536        804   startup_stm32f103xb.o
       128         24          0         12          0       5285   stm32f1xx_hal.o
       944         42          0          0          0       5396   stm32f1xx_hal_adc.o
       198         14          0          0          0      28927   stm32f1xx_hal_cortex.o
       780         60          0          0          0       4469   stm32f1xx_hal_gpio.o
      2432         56          0          0          0      13635   stm32f1xx_hal_i2c.o
        60          8          0          0          0        870   stm32f1xx_hal_msp.o
        12          4          0          0          0        511   stm32f1xx_hal_pwr.o
      1240         84         18          0          0       5100   stm32f1xx_hal_rcc.o
       400         28         18          0          0       2465   stm32f1xx_hal_rcc_ex.o
      1400         12          0          0          0      12680   stm32f1xx_hal_rtc.o
       936         24          0          0          0       9821   stm32f1xx_hal_tim.o
       108         12          0          0          0       2393   stm32f1xx_hal_tim_ex.o
        48          6          0          0          0       3509   stm32f1xx_it.o
         0          0          0          0          0        396   stream_buffer.o
         2          0         24          4          0       1107   system_stm32f1xx.o
      2084        168          0         60       1220      42640   tasks.o
       156         10          0          0         72       1654   tim.o
       972         80          0         20        280      32011   timers.o
      1296        166          0         12          0       6672   timeset.o

    ----------------------------------------------------------------------
     25390       1722       8958        332      12296     792529   Object Totals
         0          0         32          0          0          0   (incl. Generated)
        56          0          2          3          0          0   (incl. Padding)

    ----------------------------------------------------------------------

      Code (inc. data)   RO Data    RW Data    ZI Data      Debug   Library Member Name

        90          0          0          0          0          0   __dczerorl2.o
         8          0          0          0          0         68   __main.o
       392          4         17          0          0         92   __printf_flags_ss_wp.o
        14          0          0          0          0         68   __printf_wp.o
         0          0          0          0          0          0   __rtentry.o
        12          0          0          0          0          0   __rtentry2.o
         6          0          0          0          0          0   __rtentry4.o
        52          8          0          0          0          0   __scatter.o
        28          0          0          0          0          0   __scatter_zi.o
         6          0          0          0          0          0   _printf_a.o
         6          0          0          0          0          0   _printf_c.o
        44          0          0          0          0        108   _printf_char.o
        48          6          0          0          0         96   _printf_char_common.o
        40          0          0          0          0         68   _printf_charcount.o
         6          0          0          0          0          0   _printf_d.o
       120         16          0          0          0         92   _printf_dec.o
         6          0          0          0          0          0   _printf_e.o
         6          0          0          0          0          0   _printf_f.o
      1054          0          0          0          0        216   _printf_fp_dec.o
       764          8         38          0          0        100   _printf_fp_hex.o
       128         16          0          0          0         84   _printf_fp_infnan.o
         6          0          0          0          0          0   _printf_g.o
       148          4         40          0          0        160   _printf_hex_int_ll_ptr.o
         6          0          0          0          0          0   _printf_i.o
       178          0          0          0          0         88   _printf_intcommon.o
        10          0          0          0          0          0   _printf_l.o
         6          0          0          0          0          0   _printf_lc.o
        10          0          0          0          0          0   _printf_ll.o
         6          0          0          0          0          0   _printf_lld.o
         6          0          0          0          0          0   _printf_lli.o
         6          0          0          0          0          0   _printf_llo.o
         6          0          0          0          0          0   _printf_llu.o
         6          0          0          0          0          0   _printf_llx.o
       124         16          0          0          0         92   _printf_longlong_dec.o
         6          0          0          0          0          0   _printf_ls.o
         6          0          0          0          0          0   _printf_n.o
         6          0          0          0          0          0   _printf_o.o
       112         10          0          0          0        124   _printf_oct_int_ll.o
         6          0          0          0          0          0   _printf_p.o
        78          0          0          0          0        108   _printf_pad.o
         0          0          0          0          0          0   _printf_percent.o
         4          0          0          0          0          0   _printf_percent_end.o
         6          0          0          0          0          0   _printf_s.o
        82          0          0          0          0         80   _printf_str.o
        36          0          0          0          0         84   _printf_truncate.o
         6          0          0          0          0          0   _printf_u.o
        44          0          0          0          0        108   _printf_wchar.o
       188          6          8          0          0         92   _printf_wctomb.o
         6          0          0          0          0          0   _printf_x.o
        22          0          0          0          0        100   _rserrno.o
        16          0          0          0          0         68   _snputc.o
        10          0          0          0          0         68   _sputc.o
        64          0          0          0          0         92   _wcrtomb.o
        16          0          0          0          0         68   aeabi_memset.o
       228          4        148          0          0         96   bigflt0.o
      1936        128          0          0          0        672   btod.o
        18          0          0          0          0         80   exit.o
         6          0          0          0          0        152   heapauxi.o
         0          0          0          0          0          0   indicate_semi.o
        44         10        272          0          0         76   lc_ctype_c.o
        44         10         28          0          0         76   lc_numeric_c.o
         2          0          0          0          0          0   libinit.o
        34          0          0          0          0          0   libinit2.o
         2          0          0          0          0          0   libshutdown.o
         2          0          0          0          0          0   libshutdown2.o
         8          4          0          0         96         68   libspace.o
       138          0          0          0          0         80   lludiv10.o
       112         18          0          0        228        160   rand.o
        16          4          0          0          0         76   rt_ctype_table.o
         8          4          0          0          0         68   rt_errno_addr_intlibspace.o
         8          4          0          0          0         68   rt_locale_intlibspace.o
        68          0          0          0          0         68   rt_memclr.o
        78          0          0          0          0         80   rt_memclr_w.o
       138          0          0          0          0         68   rt_memcpy_v6.o
       100          0          0          0          0         80   rt_memcpy_w.o
         2          0          0          0          0          0   rtexit.o
        10          0          0          0          0          0   rtexit2.o
       128          0          0          0          0         68   strcmpv7m.o
        72          0          0          0          0         80   strcpy.o
        86          0          0          0          0         76   strncpy.o
        12          4          0          0          0         68   sys_exit.o
        74          0          0          0          0         80   sys_stackheap_outer.o
         2          0          0          0          0         68   use_no_semi.o
        52          4          0          0          0         80   vsnprintf.o
        98          4          0          0          0         92   d2f.o
       826         16          0          0          0        348   daddsub_clz.o
        16          4          0          0          0         68   dcheck1.o
        24          0          0          0          0         68   dcmpi.o
       688        140          0          0          0        208   ddiv.o
        94          4          0          0          0         92   dfix.o
        90          4          0          0          0         92   dfixu.o
        84          0          0          0          0        136   dflt_clz.o
       120          4          0          0          0         92   dleqf.o
       340         12          0          0          0        104   dmul.o
       156          4          0          0          0         92   dnaninf.o
        12          0          0          0          0         68   dretinf.o
        86          4          0          0          0         84   f2d.o
       450          8          0          0          0        236   faddsub_clz.o
        12          4          0          0          0         68   fcheck1.o
       388         76          0          0          0         96   fdiv.o
        54          4          0          0          0         84   ffix.o
        86          0          0          0          0        136   fflt_clz.o
       258          4          0          0          0         84   fmul.o
       140          4          0          0          0         84   fnaninf.o
        10          0          0          0          0         68   fretinf.o
         4          0          0          0          0         68   printf1.o
         4          0          0          0          0         68   printf2.o
       100          0          0          0          0         68   retnan.o
        92          0          0          0          0         68   scalbn.o
        76          0          0          0          0         68   scalbnf.o
        48          0          0          0          0         68   trapv.o
         0          0          0          0          0          0   usenofp.o
       604         76          0          0          0        116   atan2f.o
       252         22         48          0          0        124   cos_i.o
        34          6          0          0          0        204   dunder.o
        40          0          0          0          0         68   fpclassify.o
        38          0          0          0          0         68   fpclassifyf.o
        14          0          0          0          0        136   funder.o
       170          0          0          0          0         96   poly.o
       904         76        200          0          0        140   rred.o
       160         10          0          0          0        108   sin.o
       236         12         40          0          0        128   sin_i.o

    ----------------------------------------------------------------------
     14328        786        848          0        324       8808   Library Totals
        30          0          9          0          0          0   (incl. Padding)

    ----------------------------------------------------------------------

      Code (inc. data)   RO Data    RW Data    ZI Data      Debug   Library Name

      7490        288        551          0        324       4812   c_w.l
      4356        296          0          0          0       2808   fz_ws.l
      2452        202        288          0          0       1188   m_ws.l

    ----------------------------------------------------------------------
     14328        786        848          0        324       8808   Library Totals

    ----------------------------------------------------------------------

==============================================================================


      Code (inc. data)   RO Data    RW Data    ZI Data      Debug   

     39718       2508       9806        332      12620     784017   Grand Totals
     39718       2508       9806         72      12620     784017   ELF Image Totals (compressed)
     39718       2508       9806         72          0          0   ROM Totals

==============================================================================

    Total RO  Size (Code + RO Data)                49524 (  48.36kB)
    Total RW  Size (RW Data + ZI Data)             12952 (  12.65kB)
    Total ROM Size (Code + RO Data + RW Data)      49596 (  48.43kB)

==============================================================================

